Archive member included because of file (symbol)

/usr/lib/gcc/avr/4.3.5/avr51/libgcc.a(_exit.o)
                              /usr/lib/gcc/avr/4.3.5/../../../avr/lib/avr51/crtusb1287.o (exit)
/usr/lib/gcc/avr/4.3.5/avr51/libgcc.a(_clear_bss.o)
                              LEDNotifier.o (__do_clear_bss)
/usr/lib/gcc/avr/4.3.5/../../../avr/lib/avr51/libc.a(memcpy_P.o)
                              ../../LUFA/Drivers/USB/Class/Device/RNDIS.o (memcpy_P)
/usr/lib/gcc/avr/4.3.5/../../../avr/lib/avr51/libc.a(memcmp.o)
                              ../../LUFA/Drivers/USB/Class/Device/HID.o (memcmp)
/usr/lib/gcc/avr/4.3.5/../../../avr/lib/avr51/libc.a(memcpy.o)
                              ../../LUFA/Drivers/USB/Class/Device/HID.o (memcpy)
/usr/lib/gcc/avr/4.3.5/../../../avr/lib/avr51/libc.a(memset.o)
                              ../../LUFA/Drivers/USB/Class/Device/HID.o (memset)
/usr/lib/gcc/avr/4.3.5/../../../avr/lib/avr51/libc.a(fgetc.o)
                              LEDNotifier.o (fgetc)
/usr/lib/gcc/avr/4.3.5/../../../avr/lib/avr51/libc.a(eerd_byte_at90usb1287.o)
                              ../../LUFA/Drivers/USB/Core/AVR8/EndpointStream_AVR8.o (__eerd_byte_usb1287)
/usr/lib/gcc/avr/4.3.5/../../../avr/lib/avr51/libc.a(eeupd_byte_at90usb1287.o)
                              ../../LUFA/Drivers/USB/Core/AVR8/EndpointStream_AVR8.o (__eeupd_byte_usb1287)

Allocating common symbols
Common symbol       size              file

USB_IsInitialized   0x1               ../../LUFA/Drivers/USB/Core/USBTask.o
USB_Device_ConfigurationNumber
                    0x1               ../../LUFA/Drivers/USB/Core/DeviceStandardReq.o
USB_Device_CurrentlySelfPowered
                    0x1               ../../LUFA/Drivers/USB/Core/DeviceStandardReq.o
USB_ControlRequest  0x8               ../../LUFA/Drivers/USB/Core/USBTask.o
USB_Device_RemoteWakeupEnabled
                    0x1               ../../LUFA/Drivers/USB/Core/DeviceStandardReq.o

Discarded input sections

 .data          0x00000000        0x0 /usr/lib/gcc/avr/4.3.5/../../../avr/lib/avr51/crtusb1287.o
 .bss           0x00000000        0x0 /usr/lib/gcc/avr/4.3.5/../../../avr/lib/avr51/crtusb1287.o
 .text          0x00000000        0x0 LEDNotifier.o
 .text          0x00000000        0x0 Descriptors.o
 .data          0x00000000        0x0 Descriptors.o
 .bss           0x00000000        0x0 Descriptors.o
 .text          0x00000000        0x0 ../../LUFA/Drivers/USB/Core/AVR8/Device_AVR8.o
 .data          0x00000000        0x0 ../../LUFA/Drivers/USB/Core/AVR8/Device_AVR8.o
 .bss           0x00000000        0x0 ../../LUFA/Drivers/USB/Core/AVR8/Device_AVR8.o
 .text.USB_Device_SendRemoteWakeup
                0x00000000       0x2c ../../LUFA/Drivers/USB/Core/AVR8/Device_AVR8.o
 .text          0x00000000        0x0 ../../LUFA/Drivers/USB/Core/AVR8/Endpoint_AVR8.o
 .data          0x00000000        0x0 ../../LUFA/Drivers/USB/Core/AVR8/Endpoint_AVR8.o
 .bss           0x00000000        0x0 ../../LUFA/Drivers/USB/Core/AVR8/Endpoint_AVR8.o
 .text.Endpoint_ClearEndpoints
                0x00000000       0x28 ../../LUFA/Drivers/USB/Core/AVR8/Endpoint_AVR8.o
 .text          0x00000000        0x0 ../../LUFA/Drivers/USB/Core/AVR8/Host_AVR8.o
 .data          0x00000000        0x0 ../../LUFA/Drivers/USB/Core/AVR8/Host_AVR8.o
 .bss           0x00000000        0x0 ../../LUFA/Drivers/USB/Core/AVR8/Host_AVR8.o
 .text          0x00000000        0x0 ../../LUFA/Drivers/USB/Core/AVR8/Pipe_AVR8.o
 .data          0x00000000        0x0 ../../LUFA/Drivers/USB/Core/AVR8/Pipe_AVR8.o
 .bss           0x00000000        0x0 ../../LUFA/Drivers/USB/Core/AVR8/Pipe_AVR8.o
 .text          0x00000000        0x0 ../../LUFA/Drivers/USB/Core/AVR8/USBController_AVR8.o
 .data          0x00000000        0x0 ../../LUFA/Drivers/USB/Core/AVR8/USBController_AVR8.o
 .bss           0x00000000        0x0 ../../LUFA/Drivers/USB/Core/AVR8/USBController_AVR8.o
 .text.USB_Disable
                0x00000000       0x34 ../../LUFA/Drivers/USB/Core/AVR8/USBController_AVR8.o
 .text          0x00000000        0x0 ../../LUFA/Drivers/USB/Core/AVR8/USBInterrupt_AVR8.o
 .data          0x00000000        0x0 ../../LUFA/Drivers/USB/Core/AVR8/USBInterrupt_AVR8.o
 .bss           0x00000000        0x0 ../../LUFA/Drivers/USB/Core/AVR8/USBInterrupt_AVR8.o
 .text          0x00000000        0x0 ../../LUFA/Drivers/USB/Core/AVR8/EndpointStream_AVR8.o
 .data          0x00000000        0x0 ../../LUFA/Drivers/USB/Core/AVR8/EndpointStream_AVR8.o
 .bss           0x00000000        0x0 ../../LUFA/Drivers/USB/Core/AVR8/EndpointStream_AVR8.o
 .text.Endpoint_Write_Control_Stream_BE
                0x00000000       0xc0 ../../LUFA/Drivers/USB/Core/AVR8/EndpointStream_AVR8.o
 .text.Endpoint_Read_Control_Stream_BE
                0x00000000       0x8e ../../LUFA/Drivers/USB/Core/AVR8/EndpointStream_AVR8.o
 .text.Endpoint_Write_Control_PStream_BE
                0x00000000       0xc4 ../../LUFA/Drivers/USB/Core/AVR8/EndpointStream_AVR8.o
 .text.Endpoint_Read_Control_EStream_BE
                0x00000000       0xa2 ../../LUFA/Drivers/USB/Core/AVR8/EndpointStream_AVR8.o
 .text.Endpoint_Read_Control_EStream_LE
                0x00000000       0x94 ../../LUFA/Drivers/USB/Core/AVR8/EndpointStream_AVR8.o
 .text.Endpoint_Write_Control_EStream_BE
                0x00000000       0xe4 ../../LUFA/Drivers/USB/Core/AVR8/EndpointStream_AVR8.o
 .text.Endpoint_Write_Control_EStream_LE
                0x00000000       0xda ../../LUFA/Drivers/USB/Core/AVR8/EndpointStream_AVR8.o
 .text.Endpoint_Null_Stream
                0x00000000       0x88 ../../LUFA/Drivers/USB/Core/AVR8/EndpointStream_AVR8.o
 .text.Endpoint_Discard_Stream
                0x00000000       0x88 ../../LUFA/Drivers/USB/Core/AVR8/EndpointStream_AVR8.o
 .text.Endpoint_Read_EStream_BE
                0x00000000       0xac ../../LUFA/Drivers/USB/Core/AVR8/EndpointStream_AVR8.o
 .text.Endpoint_Read_EStream_LE
                0x00000000       0xb0 ../../LUFA/Drivers/USB/Core/AVR8/EndpointStream_AVR8.o
 .text.Endpoint_Write_EStream_BE
                0x00000000       0xac ../../LUFA/Drivers/USB/Core/AVR8/EndpointStream_AVR8.o
 .text.Endpoint_Write_EStream_LE
                0x00000000       0xb0 ../../LUFA/Drivers/USB/Core/AVR8/EndpointStream_AVR8.o
 .text.Endpoint_Write_PStream_BE
                0x00000000       0xaa ../../LUFA/Drivers/USB/Core/AVR8/EndpointStream_AVR8.o
 .text.Endpoint_Write_PStream_LE
                0x00000000       0xae ../../LUFA/Drivers/USB/Core/AVR8/EndpointStream_AVR8.o
 .text.Endpoint_Read_Stream_BE
                0x00000000       0xaa ../../LUFA/Drivers/USB/Core/AVR8/EndpointStream_AVR8.o
 .text.Endpoint_Read_Stream_LE
                0x00000000       0xaa ../../LUFA/Drivers/USB/Core/AVR8/EndpointStream_AVR8.o
 .text.Endpoint_Write_Stream_BE
                0x00000000       0xaa ../../LUFA/Drivers/USB/Core/AVR8/EndpointStream_AVR8.o
 .text.Endpoint_Write_Stream_LE
                0x00000000       0xaa ../../LUFA/Drivers/USB/Core/AVR8/EndpointStream_AVR8.o
 .text          0x00000000        0x0 ../../LUFA/Drivers/USB/Core/AVR8/PipeStream_AVR8.o
 .data          0x00000000        0x0 ../../LUFA/Drivers/USB/Core/AVR8/PipeStream_AVR8.o
 .bss           0x00000000        0x0 ../../LUFA/Drivers/USB/Core/AVR8/PipeStream_AVR8.o
 .text          0x00000000        0x0 ../../LUFA/Drivers/USB/Core/ConfigDescriptor.o
 .data          0x00000000        0x0 ../../LUFA/Drivers/USB/Core/ConfigDescriptor.o
 .bss           0x00000000        0x0 ../../LUFA/Drivers/USB/Core/ConfigDescriptor.o
 .text.USB_GetNextDescriptorOfType
                0x00000000       0x4e ../../LUFA/Drivers/USB/Core/ConfigDescriptor.o
 .text.USB_GetNextDescriptorOfTypeBefore
                0x00000000       0x58 ../../LUFA/Drivers/USB/Core/ConfigDescriptor.o
 .text.USB_GetNextDescriptorOfTypeAfter
                0x00000000       0x34 ../../LUFA/Drivers/USB/Core/ConfigDescriptor.o
 .text.USB_GetNextDescriptorComp
                0x00000000       0x88 ../../LUFA/Drivers/USB/Core/ConfigDescriptor.o
 .text          0x00000000        0x0 ../../LUFA/Drivers/USB/Core/DeviceStandardReq.o
 .data          0x00000000        0x0 ../../LUFA/Drivers/USB/Core/DeviceStandardReq.o
 .bss           0x00000000        0x0 ../../LUFA/Drivers/USB/Core/DeviceStandardReq.o
 .text          0x00000000        0x0 ../../LUFA/Drivers/USB/Core/Events.o
 .data          0x00000000        0x0 ../../LUFA/Drivers/USB/Core/Events.o
 .bss           0x00000000        0x0 ../../LUFA/Drivers/USB/Core/Events.o
 .text          0x00000000        0x0 ../../LUFA/Drivers/USB/Core/HostStandardReq.o
 .data          0x00000000        0x0 ../../LUFA/Drivers/USB/Core/HostStandardReq.o
 .bss           0x00000000        0x0 ../../LUFA/Drivers/USB/Core/HostStandardReq.o
 .text          0x00000000        0x0 ../../LUFA/Drivers/USB/Core/USBTask.o
 .data          0x00000000        0x0 ../../LUFA/Drivers/USB/Core/USBTask.o
 .bss           0x00000000        0x0 ../../LUFA/Drivers/USB/Core/USBTask.o
 .text          0x00000000        0x0 ../../LUFA/Drivers/USB/Class/Common/HIDParser.o
 .data          0x00000000        0x0 ../../LUFA/Drivers/USB/Class/Common/HIDParser.o
 .bss           0x00000000        0x0 ../../LUFA/Drivers/USB/Class/Common/HIDParser.o
 .text.USB_GetHIDReportItemInfo
                0x00000000       0xc4 ../../LUFA/Drivers/USB/Class/Common/HIDParser.o
 .text.USB_SetHIDReportItemInfo
                0x00000000       0xd0 ../../LUFA/Drivers/USB/Class/Common/HIDParser.o
 .text.USB_GetHIDReportSize
                0x00000000       0x56 ../../LUFA/Drivers/USB/Class/Common/HIDParser.o
 .text.USB_ProcessHIDReport
                0x00000000      0x7f0 ../../LUFA/Drivers/USB/Class/Common/HIDParser.o
 .text          0x00000000        0x0 ../../LUFA/Drivers/USB/Class/Device/Audio.o
 .data          0x00000000        0x0 ../../LUFA/Drivers/USB/Class/Device/Audio.o
 .bss           0x00000000        0x0 ../../LUFA/Drivers/USB/Class/Device/Audio.o
 .text.Audio_Device_Event_Stub
                0x00000000        0x2 ../../LUFA/Drivers/USB/Class/Device/Audio.o
 .text.Audio_Device_ConfigureEndpoints
                0x00000000       0x62 ../../LUFA/Drivers/USB/Class/Device/Audio.o
 .text.Audio_Device_ProcessControlRequest
                0x00000000      0x276 ../../LUFA/Drivers/USB/Class/Device/Audio.o
 .text          0x00000000        0x0 ../../LUFA/Drivers/USB/Class/Device/CDC.o
 .data          0x00000000        0x8 ../../LUFA/Drivers/USB/Class/Device/CDC.o
 .bss           0x00000000        0x0 ../../LUFA/Drivers/USB/Class/Device/CDC.o
 .text.CDC_Device_BytesReceived
                0x00000000       0x50 ../../LUFA/Drivers/USB/Class/Device/CDC.o
 .text.CDC_Device_CreateStream
                0x00000000       0x26 ../../LUFA/Drivers/USB/Class/Device/CDC.o
 .text.CDC_Device_getchar
                0x00000000       0x18 ../../LUFA/Drivers/USB/Class/Device/CDC.o
 .text.CDC_Device_SendControlLineStateChange
                0x00000000       0x8a ../../LUFA/Drivers/USB/Class/Device/CDC.o
 .text.CDC_Device_SendData
                0x00000000       0x30 ../../LUFA/Drivers/USB/Class/Device/CDC.o
 .text.CDC_Device_SendString
                0x00000000       0x3e ../../LUFA/Drivers/USB/Class/Device/CDC.o
 .text          0x00000000        0x0 ../../LUFA/Drivers/USB/Class/Device/HID.o
 .data          0x00000000        0x0 ../../LUFA/Drivers/USB/Class/Device/HID.o
 .bss           0x00000000        0x0 ../../LUFA/Drivers/USB/Class/Device/HID.o
 .text.HID_Device_USBTask
                0x00000000      0x17c ../../LUFA/Drivers/USB/Class/Device/HID.o
 .text.HID_Device_ConfigureEndpoints
                0x00000000       0x72 ../../LUFA/Drivers/USB/Class/Device/HID.o
 .text.HID_Device_ProcessControlRequest
                0x00000000      0x286 ../../LUFA/Drivers/USB/Class/Device/HID.o
 .text          0x00000000        0x0 ../../LUFA/Drivers/USB/Class/Device/MassStorage.o
 .data          0x00000000        0x0 ../../LUFA/Drivers/USB/Class/Device/MassStorage.o
 .bss           0x00000000        0x0 ../../LUFA/Drivers/USB/Class/Device/MassStorage.o
 .text.MS_Device_USBTask
                0x00000000      0x25e ../../LUFA/Drivers/USB/Class/Device/MassStorage.o
 .text.MS_Device_ConfigureEndpoints
                0x00000000       0x7e ../../LUFA/Drivers/USB/Class/Device/MassStorage.o
 .text.MS_Device_ProcessControlRequest
                0x00000000       0x76 ../../LUFA/Drivers/USB/Class/Device/MassStorage.o
 .text          0x00000000        0x0 ../../LUFA/Drivers/USB/Class/Device/MIDI.o
 .data          0x00000000        0x0 ../../LUFA/Drivers/USB/Class/Device/MIDI.o
 .bss           0x00000000        0x0 ../../LUFA/Drivers/USB/Class/Device/MIDI.o
 .text.MIDI_Device_ReceiveEventPacket
                0x00000000       0x3e ../../LUFA/Drivers/USB/Class/Device/MIDI.o
 .text.MIDI_Device_Flush
                0x00000000       0x32 ../../LUFA/Drivers/USB/Class/Device/MIDI.o
 .text.MIDI_Device_USBTask
                0x00000000       0x10 ../../LUFA/Drivers/USB/Class/Device/MIDI.o
 .text.MIDI_Device_SendEventPacket
                0x00000000       0x3c ../../LUFA/Drivers/USB/Class/Device/MIDI.o
 .text.MIDI_Device_ConfigureEndpoints
                0x00000000       0x70 ../../LUFA/Drivers/USB/Class/Device/MIDI.o
 .text          0x00000000        0x0 ../../LUFA/Drivers/USB/Class/Device/RNDIS.o
 .data          0x00000000        0x8 ../../LUFA/Drivers/USB/Class/Device/RNDIS.o
 .bss           0x00000000        0x0 ../../LUFA/Drivers/USB/Class/Device/RNDIS.o
 .text.RNDIS_Device_IsPacketReceived
                0x00000000       0x32 ../../LUFA/Drivers/USB/Class/Device/RNDIS.o
 .text.RNDIS_Device_SendPacket
                0x00000000       0xe6 ../../LUFA/Drivers/USB/Class/Device/RNDIS.o
 .text.RNDIS_Device_USBTask
                0x00000000       0x8a ../../LUFA/Drivers/USB/Class/Device/RNDIS.o
 .text.RNDIS_Device_ReadPacket
                0x00000000       0xbc ../../LUFA/Drivers/USB/Class/Device/RNDIS.o
 .text.RNDIS_Device_ConfigureEndpoints
                0x00000000       0xa2 ../../LUFA/Drivers/USB/Class/Device/RNDIS.o
 .text.RNDIS_Device_ProcessControlRequest
                0x00000000      0x598 ../../LUFA/Drivers/USB/Class/Device/RNDIS.o
 .progmem.data  0x00000000       0x6c ../../LUFA/Drivers/USB/Class/Device/RNDIS.o
 .text          0x00000000        0x0 ../../LUFA/Drivers/USB/Class/Host/Audio.o
 .data          0x00000000        0x0 ../../LUFA/Drivers/USB/Class/Host/Audio.o
 .bss           0x00000000        0x0 ../../LUFA/Drivers/USB/Class/Host/Audio.o
 .text          0x00000000        0x0 ../../LUFA/Drivers/USB/Class/Host/CDC.o
 .data          0x00000000        0x0 ../../LUFA/Drivers/USB/Class/Host/CDC.o
 .bss           0x00000000        0x0 ../../LUFA/Drivers/USB/Class/Host/CDC.o
 .text          0x00000000        0x0 ../../LUFA/Drivers/USB/Class/Host/HID.o
 .data          0x00000000        0x0 ../../LUFA/Drivers/USB/Class/Host/HID.o
 .bss           0x00000000        0x0 ../../LUFA/Drivers/USB/Class/Host/HID.o
 .text          0x00000000        0x0 ../../LUFA/Drivers/USB/Class/Host/MassStorage.o
 .data          0x00000000        0x0 ../../LUFA/Drivers/USB/Class/Host/MassStorage.o
 .bss           0x00000000        0x0 ../../LUFA/Drivers/USB/Class/Host/MassStorage.o
 .text          0x00000000        0x0 ../../LUFA/Drivers/USB/Class/Host/MIDI.o
 .data          0x00000000        0x0 ../../LUFA/Drivers/USB/Class/Host/MIDI.o
 .bss           0x00000000        0x0 ../../LUFA/Drivers/USB/Class/Host/MIDI.o
 .text          0x00000000        0x0 ../../LUFA/Drivers/USB/Class/Host/Printer.o
 .data          0x00000000        0x0 ../../LUFA/Drivers/USB/Class/Host/Printer.o
 .bss           0x00000000        0x0 ../../LUFA/Drivers/USB/Class/Host/Printer.o
 .text          0x00000000        0x0 ../../LUFA/Drivers/USB/Class/Host/RNDIS.o
 .data          0x00000000        0x0 ../../LUFA/Drivers/USB/Class/Host/RNDIS.o
 .bss           0x00000000        0x0 ../../LUFA/Drivers/USB/Class/Host/RNDIS.o
 .text          0x00000000        0x0 ../../LUFA/Drivers/USB/Class/Host/StillImage.o
 .data          0x00000000        0x0 ../../LUFA/Drivers/USB/Class/Host/StillImage.o
 .bss           0x00000000        0x0 ../../LUFA/Drivers/USB/Class/Host/StillImage.o
 .text          0x00000000        0x0 /usr/lib/gcc/avr/4.3.5/avr51/libgcc.a(_exit.o)
 .data          0x00000000        0x0 /usr/lib/gcc/avr/4.3.5/avr51/libgcc.a(_exit.o)
 .bss           0x00000000        0x0 /usr/lib/gcc/avr/4.3.5/avr51/libgcc.a(_exit.o)
 .text.libgcc   0x00000000        0x0 /usr/lib/gcc/avr/4.3.5/avr51/libgcc.a(_exit.o)
 .text          0x00000000        0x0 /usr/lib/gcc/avr/4.3.5/avr51/libgcc.a(_clear_bss.o)
 .data          0x00000000        0x0 /usr/lib/gcc/avr/4.3.5/avr51/libgcc.a(_clear_bss.o)
 .bss           0x00000000        0x0 /usr/lib/gcc/avr/4.3.5/avr51/libgcc.a(_clear_bss.o)
 .text.libgcc   0x00000000        0x0 /usr/lib/gcc/avr/4.3.5/avr51/libgcc.a(_clear_bss.o)
 .text          0x00000000        0x0 /usr/lib/gcc/avr/4.3.5/../../../avr/lib/avr51/libc.a(memcpy_P.o)
 .data          0x00000000        0x0 /usr/lib/gcc/avr/4.3.5/../../../avr/lib/avr51/libc.a(memcpy_P.o)
 .bss           0x00000000        0x0 /usr/lib/gcc/avr/4.3.5/../../../avr/lib/avr51/libc.a(memcpy_P.o)
 .text.avr-libc
                0x00000000       0x12 /usr/lib/gcc/avr/4.3.5/../../../avr/lib/avr51/libc.a(memcpy_P.o)
 .text          0x00000000        0x0 /usr/lib/gcc/avr/4.3.5/../../../avr/lib/avr51/libc.a(memcmp.o)
 .data          0x00000000        0x0 /usr/lib/gcc/avr/4.3.5/../../../avr/lib/avr51/libc.a(memcmp.o)
 .bss           0x00000000        0x0 /usr/lib/gcc/avr/4.3.5/../../../avr/lib/avr51/libc.a(memcmp.o)
 .text.avr-libc
                0x00000000       0x1a /usr/lib/gcc/avr/4.3.5/../../../avr/lib/avr51/libc.a(memcmp.o)
 .text          0x00000000        0x0 /usr/lib/gcc/avr/4.3.5/../../../avr/lib/avr51/libc.a(memcpy.o)
 .data          0x00000000        0x0 /usr/lib/gcc/avr/4.3.5/../../../avr/lib/avr51/libc.a(memcpy.o)
 .bss           0x00000000        0x0 /usr/lib/gcc/avr/4.3.5/../../../avr/lib/avr51/libc.a(memcpy.o)
 .text.avr-libc
                0x00000000       0x12 /usr/lib/gcc/avr/4.3.5/../../../avr/lib/avr51/libc.a(memcpy.o)
 .text          0x00000000        0x0 /usr/lib/gcc/avr/4.3.5/../../../avr/lib/avr51/libc.a(memset.o)
 .data          0x00000000        0x0 /usr/lib/gcc/avr/4.3.5/../../../avr/lib/avr51/libc.a(memset.o)
 .bss           0x00000000        0x0 /usr/lib/gcc/avr/4.3.5/../../../avr/lib/avr51/libc.a(memset.o)
 .text.avr-libc
                0x00000000        0xe /usr/lib/gcc/avr/4.3.5/../../../avr/lib/avr51/libc.a(memset.o)
 .text          0x00000000        0x0 /usr/lib/gcc/avr/4.3.5/../../../avr/lib/avr51/libc.a(fgetc.o)
 .data          0x00000000        0x0 /usr/lib/gcc/avr/4.3.5/../../../avr/lib/avr51/libc.a(fgetc.o)
 .bss           0x00000000        0x0 /usr/lib/gcc/avr/4.3.5/../../../avr/lib/avr51/libc.a(fgetc.o)
 .text          0x00000000        0x0 /usr/lib/gcc/avr/4.3.5/../../../avr/lib/avr51/libc.a(eerd_byte_at90usb1287.o)
 .data          0x00000000        0x0 /usr/lib/gcc/avr/4.3.5/../../../avr/lib/avr51/libc.a(eerd_byte_at90usb1287.o)
 .bss           0x00000000        0x0 /usr/lib/gcc/avr/4.3.5/../../../avr/lib/avr51/libc.a(eerd_byte_at90usb1287.o)
 .text.avr-libc
                0x00000000       0x10 /usr/lib/gcc/avr/4.3.5/../../../avr/lib/avr51/libc.a(eerd_byte_at90usb1287.o)
 .text          0x00000000        0x0 /usr/lib/gcc/avr/4.3.5/../../../avr/lib/avr51/libc.a(eeupd_byte_at90usb1287.o)
 .data          0x00000000        0x0 /usr/lib/gcc/avr/4.3.5/../../../avr/lib/avr51/libc.a(eeupd_byte_at90usb1287.o)
 .bss           0x00000000        0x0 /usr/lib/gcc/avr/4.3.5/../../../avr/lib/avr51/libc.a(eeupd_byte_at90usb1287.o)
 .text.avr-libc
                0x00000000       0x24 /usr/lib/gcc/avr/4.3.5/../../../avr/lib/avr51/libc.a(eeupd_byte_at90usb1287.o)

Memory Configuration

Name             Origin             Length             Attributes
text             0x00000000         0x00020000         xr
data             0x00800060         0x0000ffa0         rw !x
eeprom           0x00810000         0x00010000         rw !x
fuse             0x00820000         0x00000400         rw !x
lock             0x00830000         0x00000400         rw !x
signature        0x00840000         0x00000400         rw !x
*default*        0x00000000         0xffffffff

Linker script and memory map

Address of section .data set to 0x800100
LOAD /usr/lib/gcc/avr/4.3.5/../../../avr/lib/avr51/crtusb1287.o
LOAD LEDNotifier.o
LOAD Descriptors.o
LOAD ../../LUFA/Drivers/USB/Core/AVR8/Device_AVR8.o
LOAD ../../LUFA/Drivers/USB/Core/AVR8/Endpoint_AVR8.o
LOAD ../../LUFA/Drivers/USB/Core/AVR8/Host_AVR8.o
LOAD ../../LUFA/Drivers/USB/Core/AVR8/Pipe_AVR8.o
LOAD ../../LUFA/Drivers/USB/Core/AVR8/USBController_AVR8.o
LOAD ../../LUFA/Drivers/USB/Core/AVR8/USBInterrupt_AVR8.o
LOAD ../../LUFA/Drivers/USB/Core/AVR8/EndpointStream_AVR8.o
LOAD ../../LUFA/Drivers/USB/Core/AVR8/PipeStream_AVR8.o
LOAD ../../LUFA/Drivers/USB/Core/ConfigDescriptor.o
LOAD ../../LUFA/Drivers/USB/Core/DeviceStandardReq.o
LOAD ../../LUFA/Drivers/USB/Core/Events.o
LOAD ../../LUFA/Drivers/USB/Core/HostStandardReq.o
LOAD ../../LUFA/Drivers/USB/Core/USBTask.o
LOAD ../../LUFA/Drivers/USB/Class/Common/HIDParser.o
LOAD ../../LUFA/Drivers/USB/Class/Device/Audio.o
LOAD ../../LUFA/Drivers/USB/Class/Device/CDC.o
LOAD ../../LUFA/Drivers/USB/Class/Device/HID.o
LOAD ../../LUFA/Drivers/USB/Class/Device/MassStorage.o
LOAD ../../LUFA/Drivers/USB/Class/Device/MIDI.o
LOAD ../../LUFA/Drivers/USB/Class/Device/RNDIS.o
LOAD ../../LUFA/Drivers/USB/Class/Host/Audio.o
LOAD ../../LUFA/Drivers/USB/Class/Host/CDC.o
LOAD ../../LUFA/Drivers/USB/Class/Host/HID.o
LOAD ../../LUFA/Drivers/USB/Class/Host/MassStorage.o
LOAD ../../LUFA/Drivers/USB/Class/Host/MIDI.o
LOAD ../../LUFA/Drivers/USB/Class/Host/Printer.o
LOAD ../../LUFA/Drivers/USB/Class/Host/RNDIS.o
LOAD ../../LUFA/Drivers/USB/Class/Host/StillImage.o
LOAD /usr/lib/gcc/avr/4.3.5/../../../avr/lib/avr51/libm.a
LOAD /usr/lib/gcc/avr/4.3.5/avr51/libgcc.a
LOAD /usr/lib/gcc/avr/4.3.5/../../../avr/lib/avr51/libc.a
LOAD /usr/lib/gcc/avr/4.3.5/avr51/libgcc.a

.hash
 *(.hash)

.dynsym
 *(.dynsym)

.dynstr
 *(.dynstr)

.gnu.version
 *(.gnu.version)

.gnu.version_d
 *(.gnu.version_d)

.gnu.version_r
 *(.gnu.version_r)

.rel.init
 *(.rel.init)

.rela.init
 *(.rela.init)

.rel.text
 *(.rel.text)
 *(.rel.text.*)
 *(.rel.gnu.linkonce.t*)

.rela.text
 *(.rela.text)
 *(.rela.text.*)
 *(.rela.gnu.linkonce.t*)

.rel.fini
 *(.rel.fini)

.rela.fini
 *(.rela.fini)

.rel.rodata
 *(.rel.rodata)
 *(.rel.rodata.*)
 *(.rel.gnu.linkonce.r*)

.rela.rodata
 *(.rela.rodata)
 *(.rela.rodata.*)
 *(.rela.gnu.linkonce.r*)

.rel.data
 *(.rel.data)
 *(.rel.data.*)
 *(.rel.gnu.linkonce.d*)

.rela.data
 *(.rela.data)
 *(.rela.data.*)
 *(.rela.gnu.linkonce.d*)

.rel.ctors
 *(.rel.ctors)

.rela.ctors
 *(.rela.ctors)

.rel.dtors
 *(.rel.dtors)

.rela.dtors
 *(.rela.dtors)

.rel.got
 *(.rel.got)

.rela.got
 *(.rela.got)

.rel.bss
 *(.rel.bss)

.rela.bss
 *(.rela.bss)

.rel.plt
 *(.rel.plt)

.rela.plt
 *(.rela.plt)

.text           0x00000000      0xe6e
 *(.vectors)
 .vectors       0x00000000       0x98 /usr/lib/gcc/avr/4.3.5/../../../avr/lib/avr51/crtusb1287.o
                0x00000000                __vectors
                0x00000000                __vector_default
 *(.vectors)
 *(.progmem.gcc*)
 *(.progmem*)
 .progmem.data  0x00000098       0x8a Descriptors.o
                0x00000098                DeviceDescriptor
                0x000000aa                ConfigurationDescriptor
                0x000000e8                LanguageString
                0x000000ec                ManufacturerString
                0x00000106                ProductString
                0x00000122                . = ALIGN (0x2)
                0x00000122                __trampolines_start = .
 *(.trampolines)
 .trampolines   0x00000122        0x0 linker stubs
 *(.trampolines*)
                0x00000122                __trampolines_end = .
 *(.jumptables)
 *(.jumptables*)
 *(.lowtext)
 *(.lowtext*)
                0x00000122                __ctors_start = .
 *(.ctors)
                0x00000122                __ctors_end = .
                0x00000122                __dtors_start = .
 *(.dtors)
                0x00000122                __dtors_end = .
 SORT(*)(.ctors)
 SORT(*)(.dtors)
 *(.init0)
 .init0         0x00000122        0x0 /usr/lib/gcc/avr/4.3.5/../../../avr/lib/avr51/crtusb1287.o
                0x00000122                __init
 *(.init0)
 *(.init1)
 *(.init1)
 *(.init2)
 .init2         0x00000122        0xc /usr/lib/gcc/avr/4.3.5/../../../avr/lib/avr51/crtusb1287.o
 *(.init2)
 *(.init3)
 *(.init3)
 *(.init4)
 .init4         0x0000012e       0x1a /usr/lib/gcc/avr/4.3.5/../../../avr/lib/avr51/crtusb1287.o
                0x0000012e                __do_copy_data
 .init4         0x00000148       0x10 /usr/lib/gcc/avr/4.3.5/avr51/libgcc.a(_clear_bss.o)
                0x00000148                __do_clear_bss
 *(.init4)
 *(.init5)
 *(.init5)
 *(.init6)
 *(.init6)
 *(.init7)
 *(.init7)
 *(.init8)
 *(.init8)
 *(.init9)
 .init9         0x00000158        0x4 /usr/lib/gcc/avr/4.3.5/../../../avr/lib/avr51/crtusb1287.o
 *(.init9)
 *(.text)
 .text          0x0000015c        0x2 /usr/lib/gcc/avr/4.3.5/../../../avr/lib/avr51/crtusb1287.o
                0x0000015c                __vector_22
                0x0000015c                __vector_28
                0x0000015c                __vector_1
                0x0000015c                __vector_32
                0x0000015c                __vector_34
                0x0000015c                __vector_24
                0x0000015c                __vector_12
                0x0000015c                __bad_interrupt
                0x0000015c                __vector_6
                0x0000015c                __vector_31
                0x0000015c                __vector_35
                0x0000015c                __vector_3
                0x0000015c                __vector_23
                0x0000015c                __vector_30
                0x0000015c                __vector_25
                0x0000015c                __vector_11
                0x0000015c                __vector_13
                0x0000015c                __vector_17
                0x0000015c                __vector_19
                0x0000015c                __vector_7
                0x0000015c                __vector_27
                0x0000015c                __vector_5
                0x0000015c                __vector_33
                0x0000015c                __vector_37
                0x0000015c                __vector_4
                0x0000015c                __vector_9
                0x0000015c                __vector_2
                0x0000015c                __vector_15
                0x0000015c                __vector_36
                0x0000015c                __vector_29
                0x0000015c                __vector_8
                0x0000015c                __vector_26
                0x0000015c                __vector_14
                0x0000015c                __vector_16
                0x0000015c                __vector_18
                0x0000015c                __vector_20
                0x0000015e                . = ALIGN (0x2)
 *(.text.*)
 .text.__vector_21
                0x0000015e       0x6c LEDNotifier.o
                0x0000015e                __vector_21
 .text.EVENT_USB_Device_ControlRequest
                0x000001ca        0x6 LEDNotifier.o
                0x000001ca                EVENT_USB_Device_ControlRequest
 .text.EVENT_USB_Device_ConfigurationChanged
                0x000001d0        0x6 LEDNotifier.o
                0x000001d0                EVENT_USB_Device_ConfigurationChanged
 .text.SetupHardware
                0x000001d6       0x42 LEDNotifier.o
                0x000001d6                SetupHardware
 .text.main     0x00000218       0x3e LEDNotifier.o
                0x00000218                main
 .text.CALLBACK_USB_GetDescriptor
                0x00000256       0x5c Descriptors.o
                0x00000256                CALLBACK_USB_GetDescriptor
 .text.Endpoint_ConfigureEndpoint_Prv
                0x000002b2       0x26 ../../LUFA/Drivers/USB/Core/AVR8/Endpoint_AVR8.o
                0x000002b2                Endpoint_ConfigureEndpoint_Prv
 .text.Endpoint_ClearStatusStage
                0x000002d8       0x3e ../../LUFA/Drivers/USB/Core/AVR8/Endpoint_AVR8.o
                0x000002d8                Endpoint_ClearStatusStage
 .text.Endpoint_WaitUntilReady
                0x00000316       0x64 ../../LUFA/Drivers/USB/Core/AVR8/Endpoint_AVR8.o
                0x00000316                Endpoint_WaitUntilReady
 .text.USB_ResetInterface
                0x0000037a       0x90 ../../LUFA/Drivers/USB/Core/AVR8/USBController_AVR8.o
                0x0000037a                USB_ResetInterface
 .text.USB_Init
                0x0000040a       0x12 ../../LUFA/Drivers/USB/Core/AVR8/USBController_AVR8.o
                0x0000040a                USB_Init
 .text.USB_INT_DisableAllInterrupts
                0x0000041c       0x10 ../../LUFA/Drivers/USB/Core/AVR8/USBInterrupt_AVR8.o
                0x0000041c                USB_INT_DisableAllInterrupts
 .text.USB_INT_ClearAllInterrupts
                0x0000042c        0xa ../../LUFA/Drivers/USB/Core/AVR8/USBInterrupt_AVR8.o
                0x0000042c                USB_INT_ClearAllInterrupts
 .text.__vector_10
                0x00000436      0x186 ../../LUFA/Drivers/USB/Core/AVR8/USBInterrupt_AVR8.o
                0x00000436                __vector_10
 .text.Endpoint_Write_Control_Stream_LE
                0x000005bc       0xb8 ../../LUFA/Drivers/USB/Core/AVR8/EndpointStream_AVR8.o
                0x000005bc                Endpoint_Write_Control_Stream_LE
 .text.Endpoint_Read_Control_Stream_LE
                0x00000674       0x7e ../../LUFA/Drivers/USB/Core/AVR8/EndpointStream_AVR8.o
                0x00000674                Endpoint_Read_Control_Stream_LE
 .text.Endpoint_Write_Control_PStream_LE
                0x000006f2       0xbe ../../LUFA/Drivers/USB/Core/AVR8/EndpointStream_AVR8.o
                0x000006f2                Endpoint_Write_Control_PStream_LE
 .text.USB_Device_ProcessControlRequest
                0x000007b0      0x300 ../../LUFA/Drivers/USB/Core/DeviceStandardReq.o
                0x000007b0                USB_Device_ProcessControlRequest
 .text.USB_Event_Stub
                0x00000ab0        0x2 ../../LUFA/Drivers/USB/Core/Events.o
                0x00000ab0                EVENT_USB_Device_Connect
                0x00000ab0                EVENT_USB_Device_WakeUp
                0x00000ab0                USB_Event_Stub
                0x00000ab0                EVENT_USB_Device_Suspend
                0x00000ab0                EVENT_USB_Device_StartOfFrame
                0x00000ab0                EVENT_USB_Device_Disconnect
                0x00000ab0                EVENT_USB_Device_Reset
 .text.USB_USBTask
                0x00000ab2       0x24 ../../LUFA/Drivers/USB/Core/USBTask.o
                0x00000ab2                USB_USBTask
 .text.CDC_Device_ReceiveByte
                0x00000ad6       0x60 ../../LUFA/Drivers/USB/Class/Device/CDC.o
                0x00000ad6                CDC_Device_ReceiveByte
 .text.CDC_Device_CreateBlockingStream
                0x00000b36       0x26 ../../LUFA/Drivers/USB/Class/Device/CDC.o
                0x00000b36                CDC_Device_CreateBlockingStream
 .text.CDC_Device_Event_Stub
                0x00000b5c        0x2 ../../LUFA/Drivers/USB/Class/Device/CDC.o
                0x00000b5c                EVENT_CDC_Device_LineEncodingChanged
                0x00000b5c                EVENT_CDC_Device_ControLineStateChanged
                0x00000b5c                EVENT_CDC_Device_BreakSent
                0x00000b5c                CDC_Device_Event_Stub
 .text.CDC_Device_Flush
                0x00000b5e       0x5a ../../LUFA/Drivers/USB/Class/Device/CDC.o
                0x00000b5e                CDC_Device_Flush
 .text.CDC_Device_USBTask
                0x00000bb8       0x1e ../../LUFA/Drivers/USB/Class/Device/CDC.o
                0x00000bb8                CDC_Device_USBTask
 .text.CDC_Device_getchar_Blocking
                0x00000bd6       0x30 ../../LUFA/Drivers/USB/Class/Device/CDC.o
 .text.CDC_Device_SendByte
                0x00000c06       0x48 ../../LUFA/Drivers/USB/Class/Device/CDC.o
                0x00000c06                CDC_Device_SendByte
 .text.CDC_Device_putchar
                0x00000c4e       0x1e ../../LUFA/Drivers/USB/Class/Device/CDC.o
 .text.CDC_Device_ConfigureEndpoints
                0x00000c6c       0xa0 ../../LUFA/Drivers/USB/Class/Device/CDC.o
                0x00000c6c                CDC_Device_ConfigureEndpoints
 .text.CDC_Device_ProcessControlRequest
                0x00000d0c       0xda ../../LUFA/Drivers/USB/Class/Device/CDC.o
                0x00000d0c                CDC_Device_ProcessControlRequest
 .text.avr-libc
                0x00000de6       0x84 /usr/lib/gcc/avr/4.3.5/../../../avr/lib/avr51/libc.a(fgetc.o)
                0x00000de6                fgetc
                0x00000e6a                . = ALIGN (0x2)
 *(.fini9)
 .fini9         0x00000e6a        0x0 /usr/lib/gcc/avr/4.3.5/avr51/libgcc.a(_exit.o)
                0x00000e6a                exit
                0x00000e6a                _exit
 *(.fini9)
 *(.fini8)
 *(.fini8)
 *(.fini7)
 *(.fini7)
 *(.fini6)
 *(.fini6)
 *(.fini5)
 *(.fini5)
 *(.fini4)
 *(.fini4)
 *(.fini3)
 *(.fini3)
 *(.fini2)
 *(.fini2)
 *(.fini1)
 *(.fini1)
 *(.fini0)
 .fini0         0x00000e6a        0x4 /usr/lib/gcc/avr/4.3.5/avr51/libgcc.a(_exit.o)
 *(.fini0)
                0x00000e6e                _etext = .

.data           0x00800100       0x16 load address 0x00000e6e
                0x00800100                PROVIDE (__data_start, .)
 *(.data)
 .data          0x00800100       0x16 LEDNotifier.o
                0x00800100                VirtualSerial_CDC_Interface
 *(.data*)
 *(.rodata)
 *(.rodata*)
 *(.gnu.linkonce.d*)
                0x00800116                . = ALIGN (0x2)
                0x00800116                _edata = .
                0x00800116                PROVIDE (__data_end, .)

.bss            0x00800116       0x1e
                0x00800116                PROVIDE (__bss_start, .)
 *(.bss)
 .bss           0x00800116       0x12 LEDNotifier.o
 *(.bss*)
 *(COMMON)
 COMMON         0x00800128        0x3 ../../LUFA/Drivers/USB/Core/DeviceStandardReq.o
                0x00800128                USB_Device_ConfigurationNumber
                0x00800129                USB_Device_CurrentlySelfPowered
                0x0080012a                USB_Device_RemoteWakeupEnabled
 COMMON         0x0080012b        0x9 ../../LUFA/Drivers/USB/Core/USBTask.o
                0x0080012b                USB_IsInitialized
                0x0080012c                USB_ControlRequest
                0x00800134                PROVIDE (__bss_end, .)
                0x00000e6e                __data_load_start = LOADADDR (.data)
                0x00000e84                __data_load_end = (__data_load_start + SIZEOF (.data))

.noinit         0x00800134        0x0
                0x00800134                PROVIDE (__noinit_start, .)
 *(.noinit*)
                0x00800134                PROVIDE (__noinit_end, .)
                0x00800134                _end = .
                0x00800134                PROVIDE (__heap_start, .)

.eeprom         0x00810000        0x0
 *(.eeprom*)
                0x00810000                __eeprom_end = .

.fuse
 *(.fuse)
 *(.lfuse)
 *(.hfuse)
 *(.efuse)

.lock
 *(.lock*)

.signature
 *(.signature*)

.stab           0x00000000      0xf3c
 *(.stab)
 .stab          0x00000000      0x750 /usr/lib/gcc/avr/4.3.5/../../../avr/lib/avr51/crtusb1287.o
 .stab          0x00000750       0x84 /usr/lib/gcc/avr/4.3.5/../../../avr/lib/avr51/libc.a(memcpy_P.o)
                                 0x90 (size before relaxing)
 .stab          0x000007d4       0xb4 /usr/lib/gcc/avr/4.3.5/../../../avr/lib/avr51/libc.a(memcmp.o)
                                 0xc0 (size before relaxing)
 .stab          0x00000888       0x84 /usr/lib/gcc/avr/4.3.5/../../../avr/lib/avr51/libc.a(memcpy.o)
                                 0x90 (size before relaxing)
 .stab          0x0000090c       0x6c /usr/lib/gcc/avr/4.3.5/../../../avr/lib/avr51/libc.a(memset.o)
                                 0x78 (size before relaxing)
 .stab          0x00000978      0x420 /usr/lib/gcc/avr/4.3.5/../../../avr/lib/avr51/libc.a(fgetc.o)
                                0x42c (size before relaxing)
 .stab          0x00000d98       0x90 /usr/lib/gcc/avr/4.3.5/../../../avr/lib/avr51/libc.a(eerd_byte_at90usb1287.o)
                                 0x9c (size before relaxing)
 .stab          0x00000e28      0x114 /usr/lib/gcc/avr/4.3.5/../../../avr/lib/avr51/libc.a(eeupd_byte_at90usb1287.o)
                                0x120 (size before relaxing)

.stabstr        0x00000000      0x90c
 *(.stabstr)
 .stabstr       0x00000000      0x90c /usr/lib/gcc/avr/4.3.5/../../../avr/lib/avr51/crtusb1287.o

.stab.excl
 *(.stab.excl)

.stab.exclstr
 *(.stab.exclstr)

.stab.index
 *(.stab.index)

.stab.indexstr
 *(.stab.indexstr)

.comment
 *(.comment)

.debug
 *(.debug)

.line
 *(.line)

.debug_srcinfo
 *(.debug_srcinfo)

.debug_sfnames
 *(.debug_sfnames)

.debug_aranges  0x00000000      0x460
 *(.debug_aranges)
 .debug_aranges
                0x00000000       0x40 LEDNotifier.o
 .debug_aranges
                0x00000040       0x20 Descriptors.o
 .debug_aranges
                0x00000060       0x20 ../../LUFA/Drivers/USB/Core/AVR8/Device_AVR8.o
 .debug_aranges
                0x00000080       0x38 ../../LUFA/Drivers/USB/Core/AVR8/Endpoint_AVR8.o
 .debug_aranges
                0x000000b8       0x30 ../../LUFA/Drivers/USB/Core/AVR8/USBController_AVR8.o
 .debug_aranges
                0x000000e8       0x30 ../../LUFA/Drivers/USB/Core/AVR8/USBInterrupt_AVR8.o
 .debug_aranges
                0x00000118       0xc8 ../../LUFA/Drivers/USB/Core/AVR8/EndpointStream_AVR8.o
 .debug_aranges
                0x000001e0       0x38 ../../LUFA/Drivers/USB/Core/ConfigDescriptor.o
 .debug_aranges
                0x00000218       0x20 ../../LUFA/Drivers/USB/Core/DeviceStandardReq.o
 .debug_aranges
                0x00000238       0x20 ../../LUFA/Drivers/USB/Core/Events.o
 .debug_aranges
                0x00000258       0x20 ../../LUFA/Drivers/USB/Core/USBTask.o
 .debug_aranges
                0x00000278       0x38 ../../LUFA/Drivers/USB/Class/Common/HIDParser.o
 .debug_aranges
                0x000002b0       0x30 ../../LUFA/Drivers/USB/Class/Device/Audio.o
 .debug_aranges
                0x000002e0       0x98 ../../LUFA/Drivers/USB/Class/Device/CDC.o
 .debug_aranges
                0x00000378       0x30 ../../LUFA/Drivers/USB/Class/Device/HID.o
 .debug_aranges
                0x000003a8       0x30 ../../LUFA/Drivers/USB/Class/Device/MassStorage.o
 .debug_aranges
                0x000003d8       0x40 ../../LUFA/Drivers/USB/Class/Device/MIDI.o
 .debug_aranges
                0x00000418       0x48 ../../LUFA/Drivers/USB/Class/Device/RNDIS.o

.debug_pubnames
                0x00000000      0xc12
 *(.debug_pubnames)
 .debug_pubnames
                0x00000000       0xab LEDNotifier.o
 .debug_pubnames
                0x000000ab       0x9e Descriptors.o
 .debug_pubnames
                0x00000149       0x32 ../../LUFA/Drivers/USB/Core/AVR8/Device_AVR8.o
 .debug_pubnames
                0x0000017b       0x8b ../../LUFA/Drivers/USB/Core/AVR8/Endpoint_AVR8.o
 .debug_pubnames
                0x00000206       0x46 ../../LUFA/Drivers/USB/Core/AVR8/USBController_AVR8.o
 .debug_pubnames
                0x0000024c       0x62 ../../LUFA/Drivers/USB/Core/AVR8/USBInterrupt_AVR8.o
 .debug_pubnames
                0x000002ae      0x2df ../../LUFA/Drivers/USB/Core/AVR8/EndpointStream_AVR8.o
 .debug_pubnames
                0x0000058d       0x9b ../../LUFA/Drivers/USB/Core/ConfigDescriptor.o
 .debug_pubnames
                0x00000628       0xa1 ../../LUFA/Drivers/USB/Core/DeviceStandardReq.o
 .debug_pubnames
                0x000006c9       0x25 ../../LUFA/Drivers/USB/Core/Events.o
 .debug_pubnames
                0x000006ee       0x4f ../../LUFA/Drivers/USB/Core/USBTask.o
 .debug_pubnames
                0x0000073d       0x7e ../../LUFA/Drivers/USB/Class/Common/HIDParser.o
 .debug_pubnames
                0x000007bb       0x79 ../../LUFA/Drivers/USB/Class/Device/Audio.o
 .debug_pubnames
                0x00000834      0x18b ../../LUFA/Drivers/USB/Class/Device/CDC.o
 .debug_pubnames
                0x000009bf       0x70 ../../LUFA/Drivers/USB/Class/Device/HID.o
 .debug_pubnames
                0x00000a2f       0x6d ../../LUFA/Drivers/USB/Class/Device/MassStorage.o
 .debug_pubnames
                0x00000a9c       0xa6 ../../LUFA/Drivers/USB/Class/Device/MIDI.o
 .debug_pubnames
                0x00000b42       0xd0 ../../LUFA/Drivers/USB/Class/Device/RNDIS.o

.debug_info     0x00000000     0x7c19
 *(.debug_info)
 .debug_info    0x00000000      0x4c4 LEDNotifier.o
 .debug_info    0x000004c4      0x67f Descriptors.o
 .debug_info    0x00000b43       0xc4 ../../LUFA/Drivers/USB/Core/AVR8/Device_AVR8.o
 .debug_info    0x00000c07      0x3cb ../../LUFA/Drivers/USB/Core/AVR8/Endpoint_AVR8.o
 .debug_info    0x00000fd2        0x0 ../../LUFA/Drivers/USB/Core/AVR8/Host_AVR8.o
 .debug_info    0x00000fd2        0x0 ../../LUFA/Drivers/USB/Core/AVR8/Pipe_AVR8.o
 .debug_info    0x00000fd2      0x484 ../../LUFA/Drivers/USB/Core/AVR8/USBController_AVR8.o
 .debug_info    0x00001456      0x55b ../../LUFA/Drivers/USB/Core/AVR8/USBInterrupt_AVR8.o
 .debug_info    0x000019b1     0x1569 ../../LUFA/Drivers/USB/Core/AVR8/EndpointStream_AVR8.o
 .debug_info    0x00002f1a        0x0 ../../LUFA/Drivers/USB/Core/AVR8/PipeStream_AVR8.o
 .debug_info    0x00002f1a      0x34b ../../LUFA/Drivers/USB/Core/ConfigDescriptor.o
 .debug_info    0x00003265      0xa76 ../../LUFA/Drivers/USB/Core/DeviceStandardReq.o
 .debug_info    0x00003cdb       0x79 ../../LUFA/Drivers/USB/Core/Events.o
 .debug_info    0x00003d54        0x0 ../../LUFA/Drivers/USB/Core/HostStandardReq.o
 .debug_info    0x00003d54      0x224 ../../LUFA/Drivers/USB/Core/USBTask.o
 .debug_info    0x00003f78      0x6f5 ../../LUFA/Drivers/USB/Class/Common/HIDParser.o
 .debug_info    0x0000466d      0x563 ../../LUFA/Drivers/USB/Class/Device/Audio.o
 .debug_info    0x00004bd0      0xbb9 ../../LUFA/Drivers/USB/Class/Device/CDC.o
 .debug_info    0x00005789      0x667 ../../LUFA/Drivers/USB/Class/Device/HID.o
 .debug_info    0x00005df0      0x8dc ../../LUFA/Drivers/USB/Class/Device/MassStorage.o
 .debug_info    0x000066cc      0x5ae ../../LUFA/Drivers/USB/Class/Device/MIDI.o
 .debug_info    0x00006c7a      0xf9f ../../LUFA/Drivers/USB/Class/Device/RNDIS.o
 .debug_info    0x00007c19        0x0 ../../LUFA/Drivers/USB/Class/Host/Audio.o
 .debug_info    0x00007c19        0x0 ../../LUFA/Drivers/USB/Class/Host/CDC.o
 .debug_info    0x00007c19        0x0 ../../LUFA/Drivers/USB/Class/Host/HID.o
 .debug_info    0x00007c19        0x0 ../../LUFA/Drivers/USB/Class/Host/MassStorage.o
 .debug_info    0x00007c19        0x0 ../../LUFA/Drivers/USB/Class/Host/MIDI.o
 .debug_info    0x00007c19        0x0 ../../LUFA/Drivers/USB/Class/Host/Printer.o
 .debug_info    0x00007c19        0x0 ../../LUFA/Drivers/USB/Class/Host/RNDIS.o
 .debug_info    0x00007c19        0x0 ../../LUFA/Drivers/USB/Class/Host/StillImage.o
 *(.gnu.linkonce.wi.*)

.debug_abbrev   0x00000000     0x1f25
 *(.debug_abbrev)
 .debug_abbrev  0x00000000      0x219 LEDNotifier.o
 .debug_abbrev  0x00000219      0x158 Descriptors.o
 .debug_abbrev  0x00000371       0x79 ../../LUFA/Drivers/USB/Core/AVR8/Device_AVR8.o
 .debug_abbrev  0x000003ea      0x179 ../../LUFA/Drivers/USB/Core/AVR8/Endpoint_AVR8.o
 .debug_abbrev  0x00000563        0x1 ../../LUFA/Drivers/USB/Core/AVR8/Host_AVR8.o
 .debug_abbrev  0x00000564        0x1 ../../LUFA/Drivers/USB/Core/AVR8/Pipe_AVR8.o
 .debug_abbrev  0x00000565      0x15a ../../LUFA/Drivers/USB/Core/AVR8/USBController_AVR8.o
 .debug_abbrev  0x000006bf      0x16f ../../LUFA/Drivers/USB/Core/AVR8/USBInterrupt_AVR8.o
 .debug_abbrev  0x0000082e      0x1a3 ../../LUFA/Drivers/USB/Core/AVR8/EndpointStream_AVR8.o
 .debug_abbrev  0x000009d1        0x1 ../../LUFA/Drivers/USB/Core/AVR8/PipeStream_AVR8.o
 .debug_abbrev  0x000009d2      0x15c ../../LUFA/Drivers/USB/Core/ConfigDescriptor.o
 .debug_abbrev  0x00000b2e      0x253 ../../LUFA/Drivers/USB/Core/DeviceStandardReq.o
 .debug_abbrev  0x00000d81       0x4a ../../LUFA/Drivers/USB/Core/Events.o
 .debug_abbrev  0x00000dcb        0x1 ../../LUFA/Drivers/USB/Core/HostStandardReq.o
 .debug_abbrev  0x00000dcc      0x15d ../../LUFA/Drivers/USB/Core/USBTask.o
 .debug_abbrev  0x00000f29      0x1e7 ../../LUFA/Drivers/USB/Class/Common/HIDParser.o
 .debug_abbrev  0x00001110      0x1e3 ../../LUFA/Drivers/USB/Class/Device/Audio.o
 .debug_abbrev  0x000012f3      0x2ee ../../LUFA/Drivers/USB/Class/Device/CDC.o
 .debug_abbrev  0x000015e1      0x206 ../../LUFA/Drivers/USB/Class/Device/HID.o
 .debug_abbrev  0x000017e7      0x24f ../../LUFA/Drivers/USB/Class/Device/MassStorage.o
 .debug_abbrev  0x00001a36      0x215 ../../LUFA/Drivers/USB/Class/Device/MIDI.o
 .debug_abbrev  0x00001c4b      0x2d2 ../../LUFA/Drivers/USB/Class/Device/RNDIS.o
 .debug_abbrev  0x00001f1d        0x1 ../../LUFA/Drivers/USB/Class/Host/Audio.o
 .debug_abbrev  0x00001f1e        0x1 ../../LUFA/Drivers/USB/Class/Host/CDC.o
 .debug_abbrev  0x00001f1f        0x1 ../../LUFA/Drivers/USB/Class/Host/HID.o
 .debug_abbrev  0x00001f20        0x1 ../../LUFA/Drivers/USB/Class/Host/MassStorage.o
 .debug_abbrev  0x00001f21        0x1 ../../LUFA/Drivers/USB/Class/Host/MIDI.o
 .debug_abbrev  0x00001f22        0x1 ../../LUFA/Drivers/USB/Class/Host/Printer.o
 .debug_abbrev  0x00001f23        0x1 ../../LUFA/Drivers/USB/Class/Host/RNDIS.o
 .debug_abbrev  0x00001f24        0x1 ../../LUFA/Drivers/USB/Class/Host/StillImage.o

.debug_line     0x00000000     0x5df5
 *(.debug_line)
 .debug_line    0x00000000      0x2fd LEDNotifier.o
 .debug_line    0x000002fd      0x17c Descriptors.o
 .debug_line    0x00000479      0x127 ../../LUFA/Drivers/USB/Core/AVR8/Device_AVR8.o
 .debug_line    0x000005a0      0x3d3 ../../LUFA/Drivers/USB/Core/AVR8/Endpoint_AVR8.o
 .debug_line    0x00000973       0x24 ../../LUFA/Drivers/USB/Core/AVR8/Host_AVR8.o
 .debug_line    0x00000997       0x24 ../../LUFA/Drivers/USB/Core/AVR8/Pipe_AVR8.o
 .debug_line    0x000009bb      0x354 ../../LUFA/Drivers/USB/Core/AVR8/USBController_AVR8.o
 .debug_line    0x00000d0f      0x516 ../../LUFA/Drivers/USB/Core/AVR8/USBInterrupt_AVR8.o
 .debug_line    0x00001225     0x17be ../../LUFA/Drivers/USB/Core/AVR8/EndpointStream_AVR8.o
 .debug_line    0x000029e3       0x24 ../../LUFA/Drivers/USB/Core/AVR8/PipeStream_AVR8.o
 .debug_line    0x00002a07      0x23d ../../LUFA/Drivers/USB/Core/ConfigDescriptor.o
 .debug_line    0x00002c44      0x63c ../../LUFA/Drivers/USB/Core/DeviceStandardReq.o
 .debug_line    0x00003280       0x80 ../../LUFA/Drivers/USB/Core/Events.o
 .debug_line    0x00003300       0x24 ../../LUFA/Drivers/USB/Core/HostStandardReq.o
 .debug_line    0x00003324      0x1aa ../../LUFA/Drivers/USB/Core/USBTask.o
 .debug_line    0x000034ce      0x598 ../../LUFA/Drivers/USB/Class/Common/HIDParser.o
 .debug_line    0x00003a66      0x444 ../../LUFA/Drivers/USB/Class/Device/Audio.o
 .debug_line    0x00003eaa      0x828 ../../LUFA/Drivers/USB/Class/Device/CDC.o
 .debug_line    0x000046d2      0x509 ../../LUFA/Drivers/USB/Class/Device/HID.o
 .debug_line    0x00004bdb      0x5fb ../../LUFA/Drivers/USB/Class/Device/MassStorage.o
 .debug_line    0x000051d6      0x39f ../../LUFA/Drivers/USB/Class/Device/MIDI.o
 .debug_line    0x00005575      0x760 ../../LUFA/Drivers/USB/Class/Device/RNDIS.o
 .debug_line    0x00005cd5       0x24 ../../LUFA/Drivers/USB/Class/Host/Audio.o
 .debug_line    0x00005cf9       0x24 ../../LUFA/Drivers/USB/Class/Host/CDC.o
 .debug_line    0x00005d1d       0x24 ../../LUFA/Drivers/USB/Class/Host/HID.o
 .debug_line    0x00005d41       0x24 ../../LUFA/Drivers/USB/Class/Host/MassStorage.o
 .debug_line    0x00005d65       0x24 ../../LUFA/Drivers/USB/Class/Host/MIDI.o
 .debug_line    0x00005d89       0x24 ../../LUFA/Drivers/USB/Class/Host/Printer.o
 .debug_line    0x00005dad       0x24 ../../LUFA/Drivers/USB/Class/Host/RNDIS.o
 .debug_line    0x00005dd1       0x24 ../../LUFA/Drivers/USB/Class/Host/StillImage.o

.debug_frame    0x00000000      0x680
 *(.debug_frame)
 .debug_frame   0x00000000       0x60 LEDNotifier.o
 .debug_frame   0x00000060       0x20 Descriptors.o
 .debug_frame   0x00000080       0x20 ../../LUFA/Drivers/USB/Core/AVR8/Device_AVR8.o
 .debug_frame   0x000000a0       0x50 ../../LUFA/Drivers/USB/Core/AVR8/Endpoint_AVR8.o
 .debug_frame   0x000000f0       0x40 ../../LUFA/Drivers/USB/Core/AVR8/USBController_AVR8.o
 .debug_frame   0x00000130       0x40 ../../LUFA/Drivers/USB/Core/AVR8/USBInterrupt_AVR8.o
 .debug_frame   0x00000170      0x170 ../../LUFA/Drivers/USB/Core/AVR8/EndpointStream_AVR8.o
 .debug_frame   0x000002e0       0x50 ../../LUFA/Drivers/USB/Core/ConfigDescriptor.o
 .debug_frame   0x00000330       0x20 ../../LUFA/Drivers/USB/Core/DeviceStandardReq.o
 .debug_frame   0x00000350       0x20 ../../LUFA/Drivers/USB/Core/Events.o
 .debug_frame   0x00000370       0x20 ../../LUFA/Drivers/USB/Core/USBTask.o
 .debug_frame   0x00000390       0x50 ../../LUFA/Drivers/USB/Class/Common/HIDParser.o
 .debug_frame   0x000003e0       0x40 ../../LUFA/Drivers/USB/Class/Device/Audio.o
 .debug_frame   0x00000420      0x110 ../../LUFA/Drivers/USB/Class/Device/CDC.o
 .debug_frame   0x00000530       0x40 ../../LUFA/Drivers/USB/Class/Device/HID.o
 .debug_frame   0x00000570       0x40 ../../LUFA/Drivers/USB/Class/Device/MassStorage.o
 .debug_frame   0x000005b0       0x60 ../../LUFA/Drivers/USB/Class/Device/MIDI.o
 .debug_frame   0x00000610       0x70 ../../LUFA/Drivers/USB/Class/Device/RNDIS.o

.debug_str      0x00000000     0x3216
 *(.debug_str)
 .debug_str     0x00000000      0x3fa LEDNotifier.o
                                0x44b (size before relaxing)
 .debug_str     0x000003fa      0x532 Descriptors.o
                                0x670 (size before relaxing)
 .debug_str     0x0000092c       0x77 ../../LUFA/Drivers/USB/Core/AVR8/Device_AVR8.o
                                0x134 (size before relaxing)
 .debug_str     0x000009a3      0x39e ../../LUFA/Drivers/USB/Core/AVR8/Endpoint_AVR8.o
                                0x490 (size before relaxing)
 .debug_str     0x00000d41      0x29c ../../LUFA/Drivers/USB/Core/AVR8/USBController_AVR8.o
                                0x438 (size before relaxing)
 .debug_str     0x00000fdd       0xe9 ../../LUFA/Drivers/USB/Core/AVR8/USBInterrupt_AVR8.o
                                0x3aa (size before relaxing)
 .debug_str     0x000010c6      0x4fd ../../LUFA/Drivers/USB/Core/AVR8/EndpointStream_AVR8.o
                                0x752 (size before relaxing)
 .debug_str     0x000015c3      0x21c ../../LUFA/Drivers/USB/Core/ConfigDescriptor.o
                                0x301 (size before relaxing)
 .debug_str     0x000017df      0x3ed ../../LUFA/Drivers/USB/Core/DeviceStandardReq.o
                                0x828 (size before relaxing)
 .debug_str     0x00001bcc       0x34 ../../LUFA/Drivers/USB/Core/Events.o
                                 0xeb (size before relaxing)
 .debug_str     0x00001c00       0x6a ../../LUFA/Drivers/USB/Core/USBTask.o
                                0x27b (size before relaxing)
 .debug_str     0x00001c6a      0x481 ../../LUFA/Drivers/USB/Class/Common/HIDParser.o
                                0x5d9 (size before relaxing)
 .debug_str     0x000020eb      0x23b ../../LUFA/Drivers/USB/Class/Device/Audio.o
                                0x56a (size before relaxing)
 .debug_str     0x00002326      0x2c6 ../../LUFA/Drivers/USB/Class/Device/CDC.o
                                0x982 (size before relaxing)
 .debug_str     0x000025ec      0x20b ../../LUFA/Drivers/USB/Class/Device/HID.o
                                0x584 (size before relaxing)
 .debug_str     0x000027f7      0x232 ../../LUFA/Drivers/USB/Class/Device/MassStorage.o
                                0x75a (size before relaxing)
 .debug_str     0x00002a29      0x110 ../../LUFA/Drivers/USB/Class/Device/MIDI.o
                                0x5e7 (size before relaxing)
 .debug_str     0x00002b39      0x6dd ../../LUFA/Drivers/USB/Class/Device/RNDIS.o
                                0xcde (size before relaxing)

.debug_loc      0x00000000     0x344a
 *(.debug_loc)
 .debug_loc     0x00000000       0x4f LEDNotifier.o
 .debug_loc     0x0000004f      0x160 Descriptors.o
 .debug_loc     0x000001af       0x74 ../../LUFA/Drivers/USB/Core/AVR8/Endpoint_AVR8.o
 .debug_loc     0x00000223     0x182a ../../LUFA/Drivers/USB/Core/AVR8/EndpointStream_AVR8.o
 .debug_loc     0x00001a4d      0x2c7 ../../LUFA/Drivers/USB/Core/ConfigDescriptor.o
 .debug_loc     0x00001d14      0x242 ../../LUFA/Drivers/USB/Core/DeviceStandardReq.o
 .debug_loc     0x00001f56      0x477 ../../LUFA/Drivers/USB/Class/Common/HIDParser.o
 .debug_loc     0x000023cd      0x159 ../../LUFA/Drivers/USB/Class/Device/Audio.o
 .debug_loc     0x00002526      0x512 ../../LUFA/Drivers/USB/Class/Device/CDC.o
 .debug_loc     0x00002a38      0x16c ../../LUFA/Drivers/USB/Class/Device/HID.o
 .debug_loc     0x00002ba4      0x138 ../../LUFA/Drivers/USB/Class/Device/MassStorage.o
 .debug_loc     0x00002cdc      0x23c ../../LUFA/Drivers/USB/Class/Device/MIDI.o
 .debug_loc     0x00002f18      0x532 ../../LUFA/Drivers/USB/Class/Device/RNDIS.o

.debug_macinfo
 *(.debug_macinfo)
OUTPUT(LEDNotifier.elf elf32-avr)
LOAD linker stubs

.debug_ranges   0x00000000      0x550
 .debug_ranges  0x00000000       0x38 LEDNotifier.o
 .debug_ranges  0x00000038       0x18 Descriptors.o
 .debug_ranges  0x00000050       0x18 ../../LUFA/Drivers/USB/Core/AVR8/Device_AVR8.o
 .debug_ranges  0x00000068       0x30 ../../LUFA/Drivers/USB/Core/AVR8/Endpoint_AVR8.o
 .debug_ranges  0x00000098       0x28 ../../LUFA/Drivers/USB/Core/AVR8/USBController_AVR8.o
 .debug_ranges  0x000000c0       0x28 ../../LUFA/Drivers/USB/Core/AVR8/USBInterrupt_AVR8.o
 .debug_ranges  0x000000e8       0xc0 ../../LUFA/Drivers/USB/Core/AVR8/EndpointStream_AVR8.o
 .debug_ranges  0x000001a8       0x30 ../../LUFA/Drivers/USB/Core/ConfigDescriptor.o
 .debug_ranges  0x000001d8       0x78 ../../LUFA/Drivers/USB/Core/DeviceStandardReq.o
 .debug_ranges  0x00000250       0x18 ../../LUFA/Drivers/USB/Core/Events.o
 .debug_ranges  0x00000268       0x30 ../../LUFA/Drivers/USB/Core/USBTask.o
 .debug_ranges  0x00000298       0xa0 ../../LUFA/Drivers/USB/Class/Common/HIDParser.o
 .debug_ranges  0x00000338       0x28 ../../LUFA/Drivers/USB/Class/Device/Audio.o
 .debug_ranges  0x00000360       0x90 ../../LUFA/Drivers/USB/Class/Device/CDC.o
 .debug_ranges  0x000003f0       0x28 ../../LUFA/Drivers/USB/Class/Device/HID.o
 .debug_ranges  0x00000418       0x78 ../../LUFA/Drivers/USB/Class/Device/MassStorage.o
 .debug_ranges  0x00000490       0x38 ../../LUFA/Drivers/USB/Class/Device/MIDI.o
 .debug_ranges  0x000004c8       0x88 ../../LUFA/Drivers/USB/Class/Device/RNDIS.o

Cross Reference Table

Symbol                                            File
Audio_Device_ConfigureEndpoints                   ../../LUFA/Drivers/USB/Class/Device/Audio.o
Audio_Device_Event_Stub                           ../../LUFA/Drivers/USB/Class/Device/Audio.o
Audio_Device_ProcessControlRequest                ../../LUFA/Drivers/USB/Class/Device/Audio.o
CALLBACK_Audio_Device_GetSetEndpointProperty      ../../LUFA/Drivers/USB/Class/Device/Audio.o
CALLBACK_HIDParser_FilterHIDReportItem            ../../LUFA/Drivers/USB/Class/Common/HIDParser.o
CALLBACK_HID_Device_CreateHIDReport               ../../LUFA/Drivers/USB/Class/Device/HID.o
CALLBACK_HID_Device_ProcessHIDReport              ../../LUFA/Drivers/USB/Class/Device/HID.o
CALLBACK_MS_Device_SCSICommandReceived            ../../LUFA/Drivers/USB/Class/Device/MassStorage.o
CALLBACK_USB_GetDescriptor                        Descriptors.o
                                                  ../../LUFA/Drivers/USB/Core/DeviceStandardReq.o
CDC_Device_BytesReceived                          ../../LUFA/Drivers/USB/Class/Device/CDC.o
CDC_Device_ConfigureEndpoints                     ../../LUFA/Drivers/USB/Class/Device/CDC.o
                                                  LEDNotifier.o
CDC_Device_CreateBlockingStream                   ../../LUFA/Drivers/USB/Class/Device/CDC.o
                                                  LEDNotifier.o
CDC_Device_CreateStream                           ../../LUFA/Drivers/USB/Class/Device/CDC.o
CDC_Device_Event_Stub                             ../../LUFA/Drivers/USB/Class/Device/CDC.o
CDC_Device_Flush                                  ../../LUFA/Drivers/USB/Class/Device/CDC.o
CDC_Device_ProcessControlRequest                  ../../LUFA/Drivers/USB/Class/Device/CDC.o
                                                  LEDNotifier.o
CDC_Device_ReceiveByte                            ../../LUFA/Drivers/USB/Class/Device/CDC.o
CDC_Device_SendByte                               ../../LUFA/Drivers/USB/Class/Device/CDC.o
CDC_Device_SendControlLineStateChange             ../../LUFA/Drivers/USB/Class/Device/CDC.o
CDC_Device_SendData                               ../../LUFA/Drivers/USB/Class/Device/CDC.o
CDC_Device_SendString                             ../../LUFA/Drivers/USB/Class/Device/CDC.o
CDC_Device_USBTask                                ../../LUFA/Drivers/USB/Class/Device/CDC.o
                                                  LEDNotifier.o
ConfigurationDescriptor                           Descriptors.o
DeviceDescriptor                                  Descriptors.o
EVENT_Audio_Device_StreamStartStop                ../../LUFA/Drivers/USB/Class/Device/Audio.o
EVENT_CDC_Device_BreakSent                        ../../LUFA/Drivers/USB/Class/Device/CDC.o
EVENT_CDC_Device_ControLineStateChanged           ../../LUFA/Drivers/USB/Class/Device/CDC.o
EVENT_CDC_Device_LineEncodingChanged              ../../LUFA/Drivers/USB/Class/Device/CDC.o
EVENT_USB_Device_ConfigurationChanged             LEDNotifier.o
                                                  ../../LUFA/Drivers/USB/Core/DeviceStandardReq.o
EVENT_USB_Device_Connect                          ../../LUFA/Drivers/USB/Core/Events.o
                                                  ../../LUFA/Drivers/USB/Core/AVR8/USBInterrupt_AVR8.o
EVENT_USB_Device_ControlRequest                   LEDNotifier.o
                                                  ../../LUFA/Drivers/USB/Core/DeviceStandardReq.o
EVENT_USB_Device_Disconnect                       ../../LUFA/Drivers/USB/Core/Events.o
                                                  ../../LUFA/Drivers/USB/Core/AVR8/USBInterrupt_AVR8.o
EVENT_USB_Device_Reset                            ../../LUFA/Drivers/USB/Core/Events.o
                                                  ../../LUFA/Drivers/USB/Core/AVR8/USBInterrupt_AVR8.o
EVENT_USB_Device_StartOfFrame                     ../../LUFA/Drivers/USB/Core/Events.o
                                                  ../../LUFA/Drivers/USB/Core/AVR8/USBInterrupt_AVR8.o
EVENT_USB_Device_Suspend                          ../../LUFA/Drivers/USB/Core/Events.o
                                                  ../../LUFA/Drivers/USB/Core/AVR8/USBInterrupt_AVR8.o
EVENT_USB_Device_WakeUp                           ../../LUFA/Drivers/USB/Core/Events.o
                                                  ../../LUFA/Drivers/USB/Core/AVR8/USBInterrupt_AVR8.o
Endpoint_ClearEndpoints                           ../../LUFA/Drivers/USB/Core/AVR8/Endpoint_AVR8.o
Endpoint_ClearStatusStage                         ../../LUFA/Drivers/USB/Core/AVR8/Endpoint_AVR8.o
                                                  ../../LUFA/Drivers/USB/Class/Device/MassStorage.o
                                                  ../../LUFA/Drivers/USB/Class/Device/HID.o
                                                  ../../LUFA/Drivers/USB/Class/Device/CDC.o
                                                  ../../LUFA/Drivers/USB/Class/Device/Audio.o
                                                  ../../LUFA/Drivers/USB/Core/DeviceStandardReq.o
Endpoint_ConfigureEndpoint_Prv                    ../../LUFA/Drivers/USB/Core/AVR8/Endpoint_AVR8.o
                                                  ../../LUFA/Drivers/USB/Class/Device/RNDIS.o
                                                  ../../LUFA/Drivers/USB/Class/Device/MIDI.o
                                                  ../../LUFA/Drivers/USB/Class/Device/MassStorage.o
                                                  ../../LUFA/Drivers/USB/Class/Device/HID.o
                                                  ../../LUFA/Drivers/USB/Class/Device/CDC.o
                                                  ../../LUFA/Drivers/USB/Class/Device/Audio.o
                                                  ../../LUFA/Drivers/USB/Core/AVR8/USBInterrupt_AVR8.o
                                                  ../../LUFA/Drivers/USB/Core/AVR8/USBController_AVR8.o
Endpoint_Discard_Stream                           ../../LUFA/Drivers/USB/Core/AVR8/EndpointStream_AVR8.o
Endpoint_Null_Stream                              ../../LUFA/Drivers/USB/Core/AVR8/EndpointStream_AVR8.o
Endpoint_Read_Control_EStream_BE                  ../../LUFA/Drivers/USB/Core/AVR8/EndpointStream_AVR8.o
Endpoint_Read_Control_EStream_LE                  ../../LUFA/Drivers/USB/Core/AVR8/EndpointStream_AVR8.o
Endpoint_Read_Control_Stream_BE                   ../../LUFA/Drivers/USB/Core/AVR8/EndpointStream_AVR8.o
Endpoint_Read_Control_Stream_LE                   ../../LUFA/Drivers/USB/Core/AVR8/EndpointStream_AVR8.o
                                                  ../../LUFA/Drivers/USB/Class/Device/RNDIS.o
                                                  ../../LUFA/Drivers/USB/Class/Device/HID.o
                                                  ../../LUFA/Drivers/USB/Class/Device/CDC.o
                                                  ../../LUFA/Drivers/USB/Class/Device/Audio.o
Endpoint_Read_EStream_BE                          ../../LUFA/Drivers/USB/Core/AVR8/EndpointStream_AVR8.o
Endpoint_Read_EStream_LE                          ../../LUFA/Drivers/USB/Core/AVR8/EndpointStream_AVR8.o
Endpoint_Read_Stream_BE                           ../../LUFA/Drivers/USB/Core/AVR8/EndpointStream_AVR8.o
Endpoint_Read_Stream_LE                           ../../LUFA/Drivers/USB/Core/AVR8/EndpointStream_AVR8.o
                                                  ../../LUFA/Drivers/USB/Class/Device/RNDIS.o
                                                  ../../LUFA/Drivers/USB/Class/Device/MIDI.o
                                                  ../../LUFA/Drivers/USB/Class/Device/MassStorage.o
Endpoint_WaitUntilReady                           ../../LUFA/Drivers/USB/Core/AVR8/Endpoint_AVR8.o
                                                  ../../LUFA/Drivers/USB/Class/Device/RNDIS.o
                                                  ../../LUFA/Drivers/USB/Class/Device/MIDI.o
                                                  ../../LUFA/Drivers/USB/Class/Device/CDC.o
                                                  ../../LUFA/Drivers/USB/Core/AVR8/EndpointStream_AVR8.o
Endpoint_Write_Control_EStream_BE                 ../../LUFA/Drivers/USB/Core/AVR8/EndpointStream_AVR8.o
Endpoint_Write_Control_EStream_LE                 ../../LUFA/Drivers/USB/Core/AVR8/EndpointStream_AVR8.o
Endpoint_Write_Control_PStream_BE                 ../../LUFA/Drivers/USB/Core/AVR8/EndpointStream_AVR8.o
Endpoint_Write_Control_PStream_LE                 ../../LUFA/Drivers/USB/Core/AVR8/EndpointStream_AVR8.o
                                                  ../../LUFA/Drivers/USB/Core/DeviceStandardReq.o
Endpoint_Write_Control_Stream_BE                  ../../LUFA/Drivers/USB/Core/AVR8/EndpointStream_AVR8.o
Endpoint_Write_Control_Stream_LE                  ../../LUFA/Drivers/USB/Core/AVR8/EndpointStream_AVR8.o
                                                  ../../LUFA/Drivers/USB/Class/Device/RNDIS.o
                                                  ../../LUFA/Drivers/USB/Class/Device/HID.o
                                                  ../../LUFA/Drivers/USB/Class/Device/CDC.o
                                                  ../../LUFA/Drivers/USB/Class/Device/Audio.o
                                                  ../../LUFA/Drivers/USB/Core/DeviceStandardReq.o
Endpoint_Write_EStream_BE                         ../../LUFA/Drivers/USB/Core/AVR8/EndpointStream_AVR8.o
Endpoint_Write_EStream_LE                         ../../LUFA/Drivers/USB/Core/AVR8/EndpointStream_AVR8.o
Endpoint_Write_PStream_BE                         ../../LUFA/Drivers/USB/Core/AVR8/EndpointStream_AVR8.o
Endpoint_Write_PStream_LE                         ../../LUFA/Drivers/USB/Core/AVR8/EndpointStream_AVR8.o
Endpoint_Write_Stream_BE                          ../../LUFA/Drivers/USB/Core/AVR8/EndpointStream_AVR8.o
Endpoint_Write_Stream_LE                          ../../LUFA/Drivers/USB/Core/AVR8/EndpointStream_AVR8.o
                                                  ../../LUFA/Drivers/USB/Class/Device/RNDIS.o
                                                  ../../LUFA/Drivers/USB/Class/Device/MIDI.o
                                                  ../../LUFA/Drivers/USB/Class/Device/MassStorage.o
                                                  ../../LUFA/Drivers/USB/Class/Device/HID.o
                                                  ../../LUFA/Drivers/USB/Class/Device/CDC.o
HID_Device_ConfigureEndpoints                     ../../LUFA/Drivers/USB/Class/Device/HID.o
HID_Device_ProcessControlRequest                  ../../LUFA/Drivers/USB/Class/Device/HID.o
HID_Device_USBTask                                ../../LUFA/Drivers/USB/Class/Device/HID.o
LanguageString                                    Descriptors.o
MIDI_Device_ConfigureEndpoints                    ../../LUFA/Drivers/USB/Class/Device/MIDI.o
MIDI_Device_Flush                                 ../../LUFA/Drivers/USB/Class/Device/MIDI.o
MIDI_Device_ReceiveEventPacket                    ../../LUFA/Drivers/USB/Class/Device/MIDI.o
MIDI_Device_SendEventPacket                       ../../LUFA/Drivers/USB/Class/Device/MIDI.o
MIDI_Device_USBTask                               ../../LUFA/Drivers/USB/Class/Device/MIDI.o
MS_Device_ConfigureEndpoints                      ../../LUFA/Drivers/USB/Class/Device/MassStorage.o
MS_Device_ProcessControlRequest                   ../../LUFA/Drivers/USB/Class/Device/MassStorage.o
MS_Device_USBTask                                 ../../LUFA/Drivers/USB/Class/Device/MassStorage.o
ManufacturerString                                Descriptors.o
ProductString                                     Descriptors.o
RNDIS_Device_ConfigureEndpoints                   ../../LUFA/Drivers/USB/Class/Device/RNDIS.o
RNDIS_Device_IsPacketReceived                     ../../LUFA/Drivers/USB/Class/Device/RNDIS.o
RNDIS_Device_ProcessControlRequest                ../../LUFA/Drivers/USB/Class/Device/RNDIS.o
RNDIS_Device_ReadPacket                           ../../LUFA/Drivers/USB/Class/Device/RNDIS.o
RNDIS_Device_SendPacket                           ../../LUFA/Drivers/USB/Class/Device/RNDIS.o
RNDIS_Device_USBTask                              ../../LUFA/Drivers/USB/Class/Device/RNDIS.o
SetupHardware                                     LEDNotifier.o
USB_ControlRequest                                ../../LUFA/Drivers/USB/Class/Device/RNDIS.o
                                                  ../../LUFA/Drivers/USB/Class/Device/MassStorage.o
                                                  ../../LUFA/Drivers/USB/Class/Device/HID.o
                                                  ../../LUFA/Drivers/USB/Class/Device/CDC.o
                                                  ../../LUFA/Drivers/USB/Class/Device/Audio.o
                                                  ../../LUFA/Drivers/USB/Core/USBTask.o
                                                  ../../LUFA/Drivers/USB/Core/DeviceStandardReq.o
                                                  ../../LUFA/Drivers/USB/Core/AVR8/EndpointStream_AVR8.o
                                                  ../../LUFA/Drivers/USB/Core/AVR8/Endpoint_AVR8.o
USB_Device_ConfigurationNumber                    ../../LUFA/Drivers/USB/Core/DeviceStandardReq.o
                                                  ../../LUFA/Drivers/USB/Core/AVR8/USBInterrupt_AVR8.o
                                                  ../../LUFA/Drivers/USB/Core/AVR8/USBController_AVR8.o
USB_Device_CurrentlySelfPowered                   ../../LUFA/Drivers/USB/Core/DeviceStandardReq.o
                                                  ../../LUFA/Drivers/USB/Core/AVR8/USBController_AVR8.o
USB_Device_ProcessControlRequest                  ../../LUFA/Drivers/USB/Core/DeviceStandardReq.o
                                                  ../../LUFA/Drivers/USB/Core/USBTask.o
USB_Device_RemoteWakeupEnabled                    ../../LUFA/Drivers/USB/Core/DeviceStandardReq.o
                                                  ../../LUFA/Drivers/USB/Core/AVR8/USBController_AVR8.o
USB_Device_SendRemoteWakeup                       ../../LUFA/Drivers/USB/Core/AVR8/Device_AVR8.o
USB_Disable                                       ../../LUFA/Drivers/USB/Core/AVR8/USBController_AVR8.o
USB_Event_Stub                                    ../../LUFA/Drivers/USB/Core/Events.o
USB_GetHIDReportItemInfo                          ../../LUFA/Drivers/USB/Class/Common/HIDParser.o
USB_GetHIDReportSize                              ../../LUFA/Drivers/USB/Class/Common/HIDParser.o
USB_GetNextDescriptorComp                         ../../LUFA/Drivers/USB/Core/ConfigDescriptor.o
USB_GetNextDescriptorOfType                       ../../LUFA/Drivers/USB/Core/ConfigDescriptor.o
USB_GetNextDescriptorOfTypeAfter                  ../../LUFA/Drivers/USB/Core/ConfigDescriptor.o
USB_GetNextDescriptorOfTypeBefore                 ../../LUFA/Drivers/USB/Core/ConfigDescriptor.o
USB_INT_ClearAllInterrupts                        ../../LUFA/Drivers/USB/Core/AVR8/USBInterrupt_AVR8.o
                                                  ../../LUFA/Drivers/USB/Core/AVR8/USBController_AVR8.o
USB_INT_DisableAllInterrupts                      ../../LUFA/Drivers/USB/Core/AVR8/USBInterrupt_AVR8.o
                                                  ../../LUFA/Drivers/USB/Core/AVR8/USBController_AVR8.o
USB_Init                                          ../../LUFA/Drivers/USB/Core/AVR8/USBController_AVR8.o
                                                  LEDNotifier.o
USB_IsInitialized                                 ../../LUFA/Drivers/USB/Core/USBTask.o
                                                  ../../LUFA/Drivers/USB/Core/AVR8/USBController_AVR8.o
USB_ProcessHIDReport                              ../../LUFA/Drivers/USB/Class/Common/HIDParser.o
USB_ResetInterface                                ../../LUFA/Drivers/USB/Core/AVR8/USBController_AVR8.o
USB_SetHIDReportItemInfo                          ../../LUFA/Drivers/USB/Class/Common/HIDParser.o
USB_USBTask                                       ../../LUFA/Drivers/USB/Core/USBTask.o
                                                  ../../LUFA/Drivers/USB/Class/Device/MassStorage.o
                                                  ../../LUFA/Drivers/USB/Class/Device/CDC.o
                                                  ../../LUFA/Drivers/USB/Core/AVR8/EndpointStream_AVR8.o
                                                  LEDNotifier.o
VirtualSerial_CDC_Interface                       LEDNotifier.o
__bad_interrupt                                   /usr/lib/gcc/avr/4.3.5/../../../avr/lib/avr51/crtusb1287.o
__bss_end                                         /usr/lib/gcc/avr/4.3.5/avr51/libgcc.a(_clear_bss.o)
__bss_start                                       /usr/lib/gcc/avr/4.3.5/avr51/libgcc.a(_clear_bss.o)
__data_end                                        /usr/lib/gcc/avr/4.3.5/../../../avr/lib/avr51/crtusb1287.o
__data_load_start                                 /usr/lib/gcc/avr/4.3.5/../../../avr/lib/avr51/crtusb1287.o
__data_start                                      /usr/lib/gcc/avr/4.3.5/../../../avr/lib/avr51/crtusb1287.o
__do_clear_bss                                    /usr/lib/gcc/avr/4.3.5/avr51/libgcc.a(_clear_bss.o)
                                                  ../../LUFA/Drivers/USB/Core/USBTask.o
                                                  ../../LUFA/Drivers/USB/Core/DeviceStandardReq.o
                                                  LEDNotifier.o
__do_copy_data                                    /usr/lib/gcc/avr/4.3.5/../../../avr/lib/avr51/crtusb1287.o
                                                  ../../LUFA/Drivers/USB/Class/Device/RNDIS.o
                                                  ../../LUFA/Drivers/USB/Class/Device/CDC.o
                                                  LEDNotifier.o
__eerd_byte_usb1287                               /usr/lib/gcc/avr/4.3.5/../../../avr/lib/avr51/libc.a(eerd_byte_at90usb1287.o)
                                                  ../../LUFA/Drivers/USB/Core/AVR8/EndpointStream_AVR8.o
__eeupd_byte_usb1287                              /usr/lib/gcc/avr/4.3.5/../../../avr/lib/avr51/libc.a(eeupd_byte_at90usb1287.o)
                                                  ../../LUFA/Drivers/USB/Core/AVR8/EndpointStream_AVR8.o
__eeupd_r18_usb1287                               /usr/lib/gcc/avr/4.3.5/../../../avr/lib/avr51/libc.a(eeupd_byte_at90usb1287.o)
__heap_end                                        /usr/lib/gcc/avr/4.3.5/../../../avr/lib/avr51/crtusb1287.o
__init                                            /usr/lib/gcc/avr/4.3.5/../../../avr/lib/avr51/crtusb1287.o
__stack                                           /usr/lib/gcc/avr/4.3.5/../../../avr/lib/avr51/crtusb1287.o
__vector_1                                        /usr/lib/gcc/avr/4.3.5/../../../avr/lib/avr51/crtusb1287.o
__vector_10                                       ../../LUFA/Drivers/USB/Core/AVR8/USBInterrupt_AVR8.o
                                                  /usr/lib/gcc/avr/4.3.5/../../../avr/lib/avr51/crtusb1287.o
__vector_11                                       /usr/lib/gcc/avr/4.3.5/../../../avr/lib/avr51/crtusb1287.o
__vector_12                                       /usr/lib/gcc/avr/4.3.5/../../../avr/lib/avr51/crtusb1287.o
__vector_13                                       /usr/lib/gcc/avr/4.3.5/../../../avr/lib/avr51/crtusb1287.o
__vector_14                                       /usr/lib/gcc/avr/4.3.5/../../../avr/lib/avr51/crtusb1287.o
__vector_15                                       /usr/lib/gcc/avr/4.3.5/../../../avr/lib/avr51/crtusb1287.o
__vector_16                                       /usr/lib/gcc/avr/4.3.5/../../../avr/lib/avr51/crtusb1287.o
__vector_17                                       /usr/lib/gcc/avr/4.3.5/../../../avr/lib/avr51/crtusb1287.o
__vector_18                                       /usr/lib/gcc/avr/4.3.5/../../../avr/lib/avr51/crtusb1287.o
__vector_19                                       /usr/lib/gcc/avr/4.3.5/../../../avr/lib/avr51/crtusb1287.o
__vector_2                                        /usr/lib/gcc/avr/4.3.5/../../../avr/lib/avr51/crtusb1287.o
__vector_20                                       /usr/lib/gcc/avr/4.3.5/../../../avr/lib/avr51/crtusb1287.o
__vector_21                                       LEDNotifier.o
                                                  /usr/lib/gcc/avr/4.3.5/../../../avr/lib/avr51/crtusb1287.o
__vector_22                                       /usr/lib/gcc/avr/4.3.5/../../../avr/lib/avr51/crtusb1287.o
__vector_23                                       /usr/lib/gcc/avr/4.3.5/../../../avr/lib/avr51/crtusb1287.o
__vector_24                                       /usr/lib/gcc/avr/4.3.5/../../../avr/lib/avr51/crtusb1287.o
__vector_25                                       /usr/lib/gcc/avr/4.3.5/../../../avr/lib/avr51/crtusb1287.o
__vector_26                                       /usr/lib/gcc/avr/4.3.5/../../../avr/lib/avr51/crtusb1287.o
__vector_27                                       /usr/lib/gcc/avr/4.3.5/../../../avr/lib/avr51/crtusb1287.o
__vector_28                                       /usr/lib/gcc/avr/4.3.5/../../../avr/lib/avr51/crtusb1287.o
__vector_29                                       /usr/lib/gcc/avr/4.3.5/../../../avr/lib/avr51/crtusb1287.o
__vector_3                                        /usr/lib/gcc/avr/4.3.5/../../../avr/lib/avr51/crtusb1287.o
__vector_30                                       /usr/lib/gcc/avr/4.3.5/../../../avr/lib/avr51/crtusb1287.o
__vector_31                                       /usr/lib/gcc/avr/4.3.5/../../../avr/lib/avr51/crtusb1287.o
__vector_32                                       /usr/lib/gcc/avr/4.3.5/../../../avr/lib/avr51/crtusb1287.o
__vector_33                                       /usr/lib/gcc/avr/4.3.5/../../../avr/lib/avr51/crtusb1287.o
__vector_34                                       /usr/lib/gcc/avr/4.3.5/../../../avr/lib/avr51/crtusb1287.o
__vector_35                                       /usr/lib/gcc/avr/4.3.5/../../../avr/lib/avr51/crtusb1287.o
__vector_36                                       /usr/lib/gcc/avr/4.3.5/../../../avr/lib/avr51/crtusb1287.o
__vector_37                                       /usr/lib/gcc/avr/4.3.5/../../../avr/lib/avr51/crtusb1287.o
__vector_4                                        /usr/lib/gcc/avr/4.3.5/../../../avr/lib/avr51/crtusb1287.o
__vector_5                                        /usr/lib/gcc/avr/4.3.5/../../../avr/lib/avr51/crtusb1287.o
__vector_6                                        /usr/lib/gcc/avr/4.3.5/../../../avr/lib/avr51/crtusb1287.o
__vector_7                                        /usr/lib/gcc/avr/4.3.5/../../../avr/lib/avr51/crtusb1287.o
__vector_8                                        /usr/lib/gcc/avr/4.3.5/../../../avr/lib/avr51/crtusb1287.o
__vector_9                                        /usr/lib/gcc/avr/4.3.5/../../../avr/lib/avr51/crtusb1287.o
__vector_default                                  /usr/lib/gcc/avr/4.3.5/../../../avr/lib/avr51/crtusb1287.o
__vectors                                         /usr/lib/gcc/avr/4.3.5/../../../avr/lib/avr51/crtusb1287.o
_exit                                             /usr/lib/gcc/avr/4.3.5/avr51/libgcc.a(_exit.o)
exit                                              /usr/lib/gcc/avr/4.3.5/avr51/libgcc.a(_exit.o)
                                                  /usr/lib/gcc/avr/4.3.5/../../../avr/lib/avr51/crtusb1287.o
fgetc                                             /usr/lib/gcc/avr/4.3.5/../../../avr/lib/avr51/libc.a(fgetc.o)
                                                  LEDNotifier.o
main                                              LEDNotifier.o
                                                  /usr/lib/gcc/avr/4.3.5/../../../avr/lib/avr51/crtusb1287.o
memcmp                                            /usr/lib/gcc/avr/4.3.5/../../../avr/lib/avr51/libc.a(memcmp.o)
                                                  ../../LUFA/Drivers/USB/Class/Device/HID.o
memcpy                                            /usr/lib/gcc/avr/4.3.5/../../../avr/lib/avr51/libc.a(memcpy.o)
                                                  ../../LUFA/Drivers/USB/Class/Device/RNDIS.o
                                                  ../../LUFA/Drivers/USB/Class/Device/HID.o
memcpy_P                                          /usr/lib/gcc/avr/4.3.5/../../../avr/lib/avr51/libc.a(memcpy_P.o)
                                                  ../../LUFA/Drivers/USB/Class/Device/RNDIS.o
memset                                            /usr/lib/gcc/avr/4.3.5/../../../avr/lib/avr51/libc.a(memset.o)
                                                  ../../LUFA/Drivers/USB/Class/Device/HID.o
