   1               		.file	"V2ProtocolParams.c"
   2               	__SREG__ = 0x3f
   3               	__SP_H__ = 0x3e
   4               	__SP_L__ = 0x3d
   5               	__CCP__  = 0x34
   6               	__tmp_reg__ = 0
   7               	__zero_reg__ = 1
  15               	.Ltext0:
  16               		.section	.text.V2Params_GetParamFromTable,"ax",@progbits
  18               	V2Params_GetParamFromTable:
  19               	.LFB119:
  20               	.LSM0:
  21               	.LVL0:
  22               	/* prologue: function */
  23               	/* frame size = 0 */
  24 0000 982F      		mov r25,r24
  25               	.LSM1:
  26 0002 E0E0      		ldi r30,lo8(ParameterTable)
  27 0004 F0E0      		ldi r31,hi8(ParameterTable)
  28               	.LVL1:
  29               	.L4:
  30               	.LBB4:
  31               	.LSM2:
  32 0006 8081      		ld r24,Z
  33 0008 9817      		cp r25,r24
  34 000a 01F0      		breq .L2
  35               	.LSM3:
  36 000c 80E0      		ldi r24,hi8(ParameterTable+27)
  37 000e E030      		cpi r30,lo8(ParameterTable+27)
  38 0010 F807      		cpc r31,r24
  39 0012 01F0      		breq .L3
  40               	.LSM4:
  41 0014 3396      		adiw r30,3
  42 0016 00C0      		rjmp .L4
  43               	.L3:
  44 0018 E0E0      		ldi r30,lo8(0)
  45 001a F0E0      		ldi r31,hi8(0)
  46               	.L2:
  47               	.LBE4:
  48               	.LSM5:
  49 001c CF01      		movw r24,r30
  50               	/* epilogue start */
  51 001e 0895      		ret
  52               	.LFE119:
  54               		.section	.text.V2Params_GetParameterValue,"ax",@progbits
  55               	.global	V2Params_GetParameterValue
  57               	V2Params_GetParameterValue:
  58               	.LFB117:
  59               	.LSM6:
  60               	.LVL2:
  61               	/* prologue: function */
  62               	/* frame size = 0 */
  63               	.LSM7:
  64 0000 0E94 0000 		call V2Params_GetParamFromTable
  65               	.LVL3:
  66 0004 FC01      		movw r30,r24
  67               	.LVL4:
  68               	.LSM8:
  69 0006 0097      		sbiw r24,0
  70 0008 01F4      		brne .L7
  71               	.LVL5:
  72 000a 80E0      		ldi r24,lo8(0)
  73               	.LVL6:
  74 000c 0895      		ret
  75               	.LVL7:
  76               	.L7:
  77               	.LSM9:
  78 000e 8281      		ldd r24,Z+2
  79               	.LVL8:
  80               	.LSM10:
  81 0010 0895      		ret
  82               	.LFE117:
  84               		.section	.text.V2Params_GetParameterPrivileges,"ax",@progbits
  85               	.global	V2Params_GetParameterPrivileges
  87               	V2Params_GetParameterPrivileges:
  88               	.LFB116:
  89               	.LSM11:
  90               	.LVL9:
  91               	/* prologue: function */
  92               	/* frame size = 0 */
  93               	.LSM12:
  94 0000 0E94 0000 		call V2Params_GetParamFromTable
  95               	.LVL10:
  96 0004 FC01      		movw r30,r24
  97               	.LVL11:
  98               	.LSM13:
  99 0006 0097      		sbiw r24,0
 100 0008 01F4      		brne .L11
 101               	.LVL12:
 102 000a 80E0      		ldi r24,lo8(0)
 103               	.LVL13:
 104 000c 0895      		ret
 105               	.LVL14:
 106               	.L11:
 107               	.LSM14:
 108 000e 8181      		ldd r24,Z+1
 109               	.LVL15:
 110               	.LSM15:
 111 0010 0895      		ret
 112               	.LFE116:
 114               		.section	.text.V2Params_UpdateParamValues,"ax",@progbits
 115               	.global	V2Params_UpdateParamValues
 117               	V2Params_UpdateParamValues:
 118               	.LFB115:
 119               	.LSM16:
 120               	/* prologue: function */
 121               	/* frame size = 0 */
 122               	.LSM17:
 123 0000 84E9      		ldi r24,lo8(-108)
 124 0002 0E94 0000 		call V2Params_GetParamFromTable
 125               	.LBB5:
 126               	.LBB6:
 127               	.LSM18:
 128 0006 EAE7      		ldi r30,lo8(122)
 129 0008 F0E0      		ldi r31,hi8(122)
 130 000a 2081      		ld r18,Z
 131 000c 2061      		ori r18,lo8(16)
 132 000e 2083      		st Z,r18
 133               	.LSM19:
 134 0010 2091 7800 		lds r18,120
 135 0014 3091 7900 		lds r19,(120)+1
 136               	.LBE6:
 137               	.LBE5:
 138               	.LSM20:
 139 0018 A901      		movw r20,r18
 140 001a 76E0      		ldi r23,6
 141 001c 440F      	1:	lsl r20
 142 001e 551F      		rol r21
 143 0020 7A95      		dec r23
 144 0022 01F4      		brne 1b
 145 0024 220F      		lsl r18
 146 0026 331F      		rol r19
 147 0028 420F      		add r20,r18
 148 002a 531F      		adc r21,r19
 149 002c 452F      		mov r20,r21
 150 002e 5527      		clr r21
 151 0030 4695      		lsr r20
 152 0032 4695      		lsr r20
 153 0034 FC01      		movw r30,r24
 154 0036 4283      		std Z+2,r20
 155               	/* epilogue start */
 156               	.LSM21:
 157 0038 0895      		ret
 158               	.LFE115:
 160               		.section	.text.V2Params_SetParameterValue,"ax",@progbits
 161               	.global	V2Params_SetParameterValue
 163               	V2Params_SetParameterValue:
 164               	.LFB118:
 165               	.LSM22:
 166               	.LVL16:
 167 0000 0F93      		push r16
 168 0002 1F93      		push r17
 169               	/* prologue: function */
 170               	/* frame size = 0 */
 171 0004 182F      		mov r17,r24
 172 0006 062F      		mov r16,r22
 173               	.LSM23:
 174 0008 0E94 0000 		call V2Params_GetParamFromTable
 175               	.LVL17:
 176 000c FC01      		movw r30,r24
 177               	.LVL18:
 178               	.LSM24:
 179 000e 0097      		sbiw r24,0
 180 0010 01F0      		breq .L18
 181               	.LVL19:
 182               	.LSM25:
 183 0012 0283      		std Z+2,r16
 184               	.LSM26:
 185 0014 1E39      		cpi r17,lo8(-98)
 186 0016 01F4      		brne .L18
 187               	.LVL20:
 188               	.LSM27:
 189 0018 80E0      		ldi r24,lo8(EEPROM_Rest_Polarity)
 190 001a 90E0      		ldi r25,hi8(EEPROM_Rest_Polarity)
 191 001c 602F      		mov r22,r16
 192 001e 0E94 0000 		call __eeupd_byte_usb1287
 193               	.LVL21:
 194               	.L18:
 195               	/* epilogue start */
 196               	.LSM28:
 197 0022 1F91      		pop r17
 198               	.LVL22:
 199 0024 0F91      		pop r16
 200               	.LVL23:
 201 0026 0895      		ret
 202               	.LFE118:
 204               		.section	.text.V2Params_LoadNonVolatileParamValues,"ax",@progbits
 205               	.global	V2Params_LoadNonVolatileParamValues
 207               	V2Params_LoadNonVolatileParamValues:
 208               	.LFB114:
 209               	.LSM29:
 210 0000 0F93      		push r16
 211 0002 1F93      		push r17
 212               	/* prologue: function */
 213               	/* frame size = 0 */
 214               	.LSM30:
 215 0004 8EE9      		ldi r24,lo8(-98)
 216 0006 0E94 0000 		call V2Params_GetParamFromTable
 217 000a 8C01      		movw r16,r24
 218 000c 80E0      		ldi r24,lo8(EEPROM_Rest_Polarity)
 219 000e 90E0      		ldi r25,hi8(EEPROM_Rest_Polarity)
 220 0010 0E94 0000 		call __eerd_byte_usb1287
 221 0014 F801      		movw r30,r16
 222 0016 8283      		std Z+2,r24
 223               	/* epilogue start */
 224               	.LSM31:
 225 0018 1F91      		pop r17
 226 001a 0F91      		pop r16
 227 001c 0895      		ret
 228               	.LFE114:
 230               		.section	.eeprom,"aw",@progbits
 233               	EEPROM_Rest_Polarity:
 234 0000 00        		.skip 1,0
 235               		.data
 238               	ParameterTable:
 239 0000 80        		.byte	-128
 240 0001 01        		.byte	1
 241 0002 00        		.byte	0
 242 0003 81        		.byte	-127
 243 0004 01        		.byte	1
 244 0005 00        		.byte	0
 245 0006 90        		.byte	-112
 246 0007 01        		.byte	1
 247 0008 00        		.byte	0
 248 0009 91        		.byte	-111
 249 000a 01        		.byte	1
 250 000b 01        		.byte	1
 251 000c 92        		.byte	-110
 252 000d 01        		.byte	1
 253 000e 0D        		.byte	13
 254 000f 94        		.byte	-108
 255 0010 01        		.byte	1
 256 0011 32        		.byte	50
 257 0012 98        		.byte	-104
 258 0013 03        		.byte	3
 259 0014 06        		.byte	6
 260 0015 9E        		.byte	-98
 261 0016 02        		.byte	2
 262 0017 01        		.byte	1
 263 0018 A1        		.byte	-95
 264 0019 01        		.byte	1
 265 001a 00        		.byte	0
 266 001b A4        		.byte	-92
 267 001c 02        		.byte	2
 268 001d 00        		.byte	0
 333               	.Letext0:
DEFINED SYMBOLS
                            *ABS*:00000000 V2ProtocolParams.c
     /tmp/ccpElsZX.s:2      *ABS*:0000003f __SREG__
     /tmp/ccpElsZX.s:3      *ABS*:0000003e __SP_H__
     /tmp/ccpElsZX.s:4      *ABS*:0000003d __SP_L__
     /tmp/ccpElsZX.s:5      *ABS*:00000034 __CCP__
     /tmp/ccpElsZX.s:6      *ABS*:00000000 __tmp_reg__
     /tmp/ccpElsZX.s:7      *ABS*:00000001 __zero_reg__
     /tmp/ccpElsZX.s:18     .text.V2Params_GetParamFromTable:00000000 V2Params_GetParamFromTable
     /tmp/ccpElsZX.s:238    .data:00000000 ParameterTable
     /tmp/ccpElsZX.s:57     .text.V2Params_GetParameterValue:00000000 V2Params_GetParameterValue
     /tmp/ccpElsZX.s:87     .text.V2Params_GetParameterPrivileges:00000000 V2Params_GetParameterPrivileges
     /tmp/ccpElsZX.s:117    .text.V2Params_UpdateParamValues:00000000 V2Params_UpdateParamValues
     /tmp/ccpElsZX.s:163    .text.V2Params_SetParameterValue:00000000 V2Params_SetParameterValue
     /tmp/ccpElsZX.s:233    .eeprom:00000000 EEPROM_Rest_Polarity
     /tmp/ccpElsZX.s:207    .text.V2Params_LoadNonVolatileParamValues:00000000 V2Params_LoadNonVolatileParamValues

UNDEFINED SYMBOLS
__eeupd_byte_usb1287
__eerd_byte_usb1287
__do_copy_data
