   1               		.file	"RNDISEthernet.c"
   2               	__SREG__ = 0x3f
   3               	__SP_H__ = 0x3e
   4               	__SP_L__ = 0x3d
   5               	__CCP__  = 0x34
   6               	__tmp_reg__ = 0
   7               	__zero_reg__ = 1
  15               	.Ltext0:
  16               		.section	.text.EVENT_USB_Device_Connect,"ax",@progbits
  17               	.global	EVENT_USB_Device_Connect
  19               	EVENT_USB_Device_Connect:
  20               	.LFB113:
  21               	.LSM0:
  22               	/* prologue: function */
  23               	/* frame size = 0 */
  24               	.LBB22:
  25               	.LBB23:
  26               	.LSM1:
  27 0000 8BB1      		in r24,43-32
  28 0002 8F70      		andi r24,lo8(15)
  29 0004 806A      		ori r24,lo8(-96)
  30 0006 8BB9      		out 43-32,r24
  31               	/* epilogue start */
  32               	.LBE23:
  33               	.LBE22:
  34               	.LSM2:
  35 0008 0895      		ret
  36               	.LFE113:
  38               		.section	.text.EVENT_USB_Device_Disconnect,"ax",@progbits
  39               	.global	EVENT_USB_Device_Disconnect
  41               	EVENT_USB_Device_Disconnect:
  42               	.LFB114:
  43               	.LSM3:
  44               	/* prologue: function */
  45               	/* frame size = 0 */
  46               	.LBB24:
  47               	.LBB25:
  48               	.LSM4:
  49 0000 8BB1      		in r24,43-32
  50 0002 8F70      		andi r24,lo8(15)
  51 0004 8061      		ori r24,lo8(16)
  52 0006 8BB9      		out 43-32,r24
  53               	/* epilogue start */
  54               	.LBE25:
  55               	.LBE24:
  56               	.LSM5:
  57 0008 0895      		ret
  58               	.LFE114:
  60               		.section	.text.EVENT_USB_Device_ControlRequest,"ax",@progbits
  61               	.global	EVENT_USB_Device_ControlRequest
  63               	EVENT_USB_Device_ControlRequest:
  64               	.LFB116:
  65               	.LSM6:
  66               	/* prologue: function */
  67               	/* frame size = 0 */
  68               	.LSM7:
  69 0000 80E0      		ldi r24,lo8(Ethernet_RNDIS_Interface)
  70 0002 90E0      		ldi r25,hi8(Ethernet_RNDIS_Interface)
  71 0004 0E94 0000 		call RNDIS_Device_ProcessControlRequest
  72               	/* epilogue start */
  73               	.LSM8:
  74 0008 0895      		ret
  75               	.LFE116:
  77               		.section	.text.EVENT_USB_Device_ConfigurationChanged,"ax",@progbits
  78               	.global	EVENT_USB_Device_ConfigurationChanged
  80               	EVENT_USB_Device_ConfigurationChanged:
  81               	.LFB115:
  82               	.LSM9:
  83               	/* prologue: function */
  84               	/* frame size = 0 */
  85               	.LSM10:
  86 0000 80E0      		ldi r24,lo8(Ethernet_RNDIS_Interface)
  87 0002 90E0      		ldi r25,hi8(Ethernet_RNDIS_Interface)
  88 0004 0E94 0000 		call RNDIS_Device_ConfigureEndpoints
  89               	.LSM11:
  90 0008 80FD      		sbrc r24,0
  91 000a 00C0      		rjmp .L8
  92 000c 90E9      		ldi r25,lo8(-112)
  93 000e 00C0      		rjmp .L9
  94               	.L8:
  95 0010 90E6      		ldi r25,lo8(96)
  96               	.L9:
  97               	.LBB26:
  98               	.LBB27:
  99               	.LSM12:
 100 0012 8BB1      		in r24,43-32
 101 0014 8F70      		andi r24,lo8(15)
 102 0016 982B      		or r25,r24
 103 0018 9BB9      		out 43-32,r25
 104               	/* epilogue start */
 105               	.LBE27:
 106               	.LBE26:
 107               	.LSM13:
 108 001a 0895      		ret
 109               	.LFE115:
 111               		.section	.text.SetupHardware,"ax",@progbits
 112               	.global	SetupHardware
 114               	SetupHardware:
 115               	.LFB112:
 116               	.LSM14:
 117               	/* prologue: function */
 118               	/* frame size = 0 */
 119               	.LSM15:
 120 0000 84B7      		in r24,84-32
 121 0002 877F      		andi r24,lo8(-9)
 122 0004 84BF      		out 84-32,r24
 123               	.LSM16:
 124 0006 28E1      		ldi r18,lo8(24)
 125               	/* #APP */
 126               	 ;  115 "RNDISEthernet.c" 1
 127 0008 0FB6      		in __tmp_reg__, __SREG__
 128 000a F894      		cli
 129 000c 2093 6000 		sts 96, r18
 130 0010 1092 6000 		sts 96, __zero_reg__
 131 0014 0FBE      		out __SREG__,__tmp_reg__
 132               		
 133               	 ;  0 "" 2
 134               	/* #NOAPP */
 135               	.LBB28:
 136               	.LBB29:
 137               	.LSM17:
 138 0016 90E0      		ldi r25,lo8(0)
 139 0018 80E8      		ldi r24,lo8(-128)
 140               	/* #APP */
 141               	 ;  1394 "/usr/lib/gcc/avr/4.3.5/../../../avr/include/avr/power.h" 1
 142 001a 0FB6      		in __tmp_reg__,__SREG__
 143 001c F894      		cli
 144 001e 8093 6100 		sts 97, r24
 145 0022 9093 6100 		sts 97, r25
 146 0026 0FBE      		out __SREG__, __tmp_reg__
 147               	 ;  0 "" 2
 148               	/* #NOAPP */
 149               	.LBE29:
 150               	.LBE28:
 151               	.LBB30:
 152               	.LBB31:
 153               	.LSM18:
 154 0028 8AB1      		in r24,42-32
 155 002a 806F      		ori r24,lo8(-16)
 156 002c 8AB9      		out 42-32,r24
 157               	.LSM19:
 158 002e 8BB1      		in r24,43-32
 159 0030 8F70      		andi r24,lo8(15)
 160 0032 8BB9      		out 43-32,r24
 161               	.LBE31:
 162               	.LBE30:
 163               	.LBB32:
 164               	.LBB33:
 165               	.LSM20:
 166 0034 83E3      		ldi r24,lo8(51)
 167 0036 90E0      		ldi r25,hi8(51)
 168 0038 9093 CD00 		sts (204)+1,r25
 169 003c 8093 CC00 		sts 204,r24
 170               	.LSM21:
 171 0040 86E0      		ldi r24,lo8(6)
 172 0042 8093 CA00 		sts 202,r24
 173               	.LSM22:
 174 0046 1092 C800 		sts 200,__zero_reg__
 175               	.LSM23:
 176 004a 2093 C900 		sts 201,r18
 177               	.LSM24:
 178 004e 539A      		sbi 42-32,3
 179               	.LSM25:
 180 0050 5A9A      		sbi 43-32,2
 181               	.LBE33:
 182               	.LBE32:
 183               	.LSM26:
 184 0052 0E94 0000 		call USB_Init
 185               	.LBB34:
 186               	.LBB35:
 187               	.LSM27:
 188 0056 E0E0      		ldi r30,lo8(USARTSerialStream)
 189 0058 F0E0      		ldi r31,hi8(USARTSerialStream)
 190 005a F093 0000 		sts (__iob)+1,r31
 191 005e E093 0000 		sts __iob,r30
 192               	.LSM28:
 193 0062 F093 0000 		sts (__iob+2)+1,r31
 194 0066 E093 0000 		sts __iob+2,r30
 195               	.LSM29:
 196 006a 8EE0      		ldi r24,lo8(14)
 197 006c DF01      		movw r26,r30
 198 006e 1D92      		st X+,__zero_reg__
 199 0070 8A95      	        dec r24
 200 0072 01F4      		brne .-6
 201 0074 83E0      		ldi r24,lo8(3)
 202 0076 8093 0000 		sts USARTSerialStream+3,r24
 203 007a 80E0      		ldi r24,lo8(gs(Serial_putchar))
 204 007c 90E0      		ldi r25,hi8(gs(Serial_putchar))
 205 007e 9093 0000 		sts (USARTSerialStream+8)+1,r25
 206 0082 8093 0000 		sts USARTSerialStream+8,r24
 207 0086 80E0      		ldi r24,lo8(gs(Serial_getchar))
 208 0088 90E0      		ldi r25,hi8(gs(Serial_getchar))
 209 008a 9093 0000 		sts (USARTSerialStream+10)+1,r25
 210 008e 8093 0000 		sts USARTSerialStream+10,r24
 211               	/* epilogue start */
 212               	.LBE35:
 213               	.LBE34:
 214               	.LSM30:
 215 0092 0895      		ret
 216               	.LFE112:
 218               		.section	.text.main,"ax",@progbits
 219               	.global	main
 221               	main:
 222               	.LFB111:
 223               	.LSM31:
 224               	/* prologue: function */
 225               	/* frame size = 0 */
 226               	.LSM32:
 227 0000 0E94 0000 		call SetupHardware
 228               	.LSM33:
 229 0004 0E94 0000 		call TCP_Init
 230               	.LSM34:
 231 0008 0E94 0000 		call Webserver_Init
 232               	.LBB36:
 233               	.LBB37:
 234               	.LSM35:
 235 000c 8BB1      		in r24,43-32
 236 000e 8F70      		andi r24,lo8(15)
 237 0010 8061      		ori r24,lo8(16)
 238 0012 8BB9      		out 43-32,r24
 239               	.LBE37:
 240               	.LBE36:
 241               	.LSM36:
 242               	/* #APP */
 243               	 ;  83 "RNDISEthernet.c" 1
 244 0014 7894      		sei
 245               	 ;  0 "" 2
 246               	/* #NOAPP */
 247               	.L16:
 248               	.LSM37:
 249 0016 80E0      		ldi r24,lo8(Ethernet_RNDIS_Interface)
 250 0018 90E0      		ldi r25,hi8(Ethernet_RNDIS_Interface)
 251 001a 0E94 0000 		call RNDIS_Device_IsPacketReceived
 252 001e 8823      		tst r24
 253 0020 01F0      		breq .L14
 254               	.LBB38:
 255               	.LBB39:
 256               	.LSM38:
 257 0022 8BB1      		in r24,43-32
 258 0024 8F70      		andi r24,lo8(15)
 259 0026 8062      		ori r24,lo8(32)
 260 0028 8BB9      		out 43-32,r24
 261               	.LBE39:
 262               	.LBE38:
 263               	.LSM39:
 264 002a 80E0      		ldi r24,lo8(Ethernet_RNDIS_Interface)
 265 002c 90E0      		ldi r25,hi8(Ethernet_RNDIS_Interface)
 266 002e 60E0      		ldi r22,lo8(FrameIN)
 267 0030 70E0      		ldi r23,hi8(FrameIN)
 268 0032 40E0      		ldi r20,lo8(FrameIN+1500)
 269 0034 50E0      		ldi r21,hi8(FrameIN+1500)
 270 0036 0E94 0000 		call RNDIS_Device_ReadPacket
 271               	.LSM40:
 272 003a 80E0      		ldi r24,lo8(FrameIN)
 273 003c 90E0      		ldi r25,hi8(FrameIN)
 274 003e 60E0      		ldi r22,lo8(FrameOUT)
 275 0040 70E0      		ldi r23,hi8(FrameOUT)
 276 0042 0E94 0000 		call Ethernet_ProcessPacket
 277               	.LSM41:
 278 0046 4091 0000 		lds r20,FrameOUT+1500
 279 004a 5091 0000 		lds r21,(FrameOUT+1500)+1
 280 004e 4115      		cp r20,__zero_reg__
 281 0050 5105      		cpc r21,__zero_reg__
 282 0052 01F0      		breq .L15
 283               	.LSM42:
 284 0054 80E0      		ldi r24,lo8(Ethernet_RNDIS_Interface)
 285 0056 90E0      		ldi r25,hi8(Ethernet_RNDIS_Interface)
 286 0058 60E0      		ldi r22,lo8(FrameOUT)
 287 005a 70E0      		ldi r23,hi8(FrameOUT)
 288 005c 0E94 0000 		call RNDIS_Device_SendPacket
 289               	.LSM43:
 290 0060 1092 0000 		sts (FrameOUT+1500)+1,__zero_reg__
 291 0064 1092 0000 		sts FrameOUT+1500,__zero_reg__
 292               	.L15:
 293               	.LBB40:
 294               	.LBB41:
 295               	.LSM44:
 296 0068 8BB1      		in r24,43-32
 297 006a 8F70      		andi r24,lo8(15)
 298 006c 8066      		ori r24,lo8(96)
 299 006e 8BB9      		out 43-32,r24
 300               	.L14:
 301               	.LBE41:
 302               	.LBE40:
 303               	.LSM45:
 304 0070 80E0      		ldi r24,lo8(Ethernet_RNDIS_Interface)
 305 0072 90E0      		ldi r25,hi8(Ethernet_RNDIS_Interface)
 306 0074 60E0      		ldi r22,lo8(FrameOUT)
 307 0076 70E0      		ldi r23,hi8(FrameOUT)
 308 0078 0E94 0000 		call TCP_TCPTask
 309               	.LSM46:
 310 007c 80E0      		ldi r24,lo8(Ethernet_RNDIS_Interface)
 311 007e 90E0      		ldi r25,hi8(Ethernet_RNDIS_Interface)
 312 0080 0E94 0000 		call RNDIS_Device_USBTask
 313               	.LSM47:
 314 0084 0E94 0000 		call USB_USBTask
 315 0088 00C0      		rjmp .L16
 316               	.LFE111:
 318               	.global	Ethernet_RNDIS_Interface
 319               		.data
 320               	.LC0:
 321 0000 4C55 4641 		.string	"LUFA RNDIS Demo Adapter"
 321      2052 4E44 
 321      4953 2044 
 321      656D 6F20 
 321      4164 6170 
 324               	Ethernet_RNDIS_Interface:
 325 0018 00        		.byte	0
 326 0019 01        		.byte	1
 327 001a 4000      		.word	64
 328 001c 00        		.byte	0
 329 001d 02        		.byte	2
 330 001e 4000      		.word	64
 331 0020 00        		.byte	0
 332 0021 03        		.byte	3
 333 0022 0800      		.word	8
 334 0024 00        		.byte	0
 335 0025 0000      		.word	.LC0
 336 0027 02        		.byte	2
 337 0028 00        		.byte	0
 338 0029 02        		.byte	2
 339 002a 00        		.byte	0
 340 002b 02        		.byte	2
 341 002c 00        		.byte	0
 342 002d 0000 0000 		.skip 134,0
 342      0000 0000 
 342      0000 0000 
 342      0000 0000 
 342      0000 0000 
 343               		.lcomm FrameIN,1502
 344               		.lcomm FrameOUT,1502
 409               	.Letext0:
DEFINED SYMBOLS
                            *ABS*:00000000 RNDISEthernet.c
     /tmp/cc1hbI2F.s:2      *ABS*:0000003f __SREG__
     /tmp/cc1hbI2F.s:3      *ABS*:0000003e __SP_H__
     /tmp/cc1hbI2F.s:4      *ABS*:0000003d __SP_L__
     /tmp/cc1hbI2F.s:5      *ABS*:00000034 __CCP__
     /tmp/cc1hbI2F.s:6      *ABS*:00000000 __tmp_reg__
     /tmp/cc1hbI2F.s:7      *ABS*:00000001 __zero_reg__
     /tmp/cc1hbI2F.s:19     .text.EVENT_USB_Device_Connect:00000000 EVENT_USB_Device_Connect
     /tmp/cc1hbI2F.s:41     .text.EVENT_USB_Device_Disconnect:00000000 EVENT_USB_Device_Disconnect
     /tmp/cc1hbI2F.s:63     .text.EVENT_USB_Device_ControlRequest:00000000 EVENT_USB_Device_ControlRequest
     /tmp/cc1hbI2F.s:324    .data:00000018 Ethernet_RNDIS_Interface
     /tmp/cc1hbI2F.s:80     .text.EVENT_USB_Device_ConfigurationChanged:00000000 EVENT_USB_Device_ConfigurationChanged
     /tmp/cc1hbI2F.s:114    .text.SetupHardware:00000000 SetupHardware
     /tmp/cc1hbI2F.s:221    .text.main:00000000 main
                             .bss:00000000 FrameIN
     /tmp/cc1hbI2F.s:343    .bss:000005de FrameOUT

UNDEFINED SYMBOLS
RNDIS_Device_ProcessControlRequest
RNDIS_Device_ConfigureEndpoints
USB_Init
USARTSerialStream
__iob
Serial_putchar
Serial_getchar
TCP_Init
Webserver_Init
RNDIS_Device_IsPacketReceived
RNDIS_Device_ReadPacket
Ethernet_ProcessPacket
RNDIS_Device_SendPacket
TCP_TCPTask
RNDIS_Device_USBTask
USB_USBTask
__do_copy_data
__do_clear_bss
