Archive member included because of file (symbol)

/usr/lib/gcc/avr/4.3.5/avr51/libgcc.a(_mulsi3.o)
                              ../../../../LUFA/Drivers/USB/Class/Host/MassStorage.o (__mulsi3)
/usr/lib/gcc/avr/4.3.5/avr51/libgcc.a(_exit.o)
                              /usr/lib/gcc/avr/4.3.5/../../../avr/lib/avr51/crtusb1287.o (exit)
/usr/lib/gcc/avr/4.3.5/avr51/libgcc.a(_clear_bss.o)
                              DeviceFunctions.o (__do_clear_bss)
/usr/lib/gcc/avr/4.3.5/../../../avr/lib/avr51/libc.a(memcpy_P.o)
                              ../../../../LUFA/Drivers/USB/Class/Device/RNDIS.o (memcpy_P)
/usr/lib/gcc/avr/4.3.5/../../../avr/lib/avr51/libc.a(memcmp.o)
                              ../../../../LUFA/Drivers/USB/Class/Device/HID.o (memcmp)
/usr/lib/gcc/avr/4.3.5/../../../avr/lib/avr51/libc.a(memcpy.o)
                              ../../../../LUFA/Drivers/USB/Class/Device/HID.o (memcpy)
/usr/lib/gcc/avr/4.3.5/../../../avr/lib/avr51/libc.a(memmove.o)
                              ../../../../LUFA/Drivers/USB/Class/Host/Printer.o (memmove)
/usr/lib/gcc/avr/4.3.5/../../../avr/lib/avr51/libc.a(memset.o)
                              ../../../../LUFA/Drivers/USB/Class/Device/HID.o (memset)
/usr/lib/gcc/avr/4.3.5/../../../avr/lib/avr51/libc.a(iob.o)
                              MouseHostDevice.o (__iob)
/usr/lib/gcc/avr/4.3.5/../../../avr/lib/avr51/libc.a(printf_p.o)
                              MouseHostDevice.o (printf_P)
/usr/lib/gcc/avr/4.3.5/../../../avr/lib/avr51/libc.a(puts.o)
                              HostFunctions.o (puts)
/usr/lib/gcc/avr/4.3.5/../../../avr/lib/avr51/libc.a(puts_p.o)
                              MouseHostDevice.o (puts_P)
/usr/lib/gcc/avr/4.3.5/../../../avr/lib/avr51/libc.a(vfprintf_std.o)
                              /usr/lib/gcc/avr/4.3.5/../../../avr/lib/avr51/libc.a(printf_p.o) (vfprintf)
/usr/lib/gcc/avr/4.3.5/../../../avr/lib/avr51/libc.a(eerd_byte_at90usb1287.o)
                              ../../../../LUFA/Drivers/USB/Core/AVR8/EndpointStream_AVR8.o (__eerd_byte_usb1287)
/usr/lib/gcc/avr/4.3.5/../../../avr/lib/avr51/libc.a(eeupd_byte_at90usb1287.o)
                              ../../../../LUFA/Drivers/USB/Core/AVR8/EndpointStream_AVR8.o (__eeupd_byte_usb1287)
/usr/lib/gcc/avr/4.3.5/../../../avr/lib/avr51/libc.a(strnlen_P.o)
                              /usr/lib/gcc/avr/4.3.5/../../../avr/lib/avr51/libc.a(vfprintf_std.o) (strnlen_P)
/usr/lib/gcc/avr/4.3.5/../../../avr/lib/avr51/libc.a(strnlen.o)
                              /usr/lib/gcc/avr/4.3.5/../../../avr/lib/avr51/libc.a(vfprintf_std.o) (strnlen)
/usr/lib/gcc/avr/4.3.5/../../../avr/lib/avr51/libc.a(fputc.o)
                              /usr/lib/gcc/avr/4.3.5/../../../avr/lib/avr51/libc.a(vfprintf_std.o) (fputc)
/usr/lib/gcc/avr/4.3.5/../../../avr/lib/avr51/libc.a(ultoa_invert.o)
                              /usr/lib/gcc/avr/4.3.5/../../../avr/lib/avr51/libc.a(vfprintf_std.o) (__ultoa_invert)

Allocating common symbols
Common symbol       size              file

USB_IsInitialized   0x1               ../../../../LUFA/Drivers/USB/Core/USBTask.o
USB_Host_ConfigurationNumber
                    0x1               ../../../../LUFA/Drivers/USB/Core/HostStandardReq.o
USB_DeviceState     0x1               ../../../../LUFA/Drivers/USB/Core/USBTask.o
USB_Device_ConfigurationNumber
                    0x1               ../../../../LUFA/Drivers/USB/Core/DeviceStandardReq.o
USB_Device_CurrentlySelfPowered
                    0x1               ../../../../LUFA/Drivers/USB/Core/DeviceStandardReq.o
USARTSerialStream   0xe               ../../../../LUFA/Drivers/Peripheral/AVR8/Serial_AVR8.o
USB_ControlRequest  0x8               ../../../../LUFA/Drivers/USB/Core/USBTask.o
USB_HostState       0x1               ../../../../LUFA/Drivers/USB/Core/USBTask.o
USB_Device_RemoteWakeupEnabled
                    0x1               ../../../../LUFA/Drivers/USB/Core/DeviceStandardReq.o
__iob               0x6               /usr/lib/gcc/avr/4.3.5/../../../avr/lib/avr51/libc.a(iob.o)

Discarded input sections

 .data          0x00000000        0x0 /usr/lib/gcc/avr/4.3.5/../../../avr/lib/avr51/crtusb1287.o
 .bss           0x00000000        0x0 /usr/lib/gcc/avr/4.3.5/../../../avr/lib/avr51/crtusb1287.o
 .text          0x00000000        0x0 MouseHostDevice.o
 .data          0x00000000        0x0 MouseHostDevice.o
 .bss           0x00000000        0x0 MouseHostDevice.o
 .text          0x00000000        0x0 Descriptors.o
 .data          0x00000000        0x0 Descriptors.o
 .bss           0x00000000        0x0 Descriptors.o
 .text          0x00000000        0x0 DeviceFunctions.o
 .text          0x00000000        0x0 HostFunctions.o
 .bss           0x00000000        0x0 HostFunctions.o
 .text          0x00000000        0x0 ../../../../LUFA/Drivers/USB/Core/AVR8/Device_AVR8.o
 .data          0x00000000        0x0 ../../../../LUFA/Drivers/USB/Core/AVR8/Device_AVR8.o
[...]
Memory Configuration

Name             Origin             Length             Attributes
text             0x00000000         0x00020000         xr
data             0x00800060         0x0000ffa0         rw !x
eeprom           0x00810000         0x00010000         rw !x
fuse             0x00820000         0x00000400         rw !x
lock             0x00830000         0x00000400         rw !x
signature        0x00840000         0x00000400         rw !x
*default*        0x00000000         0xffffffff

Linker script and memory map

Address of section .data set to 0x800100
LOAD /usr/lib/gcc/avr/4.3.5/../../../avr/lib/avr51/crtusb1287.o
LOAD MouseHostDevice.o
LOAD Descriptors.o
LOAD DeviceFunctions.o
LOAD HostFunctions.o
LOAD ../../../../LUFA/Drivers/USB/Core/AVR8/Device_AVR8.o
LOAD ../../../../LUFA/Drivers/USB/Core/AVR8/Endpoint_AVR8.o
LOAD ../../../../LUFA/Drivers/USB/Core/AVR8/Host_AVR8.o
LOAD ../../../../LUFA/Drivers/USB/Core/AVR8/Pipe_AVR8.o
LOAD ../../../../LUFA/Drivers/USB/Core/AVR8/USBController_AVR8.o
LOAD ../../../../LUFA/Drivers/USB/Core/AVR8/USBInterrupt_AVR8.o
LOAD ../../../../LUFA/Drivers/USB/Core/AVR8/EndpointStream_AVR8.o
LOAD ../../../../LUFA/Drivers/USB/Core/AVR8/PipeStream_AVR8.o
LOAD ../../../../LUFA/Drivers/USB/Core/ConfigDescriptor.o
LOAD ../../../../LUFA/Drivers/USB/Core/DeviceStandardReq.o
LOAD ../../../../LUFA/Drivers/USB/Core/Events.o
LOAD ../../../../LUFA/Drivers/USB/Core/HostStandardReq.o
LOAD ../../../../LUFA/Drivers/USB/Core/USBTask.o
LOAD ../../../../LUFA/Drivers/USB/Class/Common/HIDParser.o
LOAD ../../../../LUFA/Drivers/USB/Class/Device/Audio.o
LOAD ../../../../LUFA/Drivers/USB/Class/Device/CDC.o
LOAD ../../../../LUFA/Drivers/USB/Class/Device/HID.o
LOAD ../../../../LUFA/Drivers/USB/Class/Device/MassStorage.o
LOAD ../../../../LUFA/Drivers/USB/Class/Device/MIDI.o
LOAD ../../../../LUFA/Drivers/USB/Class/Device/RNDIS.o
LOAD ../../../../LUFA/Drivers/USB/Class/Host/Audio.o
LOAD ../../../../LUFA/Drivers/USB/Class/Host/CDC.o
LOAD ../../../../LUFA/Drivers/USB/Class/Host/HID.o
LOAD ../../../../LUFA/Drivers/USB/Class/Host/MassStorage.o
LOAD ../../../../LUFA/Drivers/USB/Class/Host/MIDI.o
LOAD ../../../../LUFA/Drivers/USB/Class/Host/Printer.o
LOAD ../../../../LUFA/Drivers/USB/Class/Host/RNDIS.o
LOAD ../../../../LUFA/Drivers/USB/Class/Host/StillImage.o
LOAD ../../../../LUFA/Drivers/Peripheral/AVR8/Serial_AVR8.o
LOAD /usr/lib/gcc/avr/4.3.5/../../../avr/lib/avr51/libm.a
LOAD /usr/lib/gcc/avr/4.3.5/avr51/libgcc.a
LOAD /usr/lib/gcc/avr/4.3.5/../../../avr/lib/avr51/libc.a
LOAD /usr/lib/gcc/avr/4.3.5/avr51/libgcc.a

.hash
 *(.hash)

.dynsym
 *(.dynsym)

.dynstr
 *(.dynstr)

.gnu.version
 *(.gnu.version)

.gnu.version_d
 *(.gnu.version_d)

.gnu.version_r
 *(.gnu.version_r)

.rel.init
 *(.rel.init)

.rela.init
 *(.rela.init)

.rel.text
 *(.rel.text)
 *(.rel.text.*)
 *(.rel.gnu.linkonce.t*)

.rela.text
 *(.rela.text)
 *(.rela.text.*)
 *(.rela.gnu.linkonce.t*)

.rel.fini
 *(.rel.fini)

.rela.fini
 *(.rela.fini)

.rel.rodata
 *(.rel.rodata)
 *(.rel.rodata.*)
 *(.rel.gnu.linkonce.r*)

.rela.rodata
 *(.rela.rodata)
 *(.rela.rodata.*)
 *(.rela.gnu.linkonce.r*)

.rel.data
 *(.rel.data)
 *(.rel.data.*)
 *(.rel.gnu.linkonce.d*)

.rela.data
 *(.rela.data)
 *(.rela.data.*)
 *(.rela.gnu.linkonce.d*)

.rel.ctors
 *(.rel.ctors)

.rela.ctors
 *(.rela.ctors)

.rel.dtors
 *(.rel.dtors)

.rela.dtors
 *(.rela.dtors)

.rel.got
 *(.rel.got)

.rela.got
 *(.rela.got)

.rel.bss
 *(.rel.bss)

.rela.bss
 *(.rela.bss)

.rel.plt
 *(.rel.plt)

.rela.plt
 *(.rela.plt)

.text           0x00000000     0x2b6e
 *(.vectors)
 .vectors       0x00000000       0x98 /usr/lib/gcc/avr/4.3.5/../../../avr/lib/avr51/crtusb1287.o
                0x00000000                __vectors
                0x00000000                __vector_default
 *(.vectors)
 *(.progmem.gcc*)
 *(.progmem*)
 .progmem.data  0x00000098       0x5a MouseHostDevice.o
 .progmem.data  0x000000f2       0xae Descriptors.o
                0x000000f2                MouseReport
                0x0000012c                DeviceDescriptor
                0x0000013e                ConfigurationDescriptor
                0x00000160                LanguageString
                0x00000164                ManufacturerString
                0x0000017e                ProductString
 .progmem.data  0x000001a0       0xc9 HostFunctions.o
                0x0000026a                . = ALIGN (0x2)
 *fill*         0x00000269        0x1 00
                0x0000026a                __trampolines_start = .
 *(.trampolines)
 .trampolines   0x0000026a        0x0 linker stubs
 *(.trampolines*)
                0x0000026a                __trampolines_end = .
 *(.jumptables)
 *(.jumptables*)
 *(.lowtext)
 *(.lowtext*)
                0x0000026a                __ctors_start = .
 *(.ctors)
                0x0000026a                __ctors_end = .
                0x0000026a                __dtors_start = .
 *(.dtors)
                0x0000026a                __dtors_end = .
 SORT(*)(.ctors)
 SORT(*)(.dtors)
 *(.init0)
 .init0         0x0000026a        0x0 /usr/lib/gcc/avr/4.3.5/../../../avr/lib/avr51/crtusb1287.o
                0x0000026a                __init
 *(.init0)
 *(.init1)
 *(.init1)
 *(.init2)
 .init2         0x0000026a        0xc /usr/lib/gcc/avr/4.3.5/../../../avr/lib/avr51/crtusb1287.o
 *(.init2)
 *(.init3)
 *(.init3)
 *(.init4)
 .init4         0x00000276       0x1a /usr/lib/gcc/avr/4.3.5/../../../avr/lib/avr51/crtusb1287.o
                0x00000276                __do_copy_data
 .init4         0x00000290       0x10 /usr/lib/gcc/avr/4.3.5/avr51/libgcc.a(_clear_bss.o)
                0x00000290                __do_clear_bss
 *(.init4)
 *(.init5)
 *(.init5)
 *(.init6)
 *(.init6)
 *(.init7)
 *(.init7)
 *(.init8)
 *(.init8)
 *(.init9)
 .init9         0x000002a0        0x6 /usr/lib/gcc/avr/4.3.5/../../../avr/lib/avr51/crtusb1287.o
 *(.init9)
 *(.text)
 .text          0x000002a6        0x2 /usr/lib/gcc/avr/4.3.5/../../../avr/lib/avr51/crtusb1287.o
                0x000002a6                __vector_22
                0x000002a6                __vector_28
                0x000002a6                __vector_1
                0x000002a6                __vector_32
                0x000002a6                __vector_34
                0x000002a6                __vector_24
                0x000002a6                __vector_12
                0x000002a6                __bad_interrupt
                0x000002a6                __vector_6
                0x000002a6                __vector_31
                0x000002a6                __vector_35
                0x000002a6                __vector_3
                0x000002a6                __vector_23
                0x000002a6                __vector_30
                0x000002a6                __vector_25
                0x000002a6                __vector_11
                0x000002a6                __vector_13
                0x000002a6                __vector_17
                0x000002a6                __vector_19
                0x000002a6                __vector_7
                0x000002a6                __vector_27
                0x000002a6                __vector_5
                0x000002a6                __vector_33
                0x000002a6                __vector_37
                0x000002a6                __vector_4
                0x000002a6                __vector_9
                0x000002a6                __vector_2
                0x000002a6                __vector_21
                0x000002a6                __vector_15
                0x000002a6                __vector_36
                0x000002a6                __vector_29
                0x000002a6                __vector_8
                0x000002a6                __vector_26
                0x000002a6                __vector_14
                0x000002a6                __vector_16
                0x000002a6                __vector_18
                0x000002a6                __vector_20
                0x000002a8                . = ALIGN (0x2)
 *(.text.*)
 .text.EVENT_USB_UIDChange
                0x000002a8       0x3c MouseHostDevice.o
                0x000002a8                EVENT_USB_UIDChange
 .text.SetupHardware
                0x000002e4       0xb0 MouseHostDevice.o
                0x000002e4                SetupHardware
 .text.main     0x00000394       0x2e MouseHostDevice.o
                0x00000394                main
 .text.CALLBACK_USB_GetDescriptor
                0x000003c2       0x80 Descriptors.o
                0x000003c2                CALLBACK_USB_GetDescriptor
 .text.EVENT_USB_Device_Connect
                0x00000442        0xa DeviceFunctions.o
                0x00000442                EVENT_USB_Device_Connect
 .text.EVENT_USB_Device_Disconnect
                0x0000044c        0xa DeviceFunctions.o
                0x0000044c                EVENT_USB_Device_Disconnect
 .text.EVENT_USB_Device_StartOfFrame
                0x00000456       0x18 DeviceFunctions.o
                0x00000456                EVENT_USB_Device_StartOfFrame
 .text.CALLBACK_HID_Device_CreateHIDReport
                0x0000046e       0x66 DeviceFunctions.o
                0x0000046e                CALLBACK_HID_Device_CreateHIDReport
 .text.CALLBACK_HID_Device_ProcessHIDReport
                0x000004d4        0x2 DeviceFunctions.o
                0x000004d4                CALLBACK_HID_Device_ProcessHIDReport
 .text.EVENT_USB_Device_ControlRequest
                0x000004d6        0x8 DeviceFunctions.o
                0x000004d6                EVENT_USB_Device_ControlRequest
 .text.EVENT_USB_Device_ConfigurationChanged
                0x000004de       0x28 DeviceFunctions.o
                0x000004de                EVENT_USB_Device_ConfigurationChanged
 .text.MouseHost_Task
                0x00000506       0xca HostFunctions.o
                0x00000506                MouseHost_Task
 .text.EVENT_USB_Host_DeviceEnumerationFailed
                0x000005d0       0x58 HostFunctions.o
                0x000005d0                EVENT_USB_Host_DeviceEnumerationFailed
 .text.EVENT_USB_Host_HostError
                0x00000628       0x3a HostFunctions.o
                0x00000628                EVENT_USB_Host_HostError
 .text.EVENT_USB_Host_DeviceEnumerationComplete
                0x00000662       0xae HostFunctions.o
                0x00000662                EVENT_USB_Host_DeviceEnumerationComplete
 .text.EVENT_USB_Host_DeviceUnattached
                0x00000710       0x12 HostFunctions.o
                0x00000710                EVENT_USB_Host_DeviceUnattached
 .text.EVENT_USB_Host_DeviceAttached
                0x00000722       0x12 HostFunctions.o
                0x00000722                EVENT_USB_Host_DeviceAttached
 .text.Endpoint_ConfigureEndpoint_Prv
                0x00000734       0x6a ../../../../LUFA/Drivers/USB/Core/AVR8/Endpoint_AVR8.o
                0x00000734                Endpoint_ConfigureEndpoint_Prv
 .text.Endpoint_ClearStatusStage
                0x0000079e       0x42 ../../../../LUFA/Drivers/USB/Core/AVR8/Endpoint_AVR8.o
                0x0000079e                Endpoint_ClearStatusStage
 .text.Endpoint_WaitUntilReady
                0x000007e0       0x66 ../../../../LUFA/Drivers/USB/Core/AVR8/Endpoint_AVR8.o
                0x000007e0                Endpoint_WaitUntilReady
 .text.USB_Host_WaitMS
                0x00000846       0xa6 ../../../../LUFA/Drivers/USB/Core/AVR8/Host_AVR8.o
                0x00000846                USB_Host_WaitMS
 .text.USB_Host_ResetDevice
                0x000008ec       0x9c ../../../../LUFA/Drivers/USB/Core/AVR8/Host_AVR8.o
 .text.USB_Host_ProcessNextHostState
                0x00000988      0x256 ../../../../LUFA/Drivers/USB/Core/AVR8/Host_AVR8.o
                0x00000988                USB_Host_ProcessNextHostState
 .text.Pipe_ConfigurePipe
                0x00000bde       0xbc ../../../../LUFA/Drivers/USB/Core/AVR8/Pipe_AVR8.o
                0x00000bde                Pipe_ConfigurePipe
 .text.Pipe_ClearPipes
                0x00000c9a       0x28 ../../../../LUFA/Drivers/USB/Core/AVR8/Pipe_AVR8.o
                0x00000c9a                Pipe_ClearPipes
 .text.Pipe_IsEndpointBound
                0x00000cc2       0x44 ../../../../LUFA/Drivers/USB/Core/AVR8/Pipe_AVR8.o
                0x00000cc2                Pipe_IsEndpointBound
 .text.Pipe_WaitUntilReady
                0x00000d06       0x5e ../../../../LUFA/Drivers/USB/Core/AVR8/Pipe_AVR8.o
                0x00000d06                Pipe_WaitUntilReady
 .text.USB_Disable
                0x00000d64       0x34 ../../../../LUFA/Drivers/USB/Core/AVR8/USBController_AVR8.o
                0x00000d64                USB_Disable
 .text.USB_ResetInterface
                0x00000d98      0x11e ../../../../LUFA/Drivers/USB/Core/AVR8/USBController_AVR8.o
                0x00000d98                USB_ResetInterface
 .text.USB_Init
                0x00000eb6       0x4e ../../../../LUFA/Drivers/USB/Core/AVR8/USBController_AVR8.o
                0x00000eb6                USB_Init
 .text.USB_INT_DisableAllInterrupts
                0x00000f04       0x18 ../../../../LUFA/Drivers/USB/Core/AVR8/USBInterrupt_AVR8.o
                0x00000f04                USB_INT_DisableAllInterrupts
 .text.USB_INT_ClearAllInterrupts
                0x00000f1c       0x12 ../../../../LUFA/Drivers/USB/Core/AVR8/USBInterrupt_AVR8.o
                0x00000f1c                USB_INT_ClearAllInterrupts
 .text.__vector_10
                0x00000f2e      0x2ae ../../../../LUFA/Drivers/USB/Core/AVR8/USBInterrupt_AVR8.o
                0x00000f2e                __vector_10
 .text.Endpoint_Write_Control_Stream_LE
                0x000011dc       0xbc ../../../../LUFA/Drivers/USB/Core/AVR8/EndpointStream_AVR8.o
                0x000011dc                Endpoint_Write_Control_Stream_LE
 .text.Endpoint_Read_Control_Stream_LE
                0x00001298       0x82 ../../../../LUFA/Drivers/USB/Core/AVR8/EndpointStream_AVR8.o
                0x00001298                Endpoint_Read_Control_Stream_LE
 .text.Endpoint_Write_Control_PStream_LE
                0x0000131a       0xc2 ../../../../LUFA/Drivers/USB/Core/AVR8/EndpointStream_AVR8.o
                0x0000131a                Endpoint_Write_Control_PStream_LE
 .text.Endpoint_Write_Stream_LE
                0x000013dc       0xa4 ../../../../LUFA/Drivers/USB/Core/AVR8/EndpointStream_AVR8.o
                0x000013dc                Endpoint_Write_Stream_LE
 .text.Pipe_Read_Stream_LE
                0x00001480       0xae ../../../../LUFA/Drivers/USB/Core/AVR8/PipeStream_AVR8.o
                0x00001480                Pipe_Read_Stream_LE
 .text.USB_GetNextDescriptorComp
                0x0000152e       0x88 ../../../../LUFA/Drivers/USB/Core/ConfigDescriptor.o
                0x0000152e                USB_GetNextDescriptorComp
 .text.USB_Host_GetDeviceConfigDescriptor
                0x000015b6       0xb4 ../../../../LUFA/Drivers/USB/Core/ConfigDescriptor.o
                0x000015b6                USB_Host_GetDeviceConfigDescriptor
 .text.USB_Device_ProcessControlRequest
                0x0000166a      0x310 ../../../../LUFA/Drivers/USB/Core/DeviceStandardReq.o
                0x0000166a                USB_Device_ProcessControlRequest
 .text.USB_Event_Stub
                0x0000197a        0x2 ../../../../LUFA/Drivers/USB/Core/Events.o
                0x0000197a                EVENT_USB_Device_WakeUp
                0x0000197a                USB_Event_Stub
                0x0000197a                EVENT_USB_Device_Suspend
                0x0000197a                EVENT_USB_Device_Reset
                0x0000197a                EVENT_USB_Host_StartOfFrame
 .text.USB_Host_WaitForIOS
                0x0000197c       0x54 ../../../../LUFA/Drivers/USB/Core/HostStandardReq.o
 .text.USB_Host_SendControlRequest
                0x000019d0      0x240 ../../../../LUFA/Drivers/USB/Core/HostStandardReq.o
                0x000019d0                USB_Host_SendControlRequest
 .text.USB_Host_SetDeviceConfiguration
                0x00001c10       0x4a ../../../../LUFA/Drivers/USB/Core/HostStandardReq.o
                0x00001c10                USB_Host_SetDeviceConfiguration
 .text.USB_USBTask
                0x00001c5a       0x4a ../../../../LUFA/Drivers/USB/Core/USBTask.o
                0x00001c5a                USB_USBTask
 .text.USB_GetHIDReportSize
                0x00001ca4       0x56 ../../../../LUFA/Drivers/USB/Class/Common/HIDParser.o
                0x00001ca4                USB_GetHIDReportSize
 .text.HID_Device_USBTask
                0x00001cfa      0x176 ../../../../LUFA/Drivers/USB/Class/Device/HID.o
                0x00001cfa                HID_Device_USBTask
 .text.HID_Device_ConfigureEndpoints
                0x00001e70       0x72 ../../../../LUFA/Drivers/USB/Class/Device/HID.o
                0x00001e70                HID_Device_ConfigureEndpoints
 .text.HID_Device_ProcessControlRequest
                0x00001ee2      0x27e ../../../../LUFA/Drivers/USB/Class/Device/HID.o
                0x00001ee2                HID_Device_ProcessControlRequest
 .text.DCOMP_HID_Host_NextHIDInterface
                0x00002160       0x16 ../../../../LUFA/Drivers/USB/Class/Host/HID.o
 .text.DCOMP_HID_Host_NextHIDDescriptor
                0x00002176       0x18 ../../../../LUFA/Drivers/USB/Class/Host/HID.o
 .text.HID_Host_IsReportReceived
                0x0000218e       0x38 ../../../../LUFA/Drivers/USB/Class/Host/HID.o
                0x0000218e                HID_Host_IsReportReceived
 .text.HID_Host_SetBootProtocol
                0x000021c6       0x56 ../../../../LUFA/Drivers/USB/Class/Host/HID.o
                0x000021c6                HID_Host_SetBootProtocol
 .text.HID_Host_ReceiveReport
                0x0000221c       0x98 ../../../../LUFA/Drivers/USB/Class/Host/HID.o
                0x0000221c                HID_Host_ReceiveReport
 .text.HID_Host_ConfigurePipes
                0x000022b4      0x1d6 ../../../../LUFA/Drivers/USB/Class/Host/HID.o
                0x000022b4                HID_Host_ConfigurePipes
 .text.DCOMP_HID_Host_NextHIDInterfaceEndpoint
                0x0000248a       0x20 ../../../../LUFA/Drivers/USB/Class/Host/HID.o
 .text.Serial_putchar
                0x000024aa       0x14 ../../../../LUFA/Drivers/Peripheral/AVR8/Serial_AVR8.o
                0x000024aa                Serial_putchar
 .text.Serial_getchar
                0x000024be       0x28 ../../../../LUFA/Drivers/Peripheral/AVR8/Serial_AVR8.o
                0x000024be                Serial_getchar
 .text.avr-libc
                0x000024e6       0x1a /usr/lib/gcc/avr/4.3.5/../../../avr/lib/avr51/libc.a(memcmp.o)
                0x000024e6                memcmp
 .text.avr-libc
                0x00002500       0x12 /usr/lib/gcc/avr/4.3.5/../../../avr/lib/avr51/libc.a(memcpy.o)
                0x00002500                memcpy
 .text.avr-libc
                0x00002512        0xe /usr/lib/gcc/avr/4.3.5/../../../avr/lib/avr51/libc.a(memset.o)
                0x00002512                memset
 .text.avr-libc
                0x00002520       0x44 /usr/lib/gcc/avr/4.3.5/../../../avr/lib/avr51/libc.a(printf_p.o)
                0x00002520                printf_P
 .text.avr-libc
                0x00002564       0x6a /usr/lib/gcc/avr/4.3.5/../../../avr/lib/avr51/libc.a(puts.o)
                0x00002564                puts
 .text.avr-libc
                0x000025ce       0x6a /usr/lib/gcc/avr/4.3.5/../../../avr/lib/avr51/libc.a(puts_p.o)
                0x000025ce                puts_P
 .text.avr-libc
                0x00002638      0x3f2 /usr/lib/gcc/avr/4.3.5/../../../avr/lib/avr51/libc.a(vfprintf_std.o)
                0x00002638                vfprintf
 .text.avr-libc
                0x00002a2a       0x16 /usr/lib/gcc/avr/4.3.5/../../../avr/lib/avr51/libc.a(strnlen_P.o)
                0x00002a2a                strnlen_P
 .text.avr-libc
                0x00002a40       0x16 /usr/lib/gcc/avr/4.3.5/../../../avr/lib/avr51/libc.a(strnlen.o)
                0x00002a40                strnlen
 .text.avr-libc
                0x00002a56       0x58 /usr/lib/gcc/avr/4.3.5/../../../avr/lib/avr51/libc.a(fputc.o)
                0x00002a56                fputc
 .text.avr-libc
                0x00002aae       0xbc /usr/lib/gcc/avr/4.3.5/../../../avr/lib/avr51/libc.a(ultoa_invert.o)
                0x00002aae                __ultoa_invert
                0x00002b6a                . = ALIGN (0x2)
 *(.fini9)
 .fini9         0x00002b6a        0x0 /usr/lib/gcc/avr/4.3.5/avr51/libgcc.a(_exit.o)
                0x00002b6a                exit
                0x00002b6a                _exit
 *(.fini9)
 *(.fini8)
 *(.fini8)
 *(.fini7)
 *(.fini7)
 *(.fini6)
 *(.fini6)
 *(.fini5)
 *(.fini5)
 *(.fini4)
 *(.fini4)
 *(.fini3)
 *(.fini3)
 *(.fini2)
 *(.fini2)
 *(.fini1)
 *(.fini1)
 *(.fini0)
 .fini0         0x00002b6a        0x4 /usr/lib/gcc/avr/4.3.5/avr51/libgcc.a(_exit.o)
 *(.fini0)
                0x00002b6e                _etext = .

.data           0x00800100       0xdc load address 0x00002b6e
                0x00800100                PROVIDE (__data_start, .)
 *(.data)
 .data          0x00800100        0xd DeviceFunctions.o
                0x00800100                Mouse_HID_Device_Interface
 .data          0x0080010d       0xbe HostFunctions.o
                0x008001b8                Mouse_HID_Host_Interface
 .data          0x008001cb       0x10 ../../../../LUFA/Drivers/USB/Core/AVR8/Host_AVR8.o
 .data          0x008001db        0x1 ../../../../LUFA/Drivers/USB/Core/AVR8/Pipe_AVR8.o
                0x008001db                USB_Host_ControlPipeSize
 *(.data*)
 *(.rodata)
 *(.rodata*)
 *(.gnu.linkonce.d*)
                0x008001dc                . = ALIGN (0x2)
                0x008001dc                _edata = .
                0x008001dc                PROVIDE (__data_end, .)

.bss            0x008001dc       0x2a
                0x008001dc                PROVIDE (__bss_start, .)
 *(.bss)
 .bss           0x008001dc        0x3 DeviceFunctions.o
 .bss           0x008001df        0x3 ../../../../LUFA/Drivers/USB/Core/AVR8/Host_AVR8.o
 .bss           0x008001e2        0x1 ../../../../LUFA/Drivers/USB/Core/AVR8/USBController_AVR8.o
                0x008001e2                USB_CurrentMode
 *(.bss*)
 *(COMMON)
 COMMON         0x008001e3        0x3 ../../../../LUFA/Drivers/USB/Core/DeviceStandardReq.o
                0x008001e3                USB_Device_ConfigurationNumber
                0x008001e4                USB_Device_CurrentlySelfPowered
                0x008001e5                USB_Device_RemoteWakeupEnabled
 COMMON         0x008001e6        0x1 ../../../../LUFA/Drivers/USB/Core/HostStandardReq.o
                0x008001e6                USB_Host_ConfigurationNumber
 COMMON         0x008001e7        0xb ../../../../LUFA/Drivers/USB/Core/USBTask.o
                0x008001e7                USB_IsInitialized
                0x008001e8                USB_DeviceState
                0x008001e9                USB_ControlRequest
                0x008001f1                USB_HostState
 COMMON         0x008001f2        0xe ../../../../LUFA/Drivers/Peripheral/AVR8/Serial_AVR8.o
                0x008001f2                USARTSerialStream
 COMMON         0x00800200        0x6 /usr/lib/gcc/avr/4.3.5/../../../avr/lib/avr51/libc.a(iob.o)
                0x00800200                __iob
                0x00800206                PROVIDE (__bss_end, .)
                0x00002b6e                __data_load_start = LOADADDR (.data)
                0x00002c4a                __data_load_end = (__data_load_start + SIZEOF (.data))

.noinit         0x00800206        0x0
                0x00800206                PROVIDE (__noinit_start, .)
 *(.noinit*)
                0x00800206                PROVIDE (__noinit_end, .)
                0x00800206                _end = .
                0x00800206                PROVIDE (__heap_start, .)

.eeprom         0x00810000        0x0
 *(.eeprom*)
                0x00810000                __eeprom_end = .

.fuse
 *(.fuse)
 *(.lfuse)
 *(.hfuse)
 *(.efuse)

.lock
 *(.lock*)

.signature
 *(.signature*)

.stab           0x00000000     0x2580
 *(.stab)
 .stab          0x00000000      0x750 /usr/lib/gcc/avr/4.3.5/../../../avr/lib/avr51/crtusb1287.o
 .stab          0x00000750       0x84 /usr/lib/gcc/avr/4.3.5/../../../avr/lib/avr51/libc.a(memcpy_P.o)
                                 0x90 (size before relaxing)
 .stab          0x000007d4       0xb4 /usr/lib/gcc/avr/4.3.5/../../../avr/lib/avr51/libc.a(memcmp.o)
                                 0xc0 (size before relaxing)
 .stab          0x00000888       0x84 /usr/lib/gcc/avr/4.3.5/../../../avr/lib/avr51/libc.a(memcpy.o)
                                 0x90 (size before relaxing)
 .stab          0x0000090c       0xe4 /usr/lib/gcc/avr/4.3.5/../../../avr/lib/avr51/libc.a(memmove.o)
                                 0xf0 (size before relaxing)
 .stab          0x000009f0       0x6c /usr/lib/gcc/avr/4.3.5/../../../avr/lib/avr51/libc.a(memset.o)
                                 0x78 (size before relaxing)
 .stab          0x00000a5c      0x300 /usr/lib/gcc/avr/4.3.5/../../../avr/lib/avr51/libc.a(iob.o)
                                0x30c (size before relaxing)
 .stab          0x00000d5c      0x1a4 /usr/lib/gcc/avr/4.3.5/../../../avr/lib/avr51/libc.a(printf_p.o)
                                0x384 (size before relaxing)
 .stab          0x00000f00      0x1d4 /usr/lib/gcc/avr/4.3.5/../../../avr/lib/avr51/libc.a(puts.o)
                                0x3b4 (size before relaxing)
 .stab          0x000010d4      0x294 /usr/lib/gcc/avr/4.3.5/../../../avr/lib/avr51/libc.a(puts_p.o)
                                0x474 (size before relaxing)
 .stab          0x00001368      0x8e8 /usr/lib/gcc/avr/4.3.5/../../../avr/lib/avr51/libc.a(vfprintf_std.o)
                                0xb58 (size before relaxing)
 .stab          0x00001c50       0x90 /usr/lib/gcc/avr/4.3.5/../../../avr/lib/avr51/libc.a(eerd_byte_at90usb1287.o)
                                 0x9c (size before relaxing)
 .stab          0x00001ce0      0x114 /usr/lib/gcc/avr/4.3.5/../../../avr/lib/avr51/libc.a(eeupd_byte_at90usb1287.o)
                                0x120 (size before relaxing)
 .stab          0x00001df4       0x9c /usr/lib/gcc/avr/4.3.5/../../../avr/lib/avr51/libc.a(strnlen_P.o)
                                 0xa8 (size before relaxing)
 .stab          0x00001e90       0x9c /usr/lib/gcc/avr/4.3.5/../../../avr/lib/avr51/libc.a(strnlen.o)
                                 0xa8 (size before relaxing)
 .stab          0x00001f2c      0x1d4 /usr/lib/gcc/avr/4.3.5/../../../avr/lib/avr51/libc.a(fputc.o)
                                0x3b4 (size before relaxing)
 .stab          0x00002100      0x480 /usr/lib/gcc/avr/4.3.5/../../../avr/lib/avr51/libc.a(ultoa_invert.o)
                                0x48c (size before relaxing)

.stabstr        0x00000000      0xebd
 *(.stabstr)
 .stabstr       0x00000000      0xebd /usr/lib/gcc/avr/4.3.5/../../../avr/lib/avr51/crtusb1287.o

.stab.excl
 *(.stab.excl)

.stab.exclstr
 *(.stab.exclstr)

.stab.index
 *(.stab.index)

.stab.indexstr
 *(.stab.indexstr)

.comment
 *(.comment)

.debug
 *(.debug)

.line
 *(.line)

.debug_srcinfo
 *(.debug_srcinfo)

.debug_sfnames
 *(.debug_sfnames)

.debug_aranges  0x00000000      0xa48
 *(.debug_aranges)
 .debug_aranges
                0x00000000       0x30 MouseHostDevice.o
 .debug_aranges
                0x00000030       0x20 Descriptors.o
 .debug_aranges
                0x00000050       0x50 DeviceFunctions.o
 .debug_aranges
                0x000000a0       0x48 HostFunctions.o
 .debug_aranges
                0x000000e8       0x20 ../../../../LUFA/Drivers/USB/Core/AVR8/Device_AVR8.o
 .debug_aranges
                0x00000108       0x38 ../../../../LUFA/Drivers/USB/Core/AVR8/Endpoint_AVR8.o
 .debug_aranges
                0x00000140       0x30 ../../../../LUFA/Drivers/USB/Core/AVR8/Host_AVR8.o
 .debug_aranges
                0x00000170       0x38 ../../../../LUFA/Drivers/USB/Core/AVR8/Pipe_AVR8.o
 .debug_aranges
                0x000001a8       0x30 ../../../../LUFA/Drivers/USB/Core/AVR8/USBController_AVR8.o
 .debug_aranges
                0x000001d8       0x30 ../../../../LUFA/Drivers/USB/Core/AVR8/USBInterrupt_AVR8.o
 .debug_aranges
                0x00000208       0xc8 ../../../../LUFA/Drivers/USB/Core/AVR8/EndpointStream_AVR8.o
 .debug_aranges
                0x000002d0       0x78 ../../../../LUFA/Drivers/USB/Core/AVR8/PipeStream_AVR8.o
 .debug_aranges
                0x00000348       0x40 ../../../../LUFA/Drivers/USB/Core/ConfigDescriptor.o
 .debug_aranges
                0x00000388       0x20 ../../../../LUFA/Drivers/USB/Core/DeviceStandardReq.o
 .debug_aranges
                0x000003a8       0x20 ../../../../LUFA/Drivers/USB/Core/Events.o
 .debug_aranges
                0x000003c8       0x58 ../../../../LUFA/Drivers/USB/Core/HostStandardReq.o
 .debug_aranges
                0x00000420       0x20 ../../../../LUFA/Drivers/USB/Core/USBTask.o
 .debug_aranges
                0x00000440       0x38 ../../../../LUFA/Drivers/USB/Class/Common/HIDParser.o
 .debug_aranges
                0x00000478       0x30 ../../../../LUFA/Drivers/USB/Class/Device/Audio.o
 .debug_aranges
                0x000004a8       0x98 ../../../../LUFA/Drivers/USB/Class/Device/CDC.o
 .debug_aranges
                0x00000540       0x30 ../../../../LUFA/Drivers/USB/Class/Device/HID.o
 .debug_aranges
                0x00000570       0x30 ../../../../LUFA/Drivers/USB/Class/Device/MassStorage.o
 .debug_aranges
                0x000005a0       0x40 ../../../../LUFA/Drivers/USB/Class/Device/MIDI.o
 .debug_aranges
                0x000005e0       0x48 ../../../../LUFA/Drivers/USB/Class/Device/RNDIS.o
 .debug_aranges
                0x00000628       0x48 ../../../../LUFA/Drivers/USB/Class/Host/Audio.o
 .debug_aranges
                0x00000670       0xb8 ../../../../LUFA/Drivers/USB/Class/Host/CDC.o
 .debug_aranges
                0x00000728       0x70 ../../../../LUFA/Drivers/USB/Class/Host/HID.o
 .debug_aranges
                0x00000798       0x90 ../../../../LUFA/Drivers/USB/Class/Host/MassStorage.o
 .debug_aranges
                0x00000828       0x50 ../../../../LUFA/Drivers/USB/Class/Host/MIDI.o
 .debug_aranges
                0x00000878       0x88 ../../../../LUFA/Drivers/USB/Class/Host/Printer.o
 .debug_aranges
                0x00000900       0x80 ../../../../LUFA/Drivers/USB/Class/Host/RNDIS.o
 .debug_aranges
                0x00000980       0x80 ../../../../LUFA/Drivers/USB/Class/Host/StillImage.o
 .debug_aranges
                0x00000a00       0x48 ../../../../LUFA/Drivers/Peripheral/AVR8/Serial_AVR8.o

.debug_pubnames
                0x00000000     0x1a50
 *(.debug_pubnames)
 .debug_pubnames
                0x00000000       0x45 MouseHostDevice.o
 .debug_pubnames
                0x00000045       0xae Descriptors.o
 .debug_pubnames
                0x000000f3      0x12f DeviceFunctions.o
 .debug_pubnames
                0x00000222       0xfd HostFunctions.o
 .debug_pubnames
                0x0000031f       0x32 ../../../../LUFA/Drivers/USB/Core/AVR8/Device_AVR8.o
 .debug_pubnames
                0x00000351       0x8b ../../../../LUFA/Drivers/USB/Core/AVR8/Endpoint_AVR8.o
 .debug_pubnames
                0x000003dc       0x48 ../../../../LUFA/Drivers/USB/Core/AVR8/Host_AVR8.o
 .debug_pubnames
                0x00000424       0x8b ../../../../LUFA/Drivers/USB/Core/AVR8/Pipe_AVR8.o
 .debug_pubnames
                0x000004af       0x5a ../../../../LUFA/Drivers/USB/Core/AVR8/USBController_AVR8.o
 .debug_pubnames
                0x00000509       0x62 ../../../../LUFA/Drivers/USB/Core/AVR8/USBInterrupt_AVR8.o
 .debug_pubnames
                0x0000056b      0x2df ../../../../LUFA/Drivers/USB/Core/AVR8/EndpointStream_AVR8.o
 .debug_pubnames
                0x0000084a      0x13b ../../../../LUFA/Drivers/USB/Core/AVR8/PipeStream_AVR8.o
 .debug_pubnames
                0x00000985       0xc2 ../../../../LUFA/Drivers/USB/Core/ConfigDescriptor.o
 .debug_pubnames
                0x00000a47       0xa1 ../../../../LUFA/Drivers/USB/Core/DeviceStandardReq.o
 .debug_pubnames
                0x00000ae8       0x25 ../../../../LUFA/Drivers/USB/Core/Events.o
 .debug_pubnames
                0x00000b0d      0x11c ../../../../LUFA/Drivers/USB/Core/HostStandardReq.o
 .debug_pubnames
                0x00000c29       0x75 ../../../../LUFA/Drivers/USB/Core/USBTask.o
 .debug_pubnames
                0x00000c9e       0x7e ../../../../LUFA/Drivers/USB/Class/Common/HIDParser.o
 .debug_pubnames
                0x00000d1c       0x79 ../../../../LUFA/Drivers/USB/Class/Device/Audio.o
 .debug_pubnames
                0x00000d95      0x18b ../../../../LUFA/Drivers/USB/Class/Device/CDC.o
 .debug_pubnames
                0x00000f20       0x70 ../../../../LUFA/Drivers/USB/Class/Device/HID.o
 .debug_pubnames
                0x00000f90       0x6d ../../../../LUFA/Drivers/USB/Class/Device/MassStorage.o
 .debug_pubnames
                0x00000ffd       0xa6 ../../../../LUFA/Drivers/USB/Class/Device/MIDI.o
 .debug_pubnames
                0x000010a3       0xd0 ../../../../LUFA/Drivers/USB/Class/Device/RNDIS.o
 .debug_pubnames
                0x00001173       0x78 ../../../../LUFA/Drivers/USB/Class/Host/Audio.o
 .debug_pubnames
                0x000011eb      0x17e ../../../../LUFA/Drivers/USB/Class/Host/CDC.o
 .debug_pubnames
                0x00001369       0xf9 ../../../../LUFA/Drivers/USB/Class/Host/HID.o
 .debug_pubnames
                0x00001462      0x12e ../../../../LUFA/Drivers/USB/Class/Host/MassStorage.o
 .debug_pubnames
                0x00001590       0x98 ../../../../LUFA/Drivers/USB/Class/Host/MIDI.o
 .debug_pubnames
                0x00001628      0x147 ../../../../LUFA/Drivers/USB/Class/Host/Printer.o
 .debug_pubnames
                0x0000176f      0x103 ../../../../LUFA/Drivers/USB/Class/Host/RNDIS.o
 .debug_pubnames
                0x00001872      0x132 ../../../../LUFA/Drivers/USB/Class/Host/StillImage.o
 .debug_pubnames
                0x000019a4       0xac ../../../../LUFA/Drivers/Peripheral/AVR8/Serial_AVR8.o

.debug_info     0x00000000    0x1312c
 *(.debug_info)
 .debug_info    0x00000000      0x933 MouseHostDevice.o
 .debug_info    0x00000933      0x63e Descriptors.o
 .debug_info    0x00000f71      0x611 DeviceFunctions.o
 .debug_info    0x00001582      0x95a HostFunctions.o
 .debug_info    0x00001edc       0xc4 ../../../../LUFA/Drivers/USB/Core/AVR8/Device_AVR8.o
 .debug_info    0x00001fa0      0x44d ../../../../LUFA/Drivers/USB/Core/AVR8/Endpoint_AVR8.o
 .debug_info    0x000023ed      0x9d4 ../../../../LUFA/Drivers/USB/Core/AVR8/Host_AVR8.o
 .debug_info    0x00002dc1      0x544 ../../../../LUFA/Drivers/USB/Core/AVR8/Pipe_AVR8.o
 .debug_info    0x00003305      0x6b7 ../../../../LUFA/Drivers/USB/Core/AVR8/USBController_AVR8.o
 .debug_info    0x000039bc      0x8ea ../../../../LUFA/Drivers/USB/Core/AVR8/USBInterrupt_AVR8.o
 .debug_info    0x000042a6     0x157b ../../../../LUFA/Drivers/USB/Core/AVR8/EndpointStream_AVR8.o
 .debug_info    0x00005821      0xa84 ../../../../LUFA/Drivers/USB/Core/AVR8/PipeStream_AVR8.o
 .debug_info    0x000062a5      0x5ee ../../../../LUFA/Drivers/USB/Core/ConfigDescriptor.o
 .debug_info    0x00006893      0xa88 ../../../../LUFA/Drivers/USB/Core/DeviceStandardReq.o
 .debug_info    0x0000731b       0x79 ../../../../LUFA/Drivers/USB/Core/Events.o
 .debug_info    0x00007394      0x90d ../../../../LUFA/Drivers/USB/Core/HostStandardReq.o
 .debug_info    0x00007ca1      0x337 ../../../../LUFA/Drivers/USB/Core/USBTask.o
 .debug_info    0x00007fd8      0x6f5 ../../../../LUFA/Drivers/USB/Class/Common/HIDParser.o
 .debug_info    0x000086cd      0x582 ../../../../LUFA/Drivers/USB/Class/Device/Audio.o
 .debug_info    0x00008c4f      0xbd8 ../../../../LUFA/Drivers/USB/Class/Device/CDC.o
 .debug_info    0x00009827      0x686 ../../../../LUFA/Drivers/USB/Class/Device/HID.o
 .debug_info    0x00009ead      0x8fb ../../../../LUFA/Drivers/USB/Class/Device/MassStorage.o
 .debug_info    0x0000a7a8      0x5d1 ../../../../LUFA/Drivers/USB/Class/Device/MIDI.o
 .debug_info    0x0000ad79      0xfbe ../../../../LUFA/Drivers/USB/Class/Device/RNDIS.o
 .debug_info    0x0000bd37      0x768 ../../../../LUFA/Drivers/USB/Class/Host/Audio.o
 .debug_info    0x0000c49f     0x103c ../../../../LUFA/Drivers/USB/Class/Host/CDC.o
 .debug_info    0x0000d4db      0xfcc ../../../../LUFA/Drivers/USB/Class/Host/HID.o
 .debug_info    0x0000e4a7     0x13bd ../../../../LUFA/Drivers/USB/Class/Host/MassStorage.o
 .debug_info    0x0000f864      0x852 ../../../../LUFA/Drivers/USB/Class/Host/MIDI.o
 .debug_info    0x000100b6      0xd85 ../../../../LUFA/Drivers/USB/Class/Host/Printer.o
 .debug_info    0x00010e3b     0x11b8 ../../../../LUFA/Drivers/USB/Class/Host/RNDIS.o
 .debug_info    0x00011ff3      0xd60 ../../../../LUFA/Drivers/USB/Class/Host/StillImage.o
 .debug_info    0x00012d53      0x3d9 ../../../../LUFA/Drivers/Peripheral/AVR8/Serial_AVR8.o
 *(.gnu.linkonce.wi.*)

.debug_abbrev   0x00000000     0x42fd
 *(.debug_abbrev)
 .debug_abbrev  0x00000000      0x22c MouseHostDevice.o
 .debug_abbrev  0x0000022c      0x16c Descriptors.o
 .debug_abbrev  0x00000398      0x243 DeviceFunctions.o
 .debug_abbrev  0x000005db      0x1ff HostFunctions.o
 .debug_abbrev  0x000007da       0x79 ../../../../LUFA/Drivers/USB/Core/AVR8/Device_AVR8.o
 .debug_abbrev  0x00000853      0x19a ../../../../LUFA/Drivers/USB/Core/AVR8/Endpoint_AVR8.o
 .debug_abbrev  0x000009ed      0x2bb ../../../../LUFA/Drivers/USB/Core/AVR8/Host_AVR8.o
 .debug_abbrev  0x00000ca8      0x1f3 ../../../../LUFA/Drivers/USB/Core/AVR8/Pipe_AVR8.o
 .debug_abbrev  0x00000e9b      0x1cb ../../../../LUFA/Drivers/USB/Core/AVR8/USBController_AVR8.o
 .debug_abbrev  0x00001066      0x187 ../../../../LUFA/Drivers/USB/Core/AVR8/USBInterrupt_AVR8.o
 .debug_abbrev  0x000011ed      0x1aa ../../../../LUFA/Drivers/USB/Core/AVR8/EndpointStream_AVR8.o
 .debug_abbrev  0x00001397      0x16f ../../../../LUFA/Drivers/USB/Core/AVR8/PipeStream_AVR8.o
 .debug_abbrev  0x00001506      0x1c8 ../../../../LUFA/Drivers/USB/Core/ConfigDescriptor.o
 .debug_abbrev  0x000016ce      0x25a ../../../../LUFA/Drivers/USB/Core/DeviceStandardReq.o
 .debug_abbrev  0x00001928       0x4a ../../../../LUFA/Drivers/USB/Core/Events.o
 .debug_abbrev  0x00001972      0x232 ../../../../LUFA/Drivers/USB/Core/HostStandardReq.o
 .debug_abbrev  0x00001ba4      0x1a4 ../../../../LUFA/Drivers/USB/Core/USBTask.o
 .debug_abbrev  0x00001d48      0x1e7 ../../../../LUFA/Drivers/USB/Class/Common/HIDParser.o
 .debug_abbrev  0x00001f2f      0x1ea ../../../../LUFA/Drivers/USB/Class/Device/Audio.o
 .debug_abbrev  0x00002119      0x2f5 ../../../../LUFA/Drivers/USB/Class/Device/CDC.o
 .debug_abbrev  0x0000240e      0x20d ../../../../LUFA/Drivers/USB/Class/Device/HID.o
 .debug_abbrev  0x0000261b      0x24f ../../../../LUFA/Drivers/USB/Class/Device/MassStorage.o
 .debug_abbrev  0x0000286a      0x216 ../../../../LUFA/Drivers/USB/Class/Device/MIDI.o
 .debug_abbrev  0x00002a80      0x2d9 ../../../../LUFA/Drivers/USB/Class/Device/RNDIS.o
 .debug_abbrev  0x00002d59      0x1b8 ../../../../LUFA/Drivers/USB/Class/Host/Audio.o
 .debug_abbrev  0x00002f11      0x322 ../../../../LUFA/Drivers/USB/Class/Host/CDC.o
 .debug_abbrev  0x00003233      0x2a6 ../../../../LUFA/Drivers/USB/Class/Host/HID.o
 .debug_abbrev  0x000034d9      0x2df ../../../../LUFA/Drivers/USB/Class/Host/MassStorage.o
 .debug_abbrev  0x000037b8      0x1df ../../../../LUFA/Drivers/USB/Class/Host/MIDI.o
 .debug_abbrev  0x00003997      0x2b0 ../../../../LUFA/Drivers/USB/Class/Host/Printer.o
 .debug_abbrev  0x00003c47      0x27b ../../../../LUFA/Drivers/USB/Class/Host/RNDIS.o
 .debug_abbrev  0x00003ec2      0x258 ../../../../LUFA/Drivers/USB/Class/Host/StillImage.o
 .debug_abbrev  0x0000411a      0x1e3 ../../../../LUFA/Drivers/Peripheral/AVR8/Serial_AVR8.o

.debug_line     0x00000000     0xd2b5
 *(.debug_line)
 .debug_line    0x00000000      0x420 MouseHostDevice.o
 .debug_line    0x00000420      0x1d7 Descriptors.o
 .debug_line    0x000005f7      0x3d4 DeviceFunctions.o
 .debug_line    0x000009cb      0x3e5 HostFunctions.o
 .debug_line    0x00000db0      0x133 ../../../../LUFA/Drivers/USB/Core/AVR8/Device_AVR8.o
 .debug_line    0x00000ee3      0x4a2 ../../../../LUFA/Drivers/USB/Core/AVR8/Endpoint_AVR8.o
 .debug_line    0x00001385      0x830 ../../../../LUFA/Drivers/USB/Core/AVR8/Host_AVR8.o
 .debug_line    0x00001bb5      0x4a2 ../../../../LUFA/Drivers/USB/Core/AVR8/Pipe_AVR8.o
 .debug_line    0x00002057      0x510 ../../../../LUFA/Drivers/USB/Core/AVR8/USBController_AVR8.o
 .debug_line    0x00002567      0x7a0 ../../../../LUFA/Drivers/USB/Core/AVR8/USBInterrupt_AVR8.o
 .debug_line    0x00002d07     0x17dc ../../../../LUFA/Drivers/USB/Core/AVR8/EndpointStream_AVR8.o
 .debug_line    0x000044e3      0xb5d ../../../../LUFA/Drivers/USB/Core/AVR8/PipeStream_AVR8.o
 .debug_line    0x00005040      0x343 ../../../../LUFA/Drivers/USB/Core/ConfigDescriptor.o
 .debug_line    0x00005383      0x654 ../../../../LUFA/Drivers/USB/Core/DeviceStandardReq.o
 .debug_line    0x000059d7       0x86 ../../../../LUFA/Drivers/USB/Core/Events.o
 .debug_line    0x00005a5d      0x704 ../../../../LUFA/Drivers/USB/Core/HostStandardReq.o
 .debug_line    0x00006161      0x299 ../../../../LUFA/Drivers/USB/Core/USBTask.o
 .debug_line    0x000063fa      0x5a4 ../../../../LUFA/Drivers/USB/Class/Common/HIDParser.o
 .debug_line    0x0000699e      0x45e ../../../../LUFA/Drivers/USB/Class/Device/Audio.o
 .debug_line    0x00006dfc      0x842 ../../../../LUFA/Drivers/USB/Class/Device/CDC.o
 .debug_line    0x0000763e      0x582 ../../../../LUFA/Drivers/USB/Class/Device/HID.o
 .debug_line    0x00007bc0      0x63b ../../../../LUFA/Drivers/USB/Class/Device/MassStorage.o
 .debug_line    0x000081fb      0x45f ../../../../LUFA/Drivers/USB/Class/Device/MIDI.o
 .debug_line    0x0000865a      0x7a0 ../../../../LUFA/Drivers/USB/Class/Device/RNDIS.o
 .debug_line    0x00008dfa      0x4de ../../../../LUFA/Drivers/USB/Class/Host/Audio.o
 .debug_line    0x000092d8      0xa4c ../../../../LUFA/Drivers/USB/Class/Host/CDC.o
 .debug_line    0x00009d24      0x7f6 ../../../../LUFA/Drivers/USB/Class/Host/HID.o
 .debug_line    0x0000a51a      0x9bf ../../../../LUFA/Drivers/USB/Class/Host/MassStorage.o
 .debug_line    0x0000aed9      0x587 ../../../../LUFA/Drivers/USB/Class/Host/MIDI.o
 .debug_line    0x0000b460      0x937 ../../../../LUFA/Drivers/USB/Class/Host/Printer.o
 .debug_line    0x0000bd97      0x948 ../../../../LUFA/Drivers/USB/Class/Host/RNDIS.o
 .debug_line    0x0000c6df      0x92e ../../../../LUFA/Drivers/USB/Class/Host/StillImage.o
 .debug_line    0x0000d00d      0x2a8 ../../../../LUFA/Drivers/Peripheral/AVR8/Serial_AVR8.o

.debug_frame    0x00000000     0x1070
 *(.debug_frame)
 .debug_frame   0x00000000       0x40 MouseHostDevice.o
 .debug_frame   0x00000040       0x20 Descriptors.o
 .debug_frame   0x00000060       0x80 DeviceFunctions.o
 .debug_frame   0x000000e0       0x70 HostFunctions.o
 .debug_frame   0x00000150       0x20 ../../../../LUFA/Drivers/USB/Core/AVR8/Device_AVR8.o
 .debug_frame   0x00000170       0x50 ../../../../LUFA/Drivers/USB/Core/AVR8/Endpoint_AVR8.o
 .debug_frame   0x000001c0       0x40 ../../../../LUFA/Drivers/USB/Core/AVR8/Host_AVR8.o
 .debug_frame   0x00000200       0x50 ../../../../LUFA/Drivers/USB/Core/AVR8/Pipe_AVR8.o
 .debug_frame   0x00000250       0x40 ../../../../LUFA/Drivers/USB/Core/AVR8/USBController_AVR8.o
 .debug_frame   0x00000290       0x40 ../../../../LUFA/Drivers/USB/Core/AVR8/USBInterrupt_AVR8.o
 .debug_frame   0x000002d0      0x170 ../../../../LUFA/Drivers/USB/Core/AVR8/EndpointStream_AVR8.o
 .debug_frame   0x00000440       0xd0 ../../../../LUFA/Drivers/USB/Core/AVR8/PipeStream_AVR8.o
 .debug_frame   0x00000510       0x60 ../../../../LUFA/Drivers/USB/Core/ConfigDescriptor.o
 .debug_frame   0x00000570       0x20 ../../../../LUFA/Drivers/USB/Core/DeviceStandardReq.o
 .debug_frame   0x00000590       0x20 ../../../../LUFA/Drivers/USB/Core/Events.o
 .debug_frame   0x000005b0       0x90 ../../../../LUFA/Drivers/USB/Core/HostStandardReq.o
 .debug_frame   0x00000640       0x20 ../../../../LUFA/Drivers/USB/Core/USBTask.o
 .debug_frame   0x00000660       0x50 ../../../../LUFA/Drivers/USB/Class/Common/HIDParser.o
 .debug_frame   0x000006b0       0x40 ../../../../LUFA/Drivers/USB/Class/Device/Audio.o
 .debug_frame   0x000006f0      0x110 ../../../../LUFA/Drivers/USB/Class/Device/CDC.o
 .debug_frame   0x00000800       0x40 ../../../../LUFA/Drivers/USB/Class/Device/HID.o
 .debug_frame   0x00000840       0x40 ../../../../LUFA/Drivers/USB/Class/Device/MassStorage.o
 .debug_frame   0x00000880       0x60 ../../../../LUFA/Drivers/USB/Class/Device/MIDI.o
 .debug_frame   0x000008e0       0x70 ../../../../LUFA/Drivers/USB/Class/Device/RNDIS.o
 .debug_frame   0x00000950       0x70 ../../../../LUFA/Drivers/USB/Class/Host/Audio.o
 .debug_frame   0x000009c0      0x150 ../../../../LUFA/Drivers/USB/Class/Host/CDC.o
 .debug_frame   0x00000b10       0xc0 ../../../../LUFA/Drivers/USB/Class/Host/HID.o
 .debug_frame   0x00000bd0      0x100 ../../../../LUFA/Drivers/USB/Class/Host/MassStorage.o
 .debug_frame   0x00000cd0       0x80 ../../../../LUFA/Drivers/USB/Class/Host/MIDI.o
 .debug_frame   0x00000d50       0xf0 ../../../../LUFA/Drivers/USB/Class/Host/Printer.o
 .debug_frame   0x00000e40       0xe0 ../../../../LUFA/Drivers/USB/Class/Host/RNDIS.o
 .debug_frame   0x00000f20       0xe0 ../../../../LUFA/Drivers/USB/Class/Host/StillImage.o
 .debug_frame   0x00001000       0x70 ../../../../LUFA/Drivers/Peripheral/AVR8/Serial_AVR8.o

.debug_str      0x00000000     0x626a
 *(.debug_str)
 .debug_str     0x00000000      0x61c MouseHostDevice.o
                                0x6e0 (size before relaxing)
 .debug_str     0x0000061c      0x4a7 Descriptors.o
                                0x63a (size before relaxing)
 .debug_str     0x00000ac3      0x29b DeviceFunctions.o
                                0x530 (size before relaxing)
 .debug_str     0x00000d5e      0x4ae HostFunctions.o
                                0x94b (size before relaxing)
 .debug_str     0x0000120c       0x7d ../../../../LUFA/Drivers/USB/Core/AVR8/Device_AVR8.o
                                0x150 (size before relaxing)
 .debug_str     0x00001289      0x3c7 ../../../../LUFA/Drivers/USB/Core/AVR8/Endpoint_AVR8.o
                                0x4df (size before relaxing)
 .debug_str     0x00001650      0x4ae ../../../../LUFA/Drivers/USB/Core/AVR8/Host_AVR8.o
                                0xa69 (size before relaxing)
 .debug_str     0x00001afe      0x242 ../../../../LUFA/Drivers/USB/Core/AVR8/Pipe_AVR8.o
                                0x541 (size before relaxing)
 .debug_str     0x00001d40      0x228 ../../../../LUFA/Drivers/USB/Core/AVR8/USBController_AVR8.o
                                0x735 (size before relaxing)
 .debug_str     0x00001f68       0xe9 ../../../../LUFA/Drivers/USB/Core/AVR8/USBInterrupt_AVR8.o
                                0x71f (size before relaxing)
 .debug_str     0x00002051      0x4f9 ../../../../LUFA/Drivers/USB/Core/AVR8/EndpointStream_AVR8.o
                                0x77e (size before relaxing)
 .debug_str     0x0000254a      0x243 ../../../../LUFA/Drivers/USB/Core/AVR8/PipeStream_AVR8.o
                                0x38c (size before relaxing)
 .debug_str     0x0000278d      0x277 ../../../../LUFA/Drivers/USB/Core/ConfigDescriptor.o
                                0x7d6 (size before relaxing)
 .debug_str     0x00002a04      0x32a ../../../../LUFA/Drivers/USB/Core/DeviceStandardReq.o
                                0x854 (size before relaxing)
 .debug_str     0x00002d2e       0x3a ../../../../LUFA/Drivers/USB/Core/Events.o
                                0x107 (size before relaxing)
 .debug_str     0x00002d68      0x257 ../../../../LUFA/Drivers/USB/Core/HostStandardReq.o
                                0x9c7 (size before relaxing)
 .debug_str     0x00002fbf       0x86 ../../../../LUFA/Drivers/USB/Core/USBTask.o
                                0x34f (size before relaxing)
 .debug_str     0x00003045      0x303 ../../../../LUFA/Drivers/USB/Class/Common/HIDParser.o
                                0x5f5 (size before relaxing)
 .debug_str     0x00003348      0x282 ../../../../LUFA/Drivers/USB/Class/Device/Audio.o
                                0x5a4 (size before relaxing)
 .debug_str     0x000035ca      0x3ee ../../../../LUFA/Drivers/USB/Class/Device/CDC.o
                                0x9bc (size before relaxing)
 .debug_str     0x000039b8      0x146 ../../../../LUFA/Drivers/USB/Class/Device/HID.o
                                0x5be (size before relaxing)
 .debug_str     0x00003afe      0x238 ../../../../LUFA/Drivers/USB/Class/Device/MassStorage.o
                                0x794 (size before relaxing)
 .debug_str     0x00003d36      0x116 ../../../../LUFA/Drivers/USB/Class/Device/MIDI.o
                                0x621 (size before relaxing)
 .debug_str     0x00003e4c      0x6d6 ../../../../LUFA/Drivers/USB/Class/Device/RNDIS.o
                                0xd18 (size before relaxing)
 .debug_str     0x00004522      0x352 ../../../../LUFA/Drivers/USB/Class/Host/Audio.o
                                0x9a2 (size before relaxing)
 .debug_str     0x00004874      0x46f ../../../../LUFA/Drivers/USB/Class/Host/CDC.o
                                0xe46 (size before relaxing)
 .debug_str     0x00004ce3      0x230 ../../../../LUFA/Drivers/USB/Class/Host/HID.o
                               0x121c (size before relaxing)
 .debug_str     0x00004f13      0x547 ../../../../LUFA/Drivers/USB/Class/Host/MassStorage.o
                                0xfc0 (size before relaxing)
 .debug_str     0x0000545a      0x1db ../../../../LUFA/Drivers/USB/Class/Host/MIDI.o
                                0xb86 (size before relaxing)
 .debug_str     0x00005635      0x37d ../../../../LUFA/Drivers/USB/Class/Host/Printer.o
                                0xcf5 (size before relaxing)
 .debug_str     0x000059b2      0x3ae ../../../../LUFA/Drivers/USB/Class/Host/RNDIS.o
                               0x1201 (size before relaxing)
 .debug_str     0x00005d60      0x40d ../../../../LUFA/Drivers/USB/Class/Host/StillImage.o
                                0xc2c (size before relaxing)
 .debug_str     0x0000616d       0xfd ../../../../LUFA/Drivers/Peripheral/AVR8/Serial_AVR8.o
                                0x255 (size before relaxing)

.debug_loc      0x00000000     0x8449
 *(.debug_loc)
 .debug_loc     0x00000000      0x1a0 Descriptors.o
 .debug_loc     0x000001a0       0x7b DeviceFunctions.o
 .debug_loc     0x0000021b       0x6d HostFunctions.o
 .debug_loc     0x00000288       0x7f ../../../../LUFA/Drivers/USB/Core/AVR8/Endpoint_AVR8.o
 .debug_loc     0x00000307      0x1b9 ../../../../LUFA/Drivers/USB/Core/AVR8/Host_AVR8.o
 .debug_loc     0x000004c0      0x1ca ../../../../LUFA/Drivers/USB/Core/AVR8/Pipe_AVR8.o
 .debug_loc     0x0000068a       0x1e ../../../../LUFA/Drivers/USB/Core/AVR8/USBController_AVR8.o
 .debug_loc     0x000006a8     0x182a ../../../../LUFA/Drivers/USB/Core/AVR8/EndpointStream_AVR8.o
 .debug_loc     0x00001ed2      0xe9e ../../../../LUFA/Drivers/USB/Core/AVR8/PipeStream_AVR8.o
 .debug_loc     0x00002d70      0x3ac ../../../../LUFA/Drivers/USB/Core/ConfigDescriptor.o
 .debug_loc     0x0000311c      0x242 ../../../../LUFA/Drivers/USB/Core/DeviceStandardReq.o
 .debug_loc     0x0000335e      0x310 ../../../../LUFA/Drivers/USB/Core/HostStandardReq.o
 .debug_loc     0x0000366e       0x13 ../../../../LUFA/Drivers/USB/Core/USBTask.o
 .debug_loc     0x00003681      0x477 ../../../../LUFA/Drivers/USB/Class/Common/HIDParser.o
 .debug_loc     0x00003af8      0x159 ../../../../LUFA/Drivers/USB/Class/Device/Audio.o
 .debug_loc     0x00003c51      0x512 ../../../../LUFA/Drivers/USB/Class/Device/CDC.o
 .debug_loc     0x00004163      0x16c ../../../../LUFA/Drivers/USB/Class/Device/HID.o
 .debug_loc     0x000042cf      0x138 ../../../../LUFA/Drivers/USB/Class/Device/MassStorage.o
 .debug_loc     0x00004407      0x23c ../../../../LUFA/Drivers/USB/Class/Device/MIDI.o
 .debug_loc     0x00004643      0x532 ../../../../LUFA/Drivers/USB/Class/Device/RNDIS.o
 .debug_loc     0x00004b75      0x3ae ../../../../LUFA/Drivers/USB/Class/Host/Audio.o
 .debug_loc     0x00004f23      0x713 ../../../../LUFA/Drivers/USB/Class/Host/CDC.o
 .debug_loc     0x00005636      0x77f ../../../../LUFA/Drivers/USB/Class/Host/HID.o
 .debug_loc     0x00005db5      0xaee ../../../../LUFA/Drivers/USB/Class/Host/MassStorage.o
 .debug_loc     0x000068a3      0x372 ../../../../LUFA/Drivers/USB/Class/Host/MIDI.o
 .debug_loc     0x00006c15      0x671 ../../../../LUFA/Drivers/USB/Class/Host/Printer.o
 .debug_loc     0x00007286      0x825 ../../../../LUFA/Drivers/USB/Class/Host/RNDIS.o
 .debug_loc     0x00007aab      0x8d8 ../../../../LUFA/Drivers/USB/Class/Host/StillImage.o
 .debug_loc     0x00008383       0xc6 ../../../../LUFA/Drivers/Peripheral/AVR8/Serial_AVR8.o

.debug_macinfo
 *(.debug_macinfo)
OUTPUT(MouseHostDevice.elf elf32-avr)
LOAD linker stubs

.debug_ranges   0x00000000      0xbc0
 .debug_ranges  0x00000000       0x28 MouseHostDevice.o
 .debug_ranges  0x00000028       0x18 Descriptors.o
 .debug_ranges  0x00000040       0x48 DeviceFunctions.o
 .debug_ranges  0x00000088       0x40 HostFunctions.o
 .debug_ranges  0x000000c8       0x18 ../../../../LUFA/Drivers/USB/Core/AVR8/Device_AVR8.o
 .debug_ranges  0x000000e0       0x30 ../../../../LUFA/Drivers/USB/Core/AVR8/Endpoint_AVR8.o
 .debug_ranges  0x00000110       0x88 ../../../../LUFA/Drivers/USB/Core/AVR8/Host_AVR8.o
 .debug_ranges  0x00000198       0x48 ../../../../LUFA/Drivers/USB/Core/AVR8/Pipe_AVR8.o
 .debug_ranges  0x000001e0       0x28 ../../../../LUFA/Drivers/USB/Core/AVR8/USBController_AVR8.o
 .debug_ranges  0x00000208       0x28 ../../../../LUFA/Drivers/USB/Core/AVR8/USBInterrupt_AVR8.o
 .debug_ranges  0x00000230       0xc0 ../../../../LUFA/Drivers/USB/Core/AVR8/EndpointStream_AVR8.o
 .debug_ranges  0x000002f0       0x70 ../../../../LUFA/Drivers/USB/Core/AVR8/PipeStream_AVR8.o
 .debug_ranges  0x00000360       0x38 ../../../../LUFA/Drivers/USB/Core/ConfigDescriptor.o
 .debug_ranges  0x00000398       0x78 ../../../../LUFA/Drivers/USB/Core/DeviceStandardReq.o
 .debug_ranges  0x00000410       0x18 ../../../../LUFA/Drivers/USB/Core/Events.o
 .debug_ranges  0x00000428       0x50 ../../../../LUFA/Drivers/USB/Core/HostStandardReq.o
 .debug_ranges  0x00000478       0x30 ../../../../LUFA/Drivers/USB/Core/USBTask.o
 .debug_ranges  0x000004a8       0xa0 ../../../../LUFA/Drivers/USB/Class/Common/HIDParser.o
 .debug_ranges  0x00000548       0x28 ../../../../LUFA/Drivers/USB/Class/Device/Audio.o
 .debug_ranges  0x00000570       0x90 ../../../../LUFA/Drivers/USB/Class/Device/CDC.o
 .debug_ranges  0x00000600       0x28 ../../../../LUFA/Drivers/USB/Class/Device/HID.o
 .debug_ranges  0x00000628       0x78 ../../../../LUFA/Drivers/USB/Class/Device/MassStorage.o
 .debug_ranges  0x000006a0       0x38 ../../../../LUFA/Drivers/USB/Class/Device/MIDI.o
 .debug_ranges  0x000006d8       0x88 ../../../../LUFA/Drivers/USB/Class/Device/RNDIS.o
 .debug_ranges  0x00000760       0x58 ../../../../LUFA/Drivers/USB/Class/Host/Audio.o
 .debug_ranges  0x000007b8       0xc8 ../../../../LUFA/Drivers/USB/Class/Host/CDC.o
 .debug_ranges  0x00000880       0x68 ../../../../LUFA/Drivers/USB/Class/Host/HID.o
 .debug_ranges  0x000008e8       0xb0 ../../../../LUFA/Drivers/USB/Class/Host/MassStorage.o
 .debug_ranges  0x00000998       0x48 ../../../../LUFA/Drivers/USB/Class/Host/MIDI.o
 .debug_ranges  0x000009e0       0x80 ../../../../LUFA/Drivers/USB/Class/Host/Printer.o
 .debug_ranges  0x00000a60       0x90 ../../../../LUFA/Drivers/USB/Class/Host/RNDIS.o
 .debug_ranges  0x00000af0       0x78 ../../../../LUFA/Drivers/USB/Class/Host/StillImage.o
 .debug_ranges  0x00000b68       0x58 ../../../../LUFA/Drivers/Peripheral/AVR8/Serial_AVR8.o

Cross Reference Table

Symbol                                            File
Audio_Device_ConfigureEndpoints                   ../../../../LUFA/Drivers/USB/Class/Device/Audio.o
Audio_Device_Event_Stub                           ../../../../LUFA/Drivers/USB/Class/Device/Audio.o
Audio_Device_ProcessControlRequest                ../../../../LUFA/Drivers/USB/Class/Device/Audio.o
Audio_Host_ConfigurePipes                         ../../../../LUFA/Drivers/USB/Class/Host/Audio.o
Audio_Host_GetSetEndpointProperty                 ../../../../LUFA/Drivers/USB/Class/Host/Audio.o
Audio_Host_StartStopStreaming                     ../../../../LUFA/Drivers/USB/Class/Host/Audio.o
CALLBACK_Audio_Device_GetSetEndpointProperty      ../../../../LUFA/Drivers/USB/Class/Device/Audio.o
CALLBACK_HIDParser_FilterHIDReportItem            ../../../../LUFA/Drivers/USB/Class/Common/HIDParser.o
CALLBACK_HID_Device_CreateHIDReport               DeviceFunctions.o
                                                  ../../../../LUFA/Drivers/USB/Class/Device/HID.o
CALLBACK_HID_Device_ProcessHIDReport              DeviceFunctions.o
                                                  ../../../../LUFA/Drivers/USB/Class/Device/HID.o
CALLBACK_MS_Device_SCSICommandReceived            ../../../../LUFA/Drivers/USB/Class/Device/MassStorage.o
CALLBACK_USB_GetDescriptor                        Descriptors.o
                                                  ../../../../LUFA/Drivers/USB/Core/DeviceStandardReq.o
CDC_Device_BytesReceived                          ../../../../LUFA/Drivers/USB/Class/Device/CDC.o
CDC_Device_ConfigureEndpoints                     ../../../../LUFA/Drivers/USB/Class/Device/CDC.o
CDC_Device_CreateBlockingStream                   ../../../../LUFA/Drivers/USB/Class/Device/CDC.o
CDC_Device_CreateStream                           ../../../../LUFA/Drivers/USB/Class/Device/CDC.o
CDC_Device_Event_Stub                             ../../../../LUFA/Drivers/USB/Class/Device/CDC.o
CDC_Device_Flush                                  ../../../../LUFA/Drivers/USB/Class/Device/CDC.o
CDC_Device_ProcessControlRequest                  ../../../../LUFA/Drivers/USB/Class/Device/CDC.o
CDC_Device_ReceiveByte                            ../../../../LUFA/Drivers/USB/Class/Device/CDC.o
CDC_Device_SendByte                               ../../../../LUFA/Drivers/USB/Class/Device/CDC.o
CDC_Device_SendControlLineStateChange             ../../../../LUFA/Drivers/USB/Class/Device/CDC.o
CDC_Device_SendData                               ../../../../LUFA/Drivers/USB/Class/Device/CDC.o
CDC_Device_SendString                             ../../../../LUFA/Drivers/USB/Class/Device/CDC.o
CDC_Device_USBTask                                ../../../../LUFA/Drivers/USB/Class/Device/CDC.o
CDC_Host_BytesReceived                            ../../../../LUFA/Drivers/USB/Class/Host/CDC.o
CDC_Host_ConfigurePipes                           ../../../../LUFA/Drivers/USB/Class/Host/CDC.o
CDC_Host_CreateBlockingStream                     ../../../../LUFA/Drivers/USB/Class/Host/CDC.o
CDC_Host_CreateStream                             ../../../../LUFA/Drivers/USB/Class/Host/CDC.o
CDC_Host_Event_Stub                               ../../../../LUFA/Drivers/USB/Class/Host/CDC.o
CDC_Host_Flush                                    ../../../../LUFA/Drivers/USB/Class/Host/CDC.o
CDC_Host_ReceiveByte                              ../../../../LUFA/Drivers/USB/Class/Host/CDC.o
CDC_Host_SendBreak                                ../../../../LUFA/Drivers/USB/Class/Host/CDC.o
CDC_Host_SendByte                                 ../../../../LUFA/Drivers/USB/Class/Host/CDC.o
CDC_Host_SendControlLineStateChange               ../../../../LUFA/Drivers/USB/Class/Host/CDC.o
CDC_Host_SendData                                 ../../../../LUFA/Drivers/USB/Class/Host/CDC.o
CDC_Host_SendString                               ../../../../LUFA/Drivers/USB/Class/Host/CDC.o
CDC_Host_SetLineEncoding                          ../../../../LUFA/Drivers/USB/Class/Host/CDC.o
CDC_Host_USBTask                                  ../../../../LUFA/Drivers/USB/Class/Host/CDC.o
ConfigurationDescriptor                           Descriptors.o
DeviceDescriptor                                  Descriptors.o
EVENT_Audio_Device_StreamStartStop                ../../../../LUFA/Drivers/USB/Class/Device/Audio.o
EVENT_CDC_Device_BreakSent                        ../../../../LUFA/Drivers/USB/Class/Device/CDC.o
EVENT_CDC_Device_ControLineStateChanged           ../../../../LUFA/Drivers/USB/Class/Device/CDC.o
EVENT_CDC_Device_LineEncodingChanged              ../../../../LUFA/Drivers/USB/Class/Device/CDC.o
EVENT_CDC_Host_ControLineStateChanged             ../../../../LUFA/Drivers/USB/Class/Host/CDC.o
EVENT_USB_Device_ConfigurationChanged             DeviceFunctions.o
                                                  ../../../../LUFA/Drivers/USB/Core/DeviceStandardReq.o
EVENT_USB_Device_Connect                          DeviceFunctions.o
                                                  ../../../../LUFA/Drivers/USB/Core/AVR8/USBInterrupt_AVR8.o
EVENT_USB_Device_ControlRequest                   DeviceFunctions.o
                                                  ../../../../LUFA/Drivers/USB/Core/DeviceStandardReq.o
EVENT_USB_Device_Disconnect                       DeviceFunctions.o
                                                  ../../../../LUFA/Drivers/USB/Core/AVR8/USBInterrupt_AVR8.o
EVENT_USB_Device_Reset                            ../../../../LUFA/Drivers/USB/Core/Events.o
                                                  ../../../../LUFA/Drivers/USB/Core/AVR8/USBInterrupt_AVR8.o
EVENT_USB_Device_StartOfFrame                     DeviceFunctions.o
                                                  ../../../../LUFA/Drivers/USB/Core/AVR8/USBInterrupt_AVR8.o
EVENT_USB_Device_Suspend                          ../../../../LUFA/Drivers/USB/Core/Events.o
                                                  ../../../../LUFA/Drivers/USB/Core/AVR8/USBInterrupt_AVR8.o
EVENT_USB_Device_WakeUp                           ../../../../LUFA/Drivers/USB/Core/Events.o
                                                  ../../../../LUFA/Drivers/USB/Core/AVR8/USBInterrupt_AVR8.o
EVENT_USB_Host_DeviceAttached                     HostFunctions.o
                                                  ../../../../LUFA/Drivers/USB/Core/AVR8/USBInterrupt_AVR8.o
EVENT_USB_Host_DeviceEnumerationComplete          HostFunctions.o
                                                  ../../../../LUFA/Drivers/USB/Core/AVR8/Host_AVR8.o
EVENT_USB_Host_DeviceEnumerationFailed            HostFunctions.o
                                                  ../../../../LUFA/Drivers/USB/Core/AVR8/USBInterrupt_AVR8.o
                                                  ../../../../LUFA/Drivers/USB/Core/AVR8/Host_AVR8.o
EVENT_USB_Host_DeviceUnattached                   HostFunctions.o
                                                  ../../../../LUFA/Drivers/USB/Core/AVR8/USBInterrupt_AVR8.o
                                                  ../../../../LUFA/Drivers/USB/Core/AVR8/Host_AVR8.o
EVENT_USB_Host_HostError                          HostFunctions.o
                                                  ../../../../LUFA/Drivers/USB/Core/AVR8/USBInterrupt_AVR8.o
EVENT_USB_Host_StartOfFrame                       ../../../../LUFA/Drivers/USB/Core/Events.o
                                                  ../../../../LUFA/Drivers/USB/Core/AVR8/USBInterrupt_AVR8.o
EVENT_USB_UIDChange                               MouseHostDevice.o
                                                  ../../../../LUFA/Drivers/USB/Core/AVR8/USBInterrupt_AVR8.o
Endpoint_ClearEndpoints                           ../../../../LUFA/Drivers/USB/Core/AVR8/Endpoint_AVR8.o
Endpoint_ClearStatusStage                         ../../../../LUFA/Drivers/USB/Core/AVR8/Endpoint_AVR8.o
                                                  ../../../../LUFA/Drivers/USB/Class/Device/MassStorage.o
                                                  ../../../../LUFA/Drivers/USB/Class/Device/HID.o
                                                  ../../../../LUFA/Drivers/USB/Class/Device/CDC.o
                                                  ../../../../LUFA/Drivers/USB/Class/Device/Audio.o
                                                  ../../../../LUFA/Drivers/USB/Core/DeviceStandardReq.o
Endpoint_ConfigureEndpoint_Prv                    ../../../../LUFA/Drivers/USB/Core/AVR8/Endpoint_AVR8.o
                                                  ../../../../LUFA/Drivers/USB/Class/Device/RNDIS.o
                                                  ../../../../LUFA/Drivers/USB/Class/Device/MIDI.o
                                                  ../../../../LUFA/Drivers/USB/Class/Device/MassStorage.o
                                                  ../../../../LUFA/Drivers/USB/Class/Device/HID.o
                                                  ../../../../LUFA/Drivers/USB/Class/Device/CDC.o
                                                  ../../../../LUFA/Drivers/USB/Class/Device/Audio.o
                                                  ../../../../LUFA/Drivers/USB/Core/AVR8/USBInterrupt_AVR8.o
                                                  ../../../../LUFA/Drivers/USB/Core/AVR8/USBController_AVR8.o
Endpoint_Discard_Stream                           ../../../../LUFA/Drivers/USB/Core/AVR8/EndpointStream_AVR8.o
Endpoint_Null_Stream                              ../../../../LUFA/Drivers/USB/Core/AVR8/EndpointStream_AVR8.o
Endpoint_Read_Control_EStream_BE                  ../../../../LUFA/Drivers/USB/Core/AVR8/EndpointStream_AVR8.o
Endpoint_Read_Control_EStream_LE                  ../../../../LUFA/Drivers/USB/Core/AVR8/EndpointStream_AVR8.o
Endpoint_Read_Control_Stream_BE                   ../../../../LUFA/Drivers/USB/Core/AVR8/EndpointStream_AVR8.o
Endpoint_Read_Control_Stream_LE                   ../../../../LUFA/Drivers/USB/Core/AVR8/EndpointStream_AVR8.o
                                                  ../../../../LUFA/Drivers/USB/Class/Device/RNDIS.o
                                                  ../../../../LUFA/Drivers/USB/Class/Device/HID.o
                                                  ../../../../LUFA/Drivers/USB/Class/Device/CDC.o
                                                  ../../../../LUFA/Drivers/USB/Class/Device/Audio.o
Endpoint_Read_EStream_BE                          ../../../../LUFA/Drivers/USB/Core/AVR8/EndpointStream_AVR8.o
Endpoint_Read_EStream_LE                          ../../../../LUFA/Drivers/USB/Core/AVR8/EndpointStream_AVR8.o
Endpoint_Read_Stream_BE                           ../../../../LUFA/Drivers/USB/Core/AVR8/EndpointStream_AVR8.o
Endpoint_Read_Stream_LE                           ../../../../LUFA/Drivers/USB/Core/AVR8/EndpointStream_AVR8.o
                                                  ../../../../LUFA/Drivers/USB/Class/Device/RNDIS.o
                                                  ../../../../LUFA/Drivers/USB/Class/Device/MIDI.o
                                                  ../../../../LUFA/Drivers/USB/Class/Device/MassStorage.o
Endpoint_WaitUntilReady                           ../../../../LUFA/Drivers/USB/Core/AVR8/Endpoint_AVR8.o
                                                  ../../../../LUFA/Drivers/USB/Class/Device/RNDIS.o
                                                  ../../../../LUFA/Drivers/USB/Class/Device/MIDI.o
                                                  ../../../../LUFA/Drivers/USB/Class/Device/CDC.o
                                                  ../../../../LUFA/Drivers/USB/Core/AVR8/EndpointStream_AVR8.o
Endpoint_Write_Control_EStream_BE                 ../../../../LUFA/Drivers/USB/Core/AVR8/EndpointStream_AVR8.o
Endpoint_Write_Control_EStream_LE                 ../../../../LUFA/Drivers/USB/Core/AVR8/EndpointStream_AVR8.o
Endpoint_Write_Control_PStream_BE                 ../../../../LUFA/Drivers/USB/Core/AVR8/EndpointStream_AVR8.o
Endpoint_Write_Control_PStream_LE                 ../../../../LUFA/Drivers/USB/Core/AVR8/EndpointStream_AVR8.o
                                                  ../../../../LUFA/Drivers/USB/Core/DeviceStandardReq.o
Endpoint_Write_Control_Stream_BE                  ../../../../LUFA/Drivers/USB/Core/AVR8/EndpointStream_AVR8.o
Endpoint_Write_Control_Stream_LE                  ../../../../LUFA/Drivers/USB/Core/AVR8/EndpointStream_AVR8.o
                                                  ../../../../LUFA/Drivers/USB/Class/Device/RNDIS.o
                                                  ../../../../LUFA/Drivers/USB/Class/Device/HID.o
                                                  ../../../../LUFA/Drivers/USB/Class/Device/CDC.o
                                                  ../../../../LUFA/Drivers/USB/Class/Device/Audio.o
                                                  ../../../../LUFA/Drivers/USB/Core/DeviceStandardReq.o
Endpoint_Write_EStream_BE                         ../../../../LUFA/Drivers/USB/Core/AVR8/EndpointStream_AVR8.o
Endpoint_Write_EStream_LE                         ../../../../LUFA/Drivers/USB/Core/AVR8/EndpointStream_AVR8.o
Endpoint_Write_PStream_BE                         ../../../../LUFA/Drivers/USB/Core/AVR8/EndpointStream_AVR8.o
Endpoint_Write_PStream_LE                         ../../../../LUFA/Drivers/USB/Core/AVR8/EndpointStream_AVR8.o
Endpoint_Write_Stream_BE                          ../../../../LUFA/Drivers/USB/Core/AVR8/EndpointStream_AVR8.o
Endpoint_Write_Stream_LE                          ../../../../LUFA/Drivers/USB/Core/AVR8/EndpointStream_AVR8.o
                                                  ../../../../LUFA/Drivers/USB/Class/Device/RNDIS.o
                                                  ../../../../LUFA/Drivers/USB/Class/Device/MIDI.o
                                                  ../../../../LUFA/Drivers/USB/Class/Device/MassStorage.o
                                                  ../../../../LUFA/Drivers/USB/Class/Device/HID.o
                                                  ../../../../LUFA/Drivers/USB/Class/Device/CDC.o
HID_Device_ConfigureEndpoints                     ../../../../LUFA/Drivers/USB/Class/Device/HID.o
                                                  DeviceFunctions.o
HID_Device_ProcessControlRequest                  ../../../../LUFA/Drivers/USB/Class/Device/HID.o
                                                  DeviceFunctions.o
HID_Device_USBTask                                ../../../../LUFA/Drivers/USB/Class/Device/HID.o
                                                  MouseHostDevice.o
HID_Host_ConfigurePipes                           ../../../../LUFA/Drivers/USB/Class/Host/HID.o
                                                  HostFunctions.o
HID_Host_IsReportReceived                         ../../../../LUFA/Drivers/USB/Class/Host/HID.o
                                                  HostFunctions.o
HID_Host_ReceiveReport                            ../../../../LUFA/Drivers/USB/Class/Host/HID.o
                                                  HostFunctions.o
HID_Host_ReceiveReportByID                        ../../../../LUFA/Drivers/USB/Class/Host/HID.o
HID_Host_SendReportByID                           ../../../../LUFA/Drivers/USB/Class/Host/HID.o
HID_Host_SetBootProtocol                          ../../../../LUFA/Drivers/USB/Class/Host/HID.o
                                                  HostFunctions.o
HID_Host_SetIdlePeriod                            ../../../../LUFA/Drivers/USB/Class/Host/HID.o
HID_Host_SetReportProtocol                        ../../../../LUFA/Drivers/USB/Class/Host/HID.o
LanguageString                                    Descriptors.o
MIDI_Device_ConfigureEndpoints                    ../../../../LUFA/Drivers/USB/Class/Device/MIDI.o
MIDI_Device_Flush                                 ../../../../LUFA/Drivers/USB/Class/Device/MIDI.o
MIDI_Device_ReceiveEventPacket                    ../../../../LUFA/Drivers/USB/Class/Device/MIDI.o
MIDI_Device_SendEventPacket                       ../../../../LUFA/Drivers/USB/Class/Device/MIDI.o
MIDI_Device_USBTask                               ../../../../LUFA/Drivers/USB/Class/Device/MIDI.o
MIDI_Host_ConfigurePipes                          ../../../../LUFA/Drivers/USB/Class/Host/MIDI.o
MIDI_Host_Flush                                   ../../../../LUFA/Drivers/USB/Class/Host/MIDI.o
MIDI_Host_ReceiveEventPacket                      ../../../../LUFA/Drivers/USB/Class/Host/MIDI.o
MIDI_Host_SendEventPacket                         ../../../../LUFA/Drivers/USB/Class/Host/MIDI.o
MIDI_Host_USBTask                                 ../../../../LUFA/Drivers/USB/Class/Host/MIDI.o
MS_Device_ConfigureEndpoints                      ../../../../LUFA/Drivers/USB/Class/Device/MassStorage.o
MS_Device_ProcessControlRequest                   ../../../../LUFA/Drivers/USB/Class/Device/MassStorage.o
MS_Device_USBTask                                 ../../../../LUFA/Drivers/USB/Class/Device/MassStorage.o
MS_Host_ConfigurePipes                            ../../../../LUFA/Drivers/USB/Class/Host/MassStorage.o
MS_Host_GetInquiryData                            ../../../../LUFA/Drivers/USB/Class/Host/MassStorage.o
MS_Host_GetMaxLUN                                 ../../../../LUFA/Drivers/USB/Class/Host/MassStorage.o
MS_Host_PreventAllowMediumRemoval                 ../../../../LUFA/Drivers/USB/Class/Host/MassStorage.o
MS_Host_ReadDeviceBlocks                          ../../../../LUFA/Drivers/USB/Class/Host/MassStorage.o
MS_Host_ReadDeviceCapacity                        ../../../../LUFA/Drivers/USB/Class/Host/MassStorage.o
MS_Host_RequestSense                              ../../../../LUFA/Drivers/USB/Class/Host/MassStorage.o
MS_Host_ResetMSInterface                          ../../../../LUFA/Drivers/USB/Class/Host/MassStorage.o
MS_Host_TestUnitReady                             ../../../../LUFA/Drivers/USB/Class/Host/MassStorage.o
MS_Host_WriteDeviceBlocks                         ../../../../LUFA/Drivers/USB/Class/Host/MassStorage.o
ManufacturerString                                Descriptors.o
MouseHost_Task                                    HostFunctions.o
                                                  MouseHostDevice.o
MouseReport                                       Descriptors.o
Mouse_HID_Device_Interface                        DeviceFunctions.o
                                                  MouseHostDevice.o
Mouse_HID_Host_Interface                          HostFunctions.o
PRNT_Host_BytesReceived                           ../../../../LUFA/Drivers/USB/Class/Host/Printer.o
PRNT_Host_ConfigurePipes                          ../../../../LUFA/Drivers/USB/Class/Host/Printer.o
PRNT_Host_Flush                                   ../../../../LUFA/Drivers/USB/Class/Host/Printer.o
PRNT_Host_GetDeviceID                             ../../../../LUFA/Drivers/USB/Class/Host/Printer.o
PRNT_Host_GetPortStatus                           ../../../../LUFA/Drivers/USB/Class/Host/Printer.o
PRNT_Host_ReceiveByte                             ../../../../LUFA/Drivers/USB/Class/Host/Printer.o
PRNT_Host_SendByte                                ../../../../LUFA/Drivers/USB/Class/Host/Printer.o
PRNT_Host_SendData                                ../../../../LUFA/Drivers/USB/Class/Host/Printer.o
PRNT_Host_SendString                              ../../../../LUFA/Drivers/USB/Class/Host/Printer.o
PRNT_Host_SetBidirectionalMode                    ../../../../LUFA/Drivers/USB/Class/Host/Printer.o
PRNT_Host_SoftReset                               ../../../../LUFA/Drivers/USB/Class/Host/Printer.o
PRNT_Host_USBTask                                 ../../../../LUFA/Drivers/USB/Class/Host/Printer.o
Pipe_ClearPipes                                   ../../../../LUFA/Drivers/USB/Core/AVR8/Pipe_AVR8.o
                                                  ../../../../LUFA/Drivers/USB/Core/AVR8/Host_AVR8.o
Pipe_ConfigurePipe                                ../../../../LUFA/Drivers/USB/Core/AVR8/Pipe_AVR8.o
                                                  ../../../../LUFA/Drivers/USB/Class/Host/StillImage.o
                                                  ../../../../LUFA/Drivers/USB/Class/Host/RNDIS.o
                                                  ../../../../LUFA/Drivers/USB/Class/Host/Printer.o
                                                  ../../../../LUFA/Drivers/USB/Class/Host/MIDI.o
                                                  ../../../../LUFA/Drivers/USB/Class/Host/MassStorage.o
                                                  ../../../../LUFA/Drivers/USB/Class/Host/HID.o
                                                  ../../../../LUFA/Drivers/USB/Class/Host/CDC.o
                                                  ../../../../LUFA/Drivers/USB/Class/Host/Audio.o
                                                  ../../../../LUFA/Drivers/USB/Core/AVR8/Host_AVR8.o
Pipe_Discard_Stream                               ../../../../LUFA/Drivers/USB/Core/AVR8/PipeStream_AVR8.o
                                                  ../../../../LUFA/Drivers/USB/Class/Host/RNDIS.o
Pipe_IsEndpointBound                              ../../../../LUFA/Drivers/USB/Core/AVR8/Pipe_AVR8.o
                                                  ../../../../LUFA/Drivers/USB/Class/Host/StillImage.o
                                                  ../../../../LUFA/Drivers/USB/Class/Host/RNDIS.o
                                                  ../../../../LUFA/Drivers/USB/Class/Host/MIDI.o
                                                  ../../../../LUFA/Drivers/USB/Class/Host/MassStorage.o
                                                  ../../../../LUFA/Drivers/USB/Class/Host/HID.o
                                                  ../../../../LUFA/Drivers/USB/Class/Host/CDC.o
Pipe_Null_Stream                                  ../../../../LUFA/Drivers/USB/Core/AVR8/PipeStream_AVR8.o
Pipe_Read_EStream_BE                              ../../../../LUFA/Drivers/USB/Core/AVR8/PipeStream_AVR8.o
Pipe_Read_EStream_LE                              ../../../../LUFA/Drivers/USB/Core/AVR8/PipeStream_AVR8.o
Pipe_Read_Stream_BE                               ../../../../LUFA/Drivers/USB/Core/AVR8/PipeStream_AVR8.o
Pipe_Read_Stream_LE                               ../../../../LUFA/Drivers/USB/Core/AVR8/PipeStream_AVR8.o
                                                  ../../../../LUFA/Drivers/USB/Class/Host/StillImage.o
                                                  ../../../../LUFA/Drivers/USB/Class/Host/RNDIS.o
                                                  ../../../../LUFA/Drivers/USB/Class/Host/MIDI.o
                                                  ../../../../LUFA/Drivers/USB/Class/Host/MassStorage.o
                                                  ../../../../LUFA/Drivers/USB/Class/Host/HID.o
                                                  ../../../../LUFA/Drivers/USB/Class/Host/CDC.o
Pipe_WaitUntilReady                               ../../../../LUFA/Drivers/USB/Core/AVR8/Pipe_AVR8.o
                                                  ../../../../LUFA/Drivers/USB/Class/Host/Printer.o
                                                  ../../../../LUFA/Drivers/USB/Class/Host/MIDI.o
                                                  ../../../../LUFA/Drivers/USB/Class/Host/MassStorage.o
                                                  ../../../../LUFA/Drivers/USB/Class/Host/CDC.o
                                                  ../../../../LUFA/Drivers/USB/Core/AVR8/PipeStream_AVR8.o
Pipe_Write_EStream_BE                             ../../../../LUFA/Drivers/USB/Core/AVR8/PipeStream_AVR8.o
Pipe_Write_EStream_LE                             ../../../../LUFA/Drivers/USB/Core/AVR8/PipeStream_AVR8.o
Pipe_Write_PStream_BE                             ../../../../LUFA/Drivers/USB/Core/AVR8/PipeStream_AVR8.o
Pipe_Write_PStream_LE                             ../../../../LUFA/Drivers/USB/Core/AVR8/PipeStream_AVR8.o
Pipe_Write_Stream_BE                              ../../../../LUFA/Drivers/USB/Core/AVR8/PipeStream_AVR8.o
Pipe_Write_Stream_LE                              ../../../../LUFA/Drivers/USB/Core/AVR8/PipeStream_AVR8.o
                                                  ../../../../LUFA/Drivers/USB/Class/Host/StillImage.o
                                                  ../../../../LUFA/Drivers/USB/Class/Host/RNDIS.o
                                                  ../../../../LUFA/Drivers/USB/Class/Host/Printer.o
                                                  ../../../../LUFA/Drivers/USB/Class/Host/MIDI.o
                                                  ../../../../LUFA/Drivers/USB/Class/Host/MassStorage.o
                                                  ../../../../LUFA/Drivers/USB/Class/Host/HID.o
                                                  ../../../../LUFA/Drivers/USB/Class/Host/CDC.o
ProductString                                     Descriptors.o
RNDIS_Device_ConfigureEndpoints                   ../../../../LUFA/Drivers/USB/Class/Device/RNDIS.o
RNDIS_Device_IsPacketReceived                     ../../../../LUFA/Drivers/USB/Class/Device/RNDIS.o
RNDIS_Device_ProcessControlRequest                ../../../../LUFA/Drivers/USB/Class/Device/RNDIS.o
RNDIS_Device_ReadPacket                           ../../../../LUFA/Drivers/USB/Class/Device/RNDIS.o
RNDIS_Device_SendPacket                           ../../../../LUFA/Drivers/USB/Class/Device/RNDIS.o
RNDIS_Device_USBTask                              ../../../../LUFA/Drivers/USB/Class/Device/RNDIS.o
RNDIS_Host_ConfigurePipes                         ../../../../LUFA/Drivers/USB/Class/Host/RNDIS.o
RNDIS_Host_InitializeDevice                       ../../../../LUFA/Drivers/USB/Class/Host/RNDIS.o
RNDIS_Host_IsPacketReceived                       ../../../../LUFA/Drivers/USB/Class/Host/RNDIS.o
RNDIS_Host_QueryRNDISProperty                     ../../../../LUFA/Drivers/USB/Class/Host/RNDIS.o
RNDIS_Host_ReadPacket                             ../../../../LUFA/Drivers/USB/Class/Host/RNDIS.o
RNDIS_Host_SendKeepAlive                          ../../../../LUFA/Drivers/USB/Class/Host/RNDIS.o
RNDIS_Host_SendPacket                             ../../../../LUFA/Drivers/USB/Class/Host/RNDIS.o
RNDIS_Host_SetRNDISProperty                       ../../../../LUFA/Drivers/USB/Class/Host/RNDIS.o
SI_Host_CloseSession                              ../../../../LUFA/Drivers/USB/Class/Host/StillImage.o
SI_Host_ConfigurePipes                            ../../../../LUFA/Drivers/USB/Class/Host/StillImage.o
SI_Host_IsEventReceived                           ../../../../LUFA/Drivers/USB/Class/Host/StillImage.o
SI_Host_OpenSession                               ../../../../LUFA/Drivers/USB/Class/Host/StillImage.o
SI_Host_ReadData                                  ../../../../LUFA/Drivers/USB/Class/Host/StillImage.o
SI_Host_ReceiveBlockHeader                        ../../../../LUFA/Drivers/USB/Class/Host/StillImage.o
SI_Host_ReceiveEventHeader                        ../../../../LUFA/Drivers/USB/Class/Host/StillImage.o
SI_Host_ReceiveResponse                           ../../../../LUFA/Drivers/USB/Class/Host/StillImage.o
SI_Host_SendBlockHeader                           ../../../../LUFA/Drivers/USB/Class/Host/StillImage.o
SI_Host_SendCommand                               ../../../../LUFA/Drivers/USB/Class/Host/StillImage.o
SI_Host_SendData                                  ../../../../LUFA/Drivers/USB/Class/Host/StillImage.o
Serial_SendData                                   ../../../../LUFA/Drivers/Peripheral/AVR8/Serial_AVR8.o
Serial_SendString                                 ../../../../LUFA/Drivers/Peripheral/AVR8/Serial_AVR8.o
Serial_SendString_P                               ../../../../LUFA/Drivers/Peripheral/AVR8/Serial_AVR8.o
Serial_getchar                                    ../../../../LUFA/Drivers/Peripheral/AVR8/Serial_AVR8.o
                                                  MouseHostDevice.o
Serial_getchar_Blocking                           ../../../../LUFA/Drivers/Peripheral/AVR8/Serial_AVR8.o
Serial_putchar                                    ../../../../LUFA/Drivers/Peripheral/AVR8/Serial_AVR8.o
                                                  MouseHostDevice.o
SetupHardware                                     MouseHostDevice.o
USARTSerialStream                                 ../../../../LUFA/Drivers/Peripheral/AVR8/Serial_AVR8.o
                                                  MouseHostDevice.o
USB_ControlRequest                                ../../../../LUFA/Drivers/USB/Class/Host/RNDIS.o
                                                  ../../../../LUFA/Drivers/USB/Class/Host/Printer.o
                                                  ../../../../LUFA/Drivers/USB/Class/Host/MassStorage.o
                                                  ../../../../LUFA/Drivers/USB/Class/Host/HID.o
                                                  ../../../../LUFA/Drivers/USB/Class/Host/CDC.o
                                                  ../../../../LUFA/Drivers/USB/Class/Host/Audio.o
                                                  ../../../../LUFA/Drivers/USB/Class/Device/RNDIS.o
                                                  ../../../../LUFA/Drivers/USB/Class/Device/MassStorage.o
                                                  ../../../../LUFA/Drivers/USB/Class/Device/HID.o
                                                  ../../../../LUFA/Drivers/USB/Class/Device/CDC.o
                                                  ../../../../LUFA/Drivers/USB/Class/Device/Audio.o
                                                  ../../../../LUFA/Drivers/USB/Core/USBTask.o
                                                  ../../../../LUFA/Drivers/USB/Core/HostStandardReq.o
                                                  ../../../../LUFA/Drivers/USB/Core/DeviceStandardReq.o
                                                  ../../../../LUFA/Drivers/USB/Core/ConfigDescriptor.o
                                                  ../../../../LUFA/Drivers/USB/Core/AVR8/EndpointStream_AVR8.o
                                                  ../../../../LUFA/Drivers/USB/Core/AVR8/Host_AVR8.o
                                                  ../../../../LUFA/Drivers/USB/Core/AVR8/Endpoint_AVR8.o
USB_CurrentMode                                   ../../../../LUFA/Drivers/USB/Core/AVR8/USBController_AVR8.o
                                                  ../../../../LUFA/Drivers/USB/Core/USBTask.o
                                                  ../../../../LUFA/Drivers/USB/Core/AVR8/USBInterrupt_AVR8.o
                                                  ../../../../LUFA/Drivers/USB/Core/AVR8/Host_AVR8.o
                                                  MouseHostDevice.o
USB_DeviceState                                   ../../../../LUFA/Drivers/USB/Class/Device/RNDIS.o
                                                  ../../../../LUFA/Drivers/USB/Class/Device/MIDI.o
                                                  ../../../../LUFA/Drivers/USB/Class/Device/MassStorage.o
                                                  ../../../../LUFA/Drivers/USB/Class/Device/HID.o
                                                  ../../../../LUFA/Drivers/USB/Class/Device/CDC.o
                                                  ../../../../LUFA/Drivers/USB/Core/USBTask.o
                                                  ../../../../LUFA/Drivers/USB/Core/DeviceStandardReq.o
                                                  ../../../../LUFA/Drivers/USB/Core/AVR8/EndpointStream_AVR8.o
                                                  ../../../../LUFA/Drivers/USB/Core/AVR8/USBInterrupt_AVR8.o
                                                  ../../../../LUFA/Drivers/USB/Core/AVR8/USBController_AVR8.o
                                                  ../../../../LUFA/Drivers/USB/Core/AVR8/Endpoint_AVR8.o
USB_Device_ConfigurationNumber                    ../../../../LUFA/Drivers/USB/Core/DeviceStandardReq.o
                                                  ../../../../LUFA/Drivers/USB/Core/AVR8/USBInterrupt_AVR8.o
                                                  ../../../../LUFA/Drivers/USB/Core/AVR8/USBController_AVR8.o
USB_Device_CurrentlySelfPowered                   ../../../../LUFA/Drivers/USB/Core/DeviceStandardReq.o
                                                  ../../../../LUFA/Drivers/USB/Core/AVR8/USBController_AVR8.o
USB_Device_ProcessControlRequest                  ../../../../LUFA/Drivers/USB/Core/DeviceStandardReq.o
                                                  ../../../../LUFA/Drivers/USB/Core/USBTask.o
USB_Device_RemoteWakeupEnabled                    ../../../../LUFA/Drivers/USB/Core/DeviceStandardReq.o
                                                  ../../../../LUFA/Drivers/USB/Core/AVR8/USBController_AVR8.o
USB_Device_SendRemoteWakeup                       ../../../../LUFA/Drivers/USB/Core/AVR8/Device_AVR8.o
USB_Disable                                       ../../../../LUFA/Drivers/USB/Core/AVR8/USBController_AVR8.o
                                                  HostFunctions.o
USB_Event_Stub                                    ../../../../LUFA/Drivers/USB/Core/Events.o
USB_GetHIDReportItemInfo                          ../../../../LUFA/Drivers/USB/Class/Common/HIDParser.o
USB_GetHIDReportSize                              ../../../../LUFA/Drivers/USB/Class/Common/HIDParser.o
                                                  ../../../../LUFA/Drivers/USB/Class/Host/HID.o
USB_GetNextDescriptorComp                         ../../../../LUFA/Drivers/USB/Core/ConfigDescriptor.o
                                                  ../../../../LUFA/Drivers/USB/Class/Host/StillImage.o
                                                  ../../../../LUFA/Drivers/USB/Class/Host/RNDIS.o
                                                  ../../../../LUFA/Drivers/USB/Class/Host/Printer.o
                                                  ../../../../LUFA/Drivers/USB/Class/Host/MIDI.o
                                                  ../../../../LUFA/Drivers/USB/Class/Host/MassStorage.o
                                                  ../../../../LUFA/Drivers/USB/Class/Host/HID.o
                                                  ../../../../LUFA/Drivers/USB/Class/Host/CDC.o
                                                  ../../../../LUFA/Drivers/USB/Class/Host/Audio.o
USB_GetNextDescriptorOfType                       ../../../../LUFA/Drivers/USB/Core/ConfigDescriptor.o
USB_GetNextDescriptorOfTypeAfter                  ../../../../LUFA/Drivers/USB/Core/ConfigDescriptor.o
USB_GetNextDescriptorOfTypeBefore                 ../../../../LUFA/Drivers/USB/Core/ConfigDescriptor.o
USB_HostState                                     ../../../../LUFA/Drivers/USB/Class/Host/StillImage.o
                                                  ../../../../LUFA/Drivers/USB/Class/Host/RNDIS.o
                                                  ../../../../LUFA/Drivers/USB/Class/Host/Printer.o
                                                  ../../../../LUFA/Drivers/USB/Class/Host/MIDI.o
                                                  ../../../../LUFA/Drivers/USB/Class/Host/MassStorage.o
                                                  ../../../../LUFA/Drivers/USB/Class/Host/HID.o
                                                  ../../../../LUFA/Drivers/USB/Class/Host/CDC.o
                                                  ../../../../LUFA/Drivers/USB/Core/USBTask.o
                                                  ../../../../LUFA/Drivers/USB/Core/HostStandardReq.o
                                                  ../../../../LUFA/Drivers/USB/Core/AVR8/USBInterrupt_AVR8.o
                                                  ../../../../LUFA/Drivers/USB/Core/AVR8/USBController_AVR8.o
                                                  ../../../../LUFA/Drivers/USB/Core/AVR8/Pipe_AVR8.o
                                                  ../../../../LUFA/Drivers/USB/Core/AVR8/Host_AVR8.o
                                                  HostFunctions.o
USB_Host_ClearPipeStall                           ../../../../LUFA/Drivers/USB/Core/HostStandardReq.o
                                                  ../../../../LUFA/Drivers/USB/Class/Host/StillImage.o
                                                  ../../../../LUFA/Drivers/USB/Class/Host/MassStorage.o
USB_Host_ConfigurationNumber                      ../../../../LUFA/Drivers/USB/Core/HostStandardReq.o
                                                  ../../../../LUFA/Drivers/USB/Core/AVR8/USBController_AVR8.o
                                                  ../../../../LUFA/Drivers/USB/Core/AVR8/Host_AVR8.o
USB_Host_ControlPipeSize                          ../../../../LUFA/Drivers/USB/Core/AVR8/Pipe_AVR8.o
                                                  ../../../../LUFA/Drivers/USB/Core/HostStandardReq.o
                                                  ../../../../LUFA/Drivers/USB/Core/AVR8/USBController_AVR8.o
                                                  ../../../../LUFA/Drivers/USB/Core/AVR8/Host_AVR8.o
USB_Host_GetDeviceConfigDescriptor                ../../../../LUFA/Drivers/USB/Core/ConfigDescriptor.o
                                                  HostFunctions.o
USB_Host_GetDeviceDescriptor                      ../../../../LUFA/Drivers/USB/Core/HostStandardReq.o
USB_Host_GetDeviceStatus                          ../../../../LUFA/Drivers/USB/Core/HostStandardReq.o
USB_Host_GetDeviceStringDescriptor                ../../../../LUFA/Drivers/USB/Core/HostStandardReq.o
USB_Host_ProcessNextHostState                     ../../../../LUFA/Drivers/USB/Core/AVR8/Host_AVR8.o
                                                  ../../../../LUFA/Drivers/USB/Core/USBTask.o
USB_Host_SendControlRequest                       ../../../../LUFA/Drivers/USB/Core/HostStandardReq.o
                                                  ../../../../LUFA/Drivers/USB/Class/Host/RNDIS.o
                                                  ../../../../LUFA/Drivers/USB/Class/Host/Printer.o
                                                  ../../../../LUFA/Drivers/USB/Class/Host/MassStorage.o
                                                  ../../../../LUFA/Drivers/USB/Class/Host/HID.o
                                                  ../../../../LUFA/Drivers/USB/Class/Host/CDC.o
                                                  ../../../../LUFA/Drivers/USB/Class/Host/Audio.o
                                                  ../../../../LUFA/Drivers/USB/Core/ConfigDescriptor.o
                                                  ../../../../LUFA/Drivers/USB/Core/AVR8/Host_AVR8.o
USB_Host_SetDeviceConfiguration                   ../../../../LUFA/Drivers/USB/Core/HostStandardReq.o
                                                  HostFunctions.o
USB_Host_SetInterfaceAltSetting                   ../../../../LUFA/Drivers/USB/Core/HostStandardReq.o